<html>
<body>
<pre>
<h1>礦ision Build Log</h1>
<h2>Tool Versions:</h2>
IDE-Version: μVision V5.14.0.0
Copyright (C) 2015 ARM Ltd and ARM Germany GmbH. All rights reserved.
License Information: 55 55, 55, LIC=SDAPC-7Z400-RXHUD-88F65-EUBXV-X541M
 
Tool Versions:
Toolchain:       MDK-ARM Standard  Version: 5.14.0.0
Toolchain Path:  C:\Keil_v5\ARM\ARMCC\Bin
C Compiler:      Armcc.exe V5.05 update 1 (build 106)
Assembler:       Armasm.exe V5.05 update 1 (build 106)
Linker/Locator:  ArmLink.exe V5.05 update 1 (build 106)
Library Manager: ArmAr.exe V5.05 update 1 (build 106)
Hex Converter:   FromElf.exe V5.05 update 1 (build 106)
CPU DLL:         SARMCM3.DLL V5.14.0.0
Dialog DLL:      DARMCM1.DLL V1.12.0.0
Target DLL:      UL2CM3.DLL V1.155.0.0
Dialog DLL:      TARMCM1.DLL V1.9.0.0
 
<h2>Project:</h2>
D:\方经理\软件\ec200s\EC200S测试\User\STM32F030Demo.uvprojx
Project File Date:  07/23/2020

<h2>Output:</h2>
Rebuild target 'DQHZAPP'
compiling main.c...
main.c(379): warning:  #940-D: missing return statement at end of non-void function "adcx_get"
  }
main.c: 1 warning, 0 errors
compiling stm32f0xx_it.c...
compiling system_stm32f0xx.c...
assembling startup_stm32f030xc.s...
compiling Flash_Mem.c...
compiling USART1.c...
..\HARDWARE\USART1.c(401): warning:  #177-D: variable "i" was declared but never referenced
      u8 i,cc,len;
..\HARDWARE\USART1.c(1298): warning:  #167-D: argument of type "u8 *" is incompatible with parameter of type "char *restrict"
      sprintf(SendJsong,"AT+QMTPUBEX=0,0,0,0,\"/sys/%s/%s/thing/event/property/post\",%d",ProductKey,DeviceName,len);
..\HARDWARE\USART1.c(1295): warning:  #177-D: variable "i" was declared but never referenced
      u8 i=0;
..\HARDWARE\USART1.c(1310): warning:  #167-D: argument of type "u8 *" is incompatible with parameter of type "char *restrict"
      sprintf(a1,"{\"params\":{\"RSSI\":%d,\"BV\":%4.2f,\"SIMID\":\"%s\",\"Version\":\"%s\"}}\r\n",RSSI,12.3,SIMID,Version);
..\HARDWARE\USART1.c(1311): warning:  #167-D: argument of type "u8 *" is incompatible with parameter of type "const char *"
      len=strlen(a1);
..\HARDWARE\USART1.c(1309): warning:  #177-D: variable "strx" was declared but never referenced
          char *strx=0;
..\HARDWARE\USART1.c(1335): warning:  #1-D: last line of file ends without a newline
  }
..\HARDWARE\USART1.c: 7 warnings, 0 errors
compiling rtc.c...
compiling adc.c...
compiling dht11.c...
compiling delay.c...
compiling stm32f0xx_gpio.c...
compiling stm32f0xx_rcc.c...
compiling stm32f0xx_misc.c...
compiling stm32f0xx_usart.c...
compiling stm32f0xx_adc.c...
compiling stm32f0xx_cec.c...
compiling stm32f0xx_comp.c...
compiling stm32f0xx_crc.c...
compiling stm32f0xx_dac.c...
compiling stm32f0xx_dbgmcu.c...
compiling stm32f0xx_dma.c...
compiling stm32f0xx_exti.c...
compiling stm32f0xx_flash.c...
compiling stm32f0xx_i2c.c...
compiling stm32f0xx_iwdg.c...
compiling stm32f0xx_pwr.c...
compiling stm32f0xx_rtc.c...
compiling stm32f0xx_spi.c...
compiling stm32f0xx_syscfg.c...
compiling stm32f0xx_tim.c...
compiling stm32f0xx_wwdg.c...
linking...
Program Size: Code=26112 RO-data=804 RW-data=164 ZI-data=5012  
After Build - User command #1: C:\Keil_v5\ARM\ARMCC\bin\fromelf.exe --bin -o  ..\OBJ\DQHZAPP.bin  ..\OBJ\DQHZAPP.axf
"..\OBJ\DQHZAPP.axf" - 0 Error(s), 8 Warning(s).

<h2>Collection of Component include folders:</h2>
  D:\方经理\软件\ec200s\EC200S测试\User\RTE
  C:\Keil_v5\ARM\PACK\Keil\STM32F0xx_DFP\2.1.0

<h2>Collection of Component Files used:</h2>
</pre>
</body>
</html>
