<html>
<body>
<pre>
<h1>礦ision Build Log</h1>
<h2>Tool Versions:</h2>
IDE-Version: μVision V5.27.1.0
Copyright (C) 2019 ARM Ltd and ARM Germany GmbH. All rights reserved.
License Information: 11 buaa203, 11, LIC=47GLQ-N4HP1-SA0DJ-UW87C-X8RH6-RIFQU
 
Tool Versions:
Toolchain:       MDK-ARM Plus  Version: 5.27.1.0
Toolchain Path:  D:\keil\v5\ARM\ARMCC\Bin
C Compiler:      Armcc.exe V5.06 update 6 (build 750)
Assembler:       Armasm.exe V5.06 update 6 (build 750)
Linker/Locator:  ArmLink.exe V5.06 update 6 (build 750)
Library Manager: ArmAr.exe V5.06 update 6 (build 750)
Hex Converter:   FromElf.exe V5.06 update 6 (build 750)
CPU DLL:         SARMCM3.DLL V5.27.1.0
Dialog DLL:      DARMCM1.DLL V1.19.2.0
Target DLL:      STLink\ST-LINKIII-KEIL_SWO.dll V3.0.6.0
Dialog DLL:      TARMCM1.DLL V1.14.1.0
 
<h2>Project:</h2>
C:\Users\buaa203\Desktop\6.串口1转串口2\User\STM32F030Demo.uvprojx
Project File Date:  12/13/2020

<h2>Output:</h2>
*** Using Compiler 'V5.06 update 6 (build 750)', folder: 'D:\keil\v5\ARM\ARMCC\Bin'
Build target 'Stm32f030demo'
compiling main.c...
main.c(12): warning:  #1295-D: Deprecated declaration USART1_Init - give arg types
  extern void  USART1_Init();
main.c(13): warning:  #1295-D: Deprecated declaration TIM2_Config - give arg types
  extern void  TIM2_Config();
main.c(15): warning:  #1295-D: Deprecated declaration USART1_IRQHandler - give arg types
  extern void USART1_IRQHandler();
main.c(16): warning:  #1295-D: Deprecated declaration TIM3_IRQHandler - give arg types
  extern void TIM3_IRQHandler();
main.c(47): warning:  #940-D: missing return statement at end of non-void function "fprint" 
  }
main.c(62): warning:  #69-D: integer conversion resulted in truncation
  			delay_ms(100000);
main.c(63): warning:  #69-D: integer conversion resulted in truncation
  			delay_ms(100000);
main.c(64): warning:  #69-D: integer conversion resulted in truncation
  			delay_ms(100000);
main.c(65): warning:  #69-D: integer conversion resulted in truncation
  			delay_ms(100000);
main.c(74): warning:  #69-D: integer conversion resulted in truncation
  			delay_ms(100000);
main.c(75): warning:  #69-D: integer conversion resulted in truncation
  			delay_ms(100000);
main.c(76): warning:  #69-D: integer conversion resulted in truncation
  			delay_ms(100000);
main.c(77): warning:  #69-D: integer conversion resulted in truncation
  			delay_ms(100000);
main.c(79): warning:  #69-D: integer conversion resulted in truncation
  			delay_ms(100000);
main.c(80): warning:  #69-D: integer conversion resulted in truncation
  			delay_ms(100000);
main.c(81): warning:  #69-D: integer conversion resulted in truncation
  			delay_ms(100000);
main.c(82): warning:  #69-D: integer conversion resulted in truncation
  			delay_ms(100000);
main.c(84): warning:  #69-D: integer conversion resulted in truncation
  			delay_ms(100000);
main.c(85): warning:  #69-D: integer conversion resulted in truncation
  			delay_ms(100000);
main.c(86): warning:  #69-D: integer conversion resulted in truncation
  			delay_ms(100000);
main.c(87): warning:  #69-D: integer conversion resulted in truncation
  			delay_ms(100000);
main.c(88): warning:  #69-D: integer conversion resulted in truncation
  			delay_ms(100000);
main.c(89): warning:  #69-D: integer conversion resulted in truncation
  			delay_ms(100000);
main.c(90): warning:  #69-D: integer conversion resulted in truncation
  			delay_ms(100000);
main.c(91): warning:  #69-D: integer conversion resulted in truncation
  			delay_ms(100000);
main.c(104): warning:  #69-D: integer conversion resulted in truncation
  			delay_ms(100000);
main.c(105): warning:  #69-D: integer conversion resulted in truncation
  			delay_ms(100000);
main.c(106): warning:  #69-D: integer conversion resulted in truncation
  			delay_ms(100000);
main.c(107): warning:  #69-D: integer conversion resulted in truncation
  			delay_ms(100000);
main.c(108): warning:  #69-D: integer conversion resulted in truncation
  			delay_ms(100000);
main.c(112): warning:  #167-D: argument of type "unsigned char *" is incompatible with parameter of type "const char *restrict"
  strcpy(xinh,RB);//调出字符串
main.c(122): warning:  #69-D: integer conversion resulted in truncation
  			delay_ms(100000);
main.c(123): warning:  #69-D: integer conversion resulted in truncation
  			delay_ms(100000);
main.c(124): warning:  #69-D: integer conversion resulted in truncation
  			delay_ms(100000);
main.c(125): warning:  #69-D: integer conversion resulted in truncation
  			delay_ms(100000);
main.c(126): warning:  #69-D: integer conversion resulted in truncation
  			delay_ms(100000);
main.c(136): warning:  #69-D: integer conversion resulted in truncation
  				delay_ms(100000);
main.c(137): warning:  #69-D: integer conversion resulted in truncation
  				delay_ms(100000);
main.c(138): warning:  #69-D: integer conversion resulted in truncation
  				delay_ms(100000);
main.c(139): warning:  #69-D: integer conversion resulted in truncation
  				delay_ms(100000);
main.c(150): warning:  #69-D: integer conversion resulted in truncation
  							delay_ms(100000);
main.c(151): warning:  #69-D: integer conversion resulted in truncation
  							delay_ms(100000);
main.c(155): warning:  #69-D: integer conversion resulted in truncation
  								 				delay_ms(100000);
main.c(156): warning:  #69-D: integer conversion resulted in truncation
  												delay_ms(100000);
main.c(163): warning:  #69-D: integer conversion resulted in truncation
  												delay_ms(100000);
main.c(164): warning:  #69-D: integer conversion resulted in truncation
  												delay_ms(100000);
main.c(165): warning:  #69-D: integer conversion resulted in truncation
  											 	delay_ms(100000);
main.c(166): warning:  #69-D: integer conversion resulted in truncation
  												delay_ms(100000);
main.c(167): warning:  #69-D: integer conversion resulted in truncation
  											 	delay_ms(100000);
main.c(168): warning:  #69-D: integer conversion resulted in truncation
  												delay_ms(100000);
main.c(192): warning:  #167-D: argument of type "char *" is incompatible with parameter of type "uint8_t *"
  																				sendBUFF(*addr);
main.c(193): warning:  #69-D: integer conversion resulted in truncation
  																						delay_ms(100000);
main.c(194): warning:  #69-D: integer conversion resulted in truncation
  																						delay_ms(100000);
main.c(195): warning:  #69-D: integer conversion resulted in truncation
  																						delay_ms(100000);
main.c(196): warning:  #69-D: integer conversion resulted in truncation
  																						delay_ms(100000);
main.c(197): warning:  #69-D: integer conversion resulted in truncation
  																						delay_ms(100000);
main.c(198): warning:  #69-D: integer conversion resulted in truncation
  																						delay_ms(100000);
main.c(201): warning:  #69-D: integer conversion resulted in truncation
  												delay_ms(100000);
main.c(202): warning:  #69-D: integer conversion resulted in truncation
  												delay_ms(100000);
main.c(203): warning:  #69-D: integer conversion resulted in truncation
  												delay_ms(100000);
main.c(256): warning:  #69-D: integer conversion resulted in truncation
  	delay_ms(100000);
main.c(257): warning:  #69-D: integer conversion resulted in truncation
  	delay_ms(100000);
main.c(258): warning:  #69-D: integer conversion resulted in truncation
  	delay_ms(100000);
main.c(259): warning:  #69-D: integer conversion resulted in truncation
  	delay_ms(100000);
main.c: 64 warnings, 0 errors
linking...
Program Size: Code=11432 RO-data=216 RW-data=104 ZI-data=4040  
"..\OBJ\STM32F030Demo.axf" - 0 Error(s), 64 Warning(s).

<h2>Software Packages used:</h2>

Package Vendor: Keil
                http://www.keil.com/pack/Keil.STM32F0xx_DFP.2.1.0.pack
                Keil.STM32F0xx_DFP.2.1.0
                STMicroelectronics STM32F0 Series Device Support, Drivers and Examples

<h2>Collection of Component include folders:</h2>
  .\RTE\_Stm32f030demo
  D:\keil\packs\Keil\STM32F0xx_DFP\2.1.0\Drivers\CMSIS\Device\ST\STM32F0xx\Include

<h2>Collection of Component Files used:</h2>
Build Time Elapsed:  00:00:00
</pre>
</body>
</html>
