Component: ARM Compiler 5.05 update 1 (build 106) Tool: armlink [4d0efa]

==============================================================================

Section Cross References

    main.o(.text) refers to stm32f0xx_rcc.o(.text) for RCC_APB2PeriphClockCmd
    main.o(.text) refers to stm32f0xx_syscfg.o(.text) for SYSCFG_MemoryRemapConfig
    main.o(.text) refers to stm32f0xx_gpio.o(.text) for GPIO_SetBits
    main.o(.text) refers to stm32f0xx_iwdg.o(.text) for IWDG_WriteAccessCmd
    main.o(.text) refers to stm32f0xx_misc.o(.text) for NVIC_Init
    main.o(.text) refers to stm32f0xx_exti.o(.text) for EXTI_Init
    main.o(.text) refers to adc.o(.text) for ADC1_DMA_Init
    main.o(.text) refers to delay.o(.text) for delay_init
    main.o(.text) refers to rtc.o(.text) for RTC_Initializes
    main.o(.text) refers to usart1.o(.text) for USART1_Init
    main.o(.text) refers to stm32f0xx_adc.o(.text) for ADC_ChannelConfig
    main.o(.text) refers to usart1.o(.data) for GSM_CON
    main.o(.text) refers to main.o(.data) for .data
    main.o(.text) refers to usart1.o(.data) for g4g3_flag
    main.o(.text) refers to usart1.o(.data) for g4g3
    stm32f0xx_it.o(.text) refers to stm32f0xx_exti.o(.text) for EXTI_GetITStatus
    stm32f0xx_it.o(.text) refers to delay.o(.text) for delay_ms
    stm32f0xx_it.o(.text) refers to stm32f0xx_gpio.o(.text) for GPIO_ReadInputDataBit
    stm32f0xx_it.o(.text) refers to aeabi_sdiv.o(.text) for __aeabi_uidivmod
    stm32f0xx_it.o(.text) refers to dflti.o(.text) for __aeabi_ui2d
    stm32f0xx_it.o(.text) refers to ddiv.o(.text) for __aeabi_ddiv
    stm32f0xx_it.o(.text) refers to d2f.o(.text) for __aeabi_d2f
    stm32f0xx_it.o(.text) refers to stm32f0xx_it.o(.data) for .data
    stm32f0xx_it.o(.text) refers to main.o(.data) for PM25content
    system_stm32f0xx.o(.text) refers to aeabi_sdiv.o(.text) for __aeabi_uidivmod
    system_stm32f0xx.o(.text) refers to system_stm32f0xx.o(.data) for .data
    startup_stm32f030xc.o(STACK) refers (Special) to heapauxi.o(.text) for __use_two_region_memory
    startup_stm32f030xc.o(HEAP) refers (Special) to heapauxi.o(.text) for __use_two_region_memory
    startup_stm32f030xc.o(RESET) refers (Special) to heapauxi.o(.text) for __use_two_region_memory
    startup_stm32f030xc.o(RESET) refers to startup_stm32f030xc.o(STACK) for __initial_sp
    startup_stm32f030xc.o(RESET) refers to startup_stm32f030xc.o(.text) for Reset_Handler
    startup_stm32f030xc.o(RESET) refers to stm32f0xx_it.o(.text) for NMI_Handler
    startup_stm32f030xc.o(RESET) refers to usart1.o(.text) for TIM3_IRQHandler
    startup_stm32f030xc.o(.text) refers (Special) to heapauxi.o(.text) for __use_two_region_memory
    startup_stm32f030xc.o(.text) refers to startup_stm32f030xc.o(STACK) for __initial_sp
    startup_stm32f030xc.o(.text) refers to system_stm32f0xx.o(.text) for SystemInit
    startup_stm32f030xc.o(.text) refers to __main.o(!!!main) for __main
    startup_stm32f030xc.o(.text) refers to startup_stm32f030xc.o(HEAP) for Heap_Mem
    flash_mem.o(.text) refers to stm32f0xx_flash.o(.text) for FLASH_ProgramHalfWord
    flash_mem.o(.text) refers to flash_mem.o(.bss) for .bss
    usart1.o(.emb_text) refers (Special) to use_no_semi_2.o(.text) for __use_no_semihosting
    usart1.o(.text) refers (Special) to use_no_semi_2.o(.text) for __use_no_semihosting
    usart1.o(.text) refers to _printf_percent.o(.ARM.Collect$$_printf_percent$$00000000) for _printf_percent
    usart1.o(.text) refers to _printf_d.o(.ARM.Collect$$_printf_percent$$00000009) for _printf_d
    usart1.o(.text) refers to _printf_s.o(.ARM.Collect$$_printf_percent$$00000014) for _printf_s
    usart1.o(.text) refers to _printf_dec.o(.text) for _printf_int_dec
    usart1.o(.text) refers to _printf_str.o(.text) for _printf_str
    usart1.o(.text) refers to _printf_pad.o(.text) for _printf_pre_padding
    usart1.o(.text) refers to _printf_f.o(.ARM.Collect$$_printf_percent$$00000003) for _printf_f
    usart1.o(.text) refers to printf1.o(x$fpl$printf1) for _printf_fp_dec
    usart1.o(.text) refers to stm32f0xx_flash.o(.text) for FLASH_Unlock
    usart1.o(.text) refers to flash_mem.o(.text) for Flash_Write_Without_check
    usart1.o(.text) refers to stm32f0xx_rcc.o(.text) for RCC_AHBPeriphClockCmd
    usart1.o(.text) refers to stm32f0xx_gpio.o(.text) for GPIO_PinAFConfig
    usart1.o(.text) refers to stm32f0xx_usart.o(.text) for USART_Init
    usart1.o(.text) refers to stm32f0xx_misc.o(.text) for NVIC_Init
    usart1.o(.text) refers to stm32f0xx_tim.o(.text) for TIM_TimeBaseInit
    usart1.o(.text) refers to usart1.o(.data) for .data
    usart1.o(.text) refers to usart1.o(.bss) for .bss
    usart1.o(.text) refers to rt_memclr.o(.text) for __aeabi_memclr4
    usart1.o(.text) refers to atoi.o(.text) for atoi
    usart1.o(.text) refers to mktime.o(.text) for mktime
    usart1.o(.text) refers to rt_memcpy.o(.text) for __aeabi_memcpy
    usart1.o(.text) refers to strstr.o(.text) for strstr
[...]
    x$fpl$usenofp                            0x0800b6b8   Section        0  usenofp.o(x$fpl$usenofp)
    ddiv_reciptbl                            0x0800b6b8   Data         128  ddiv.o(.constdata)
    .constdata                               0x0800b738   Section       12  _monlen.o(.constdata)
    .constdata                               0x0800b744   Section      148  bigflt0.o(.constdata)
    tenpwrs_x                                0x0800b744   Data          60  bigflt0.o(.constdata)
    tenpwrs_i                                0x0800b780   Data          64  bigflt0.o(.constdata)
    locale$$data                             0x0800b7f8   Section       28  lc_numeric_c.o(locale$$data)
    __lcnum_c_name                           0x0800b7fc   Data           2  lc_numeric_c.o(locale$$data)
    __lcnum_c_start                          0x0800b804   Data           0  lc_numeric_c.o(locale$$data)
    __lcnum_c_point                          0x0800b810   Data           0  lc_numeric_c.o(locale$$data)
    __lcnum_c_thousands                      0x0800b812   Data           0  lc_numeric_c.o(locale$$data)
    __lcnum_c_grouping                       0x0800b813   Data           0  lc_numeric_c.o(locale$$data)
    locale$$data                             0x0800b814   Section      272  lc_ctype_c.o(locale$$data)
    __lcnum_c_end                            0x0800b814   Data           0  lc_numeric_c.o(locale$$data)
    __lcctype_c_name                         0x0800b818   Data           2  lc_ctype_c.o(locale$$data)
    __lcctype_c_start                        0x0800b820   Data           0  lc_ctype_c.o(locale$$data)
    __lcctype_c_end                          0x0800b924   Data           0  lc_ctype_c.o(locale$$data)
    .data                                    0x200000c0   Section        3  main.o(.data)
    .data                                    0x200000c3   Section       10  main.o(.data)
    .data                                    0x200000d0   Section        4  main.o(.data)
    .data                                    0x200000d4   Section       12  main.o(.data)
    .data                                    0x200000e0   Section       42  main.o(.data)
    .data                                    0x2000010a   Section        1  main.o(.data)
    .data                                    0x2000010c   Section        4  stm32f0xx_it.o(.data)
    .data                                    0x20000110   Section       20  system_stm32f0xx.o(.data)
    .data                                    0x20000124   Section       34  usart1.o(.data)
    .data                                    0x20000146   Section        1  usart1.o(.data)
    .data                                    0x20000147   Section        1  usart1.o(.data)
    .data                                    0x20000148   Section        8  rtc.o(.data)
    .data                                    0x20000150   Section        4  delay.o(.data)
    fac_us                                   0x20000150   Data           1  delay.o(.data)
    fac_ms                                   0x20000152   Data           2  delay.o(.data)
    .data                                    0x20000154   Section       16  stm32f0xx_rcc.o(.data)
    APBAHBPrescTable                         0x20000154   Data          16  stm32f0xx_rcc.o(.data)
    .bss                                     0x20000164   Section       20  main.o(.bss)
    .bss                                     0x20000178   Section       30  main.o(.bss)
    .bss                                     0x20000196   Section     2048  flash_mem.o(.bss)
    .bss                                     0x20000996   Section     1279  usart1.o(.bss)
    .bss                                     0x20000e98   Section       96  libspace.o(.bss)
    HEAP                                     0x20000ef8   Section      512  startup_stm32f030xc.o(HEAP)
    Heap_Mem                                 0x20000ef8   Data         512  startup_stm32f030xc.o(HEAP)
    STACK                                    0x200010f8   Section     1024  startup_stm32f030xc.o(STACK)
    Stack_Mem                                0x200010f8   Data        1024  startup_stm32f030xc.o(STACK)
    __initial_sp                             0x200014f8   Data           0  startup_stm32f030xc.o(STACK)

    Global Symbols

    Symbol Name                              Value     Ov Type        Size  Object(Section)

    BuildAttributes$$THM_ISAv3M$S$PE$A:L22$X:L11$S22$IEEE1$IW$USESV6$~STKCKD$USESV7$~SHL$OTIME$ROPI$IEEEJ$EBA8$UX$STANDARDLIB$REQ8$PRES8$EABIv2 0x00000000   Number         0  anon$$obj.o ABSOLUTE
    __ARM_use_no_argv                        0x00000000   Number         0  main.o ABSOLUTE
    _printf_flags                            0x00000000   Number         0  printf_stubs.o ABSOLUTE
    _printf_return_value                     0x00000000   Number         0  printf_stubs.o ABSOLUTE
    _printf_sizespec                         0x00000000   Number         0  printf_stubs.o ABSOLUTE
    _printf_widthprec                        0x00000000   Number         0  printf_stubs.o ABSOLUTE
    __ARM_exceptions_init                     - Undefined Weak Reference
    __alloca_initialize                       - Undefined Weak Reference
    __arm_preinit_                            - Undefined Weak Reference
    __cpp_initialize__aeabi_                  - Undefined Weak Reference
    __cxa_finalize                            - Undefined Weak Reference
    __sigvec_lookup                           - Undefined Weak Reference
    _atexit_init                              - Undefined Weak Reference
    _call_atexit_fns                          - Undefined Weak Reference
    _clock_init                               - Undefined Weak Reference
    _fp_trap_init                             - Undefined Weak Reference
    _fp_trap_shutdown                         - Undefined Weak Reference
    _get_lc_collate                           - Undefined Weak Reference
    _get_lc_monetary                          - Undefined Weak Reference
    _get_lc_time                              - Undefined Weak Reference
    _getenv_init                              - Undefined Weak Reference
    _handle_redirection                       - Undefined Weak Reference
    _init_alloc                               - Undefined Weak Reference
    _init_user_alloc                          - Undefined Weak Reference
    _initio                                   - Undefined Weak Reference
    _printf_mbtowc                            - Undefined Weak Reference
    _printf_truncate_signed                   - Undefined Weak Reference
    _printf_truncate_unsigned                 - Undefined Weak Reference
    _rand_init                                - Undefined Weak Reference
    _signal_finish                            - Undefined Weak Reference
    _signal_init                              - Undefined Weak Reference
    _terminate_alloc                          - Undefined Weak Reference
    _terminate_user_alloc                     - Undefined Weak Reference
    _terminateio                              - Undefined Weak Reference
    __Vectors_Size                           0x000000b8   Number         0  startup_stm32f030xc.o ABSOLUTE
    __Vectors                                0x08005000   Data           4  startup_stm32f030xc.o(RESET)
    __Vectors_End                            0x080050b8   Data           0  startup_stm32f030xc.o(RESET)
    __main                                   0x080050b9   Thumb Code     8  __main.o(!!!main)
    __scatterload                            0x080050c1   Thumb Code     0  __scatter.o(!!!scatter)
    __scatterload_rt2                        0x080050c1   Thumb Code    52  __scatter.o(!!!scatter)
    __scatterload_rt2_thumb_only             0x080050c1   Thumb Code     0  __scatter.o(!!!scatter)
    __scatterload_null                       0x080050d1   Thumb Code     0  __scatter.o(!!!scatter)
    __scatterload_copy                       0x080050fd   Thumb Code    26  __scatter_copy.o(!!handler_copy)
    __scatterload_zeroinit                   0x08005119   Thumb Code    28  __scatter_zi.o(!!handler_zi)
    _printf_percent                          0x08005135   Thumb Code     0  _printf_percent.o(.ARM.Collect$$_printf_percent$$00000000)
    _printf_f                                0x08005137   Thumb Code     0  _printf_f.o(.ARM.Collect$$_printf_percent$$00000003)
    _printf_d                                0x08005141   Thumb Code     0  _printf_d.o(.ARM.Collect$$_printf_percent$$00000009)
    _printf_s                                0x0800514b   Thumb Code     0  _printf_s.o(.ARM.Collect$$_printf_percent$$00000014)
    _printf_percent_end                      0x08005155   Thumb Code     0  _printf_percent_end.o(.ARM.Collect$$_printf_percent$$00000017)
    __rt_lib_init                            0x08005159   Thumb Code     0  libinit.o(.ARM.Collect$$libinit$$00000000)
    __rt_lib_init_fp_1                       0x0800515b   Thumb Code     0  libinit2.o(.ARM.Collect$$libinit$$00000002)
    __rt_lib_init_heap_1                     0x0800515b   Thumb Code     0  libinit2.o(.ARM.Collect$$libinit$$0000000A)
    __rt_lib_init_lc_common                  0x0800515b   Thumb Code     0  libinit2.o(.ARM.Collect$$libinit$$0000000F)
    __rt_lib_init_preinit_1                  0x0800515b   Thumb Code     0  libinit2.o(.ARM.Collect$$libinit$$00000004)
    __rt_lib_init_rand_1                     0x0800515b   Thumb Code     0  libinit2.o(.ARM.Collect$$libinit$$0000000E)
    __rt_lib_init_user_alloc_1               0x0800515b   Thumb Code     0  libinit2.o(.ARM.Collect$$libinit$$0000000C)
    __rt_lib_init_lc_collate_1               0x08005161   Thumb Code     0  libinit2.o(.ARM.Collect$$libinit$$00000011)
    __rt_lib_init_lc_ctype_2                 0x08005161   Thumb Code     0  libinit2.o(.ARM.Collect$$libinit$$00000012)
    __rt_lib_init_lc_ctype_1                 0x0800516d   Thumb Code     0  libinit2.o(.ARM.Collect$$libinit$$00000013)
    __rt_lib_init_lc_monetary_1              0x0800516d   Thumb Code     0  libinit2.o(.ARM.Collect$$libinit$$00000015)
    __rt_lib_init_lc_numeric_2               0x0800516d   Thumb Code     0  libinit2.o(.ARM.Collect$$libinit$$00000016)
    __rt_lib_init_alloca_1                   0x08005177   Thumb Code     0  libinit2.o(.ARM.Collect$$libinit$$0000002E)
    __rt_lib_init_argv_1                     0x08005177   Thumb Code     0  libinit2.o(.ARM.Collect$$libinit$$0000002C)
    __rt_lib_init_atexit_1                   0x08005177   Thumb Code     0  libinit2.o(.ARM.Collect$$libinit$$0000001B)
    __rt_lib_init_clock_1                    0x08005177   Thumb Code     0  libinit2.o(.ARM.Collect$$libinit$$00000021)
    __rt_lib_init_cpp_1                      0x08005177   Thumb Code     0  libinit2.o(.ARM.Collect$$libinit$$00000032)
    __rt_lib_init_exceptions_1               0x08005177   Thumb Code     0  libinit2.o(.ARM.Collect$$libinit$$00000030)
    __rt_lib_init_fp_trap_1                  0x08005177   Thumb Code     0  libinit2.o(.ARM.Collect$$libinit$$0000001F)
    __rt_lib_init_getenv_1                   0x08005177   Thumb Code     0  libinit2.o(.ARM.Collect$$libinit$$00000023)
    __rt_lib_init_lc_numeric_1               0x08005177   Thumb Code     0  libinit2.o(.ARM.Collect$$libinit$$00000017)
    __rt_lib_init_lc_time_1                  0x08005177   Thumb Code     0  libinit2.o(.ARM.Collect$$libinit$$00000019)
    __rt_lib_init_return                     0x08005177   Thumb Code     0  libinit2.o(.ARM.Collect$$libinit$$00000033)
    __rt_lib_init_signal_1                   0x08005177   Thumb Code     0  libinit2.o(.ARM.Collect$$libinit$$0000001D)
    __rt_lib_init_stdio_1                    0x08005177   Thumb Code     0  libinit2.o(.ARM.Collect$$libinit$$00000025)
    __rt_lib_shutdown                        0x08005179   Thumb Code     0  libshutdown.o(.ARM.Collect$$libshutdown$$00000000)
    __rt_lib_shutdown_fp_trap_1              0x0800517b   Thumb Code     0  libshutdown2.o(.ARM.Collect$$libshutdown$$00000006)
    __rt_lib_shutdown_heap_1                 0x0800517b   Thumb Code     0  libshutdown2.o(.ARM.Collect$$libshutdown$$0000000E)
    __rt_lib_shutdown_return                 0x0800517b   Thumb Code     0  libshutdown2.o(.ARM.Collect$$libshutdown$$0000000F)
    __rt_lib_shutdown_signal_1               0x0800517b   Thumb Code     0  libshutdown2.o(.ARM.Collect$$libshutdown$$00000009)
    __rt_lib_shutdown_stdio_1                0x0800517b   Thumb Code     0  libshutdown2.o(.ARM.Collect$$libshutdown$$00000003)
    __rt_lib_shutdown_user_alloc_1           0x0800517b   Thumb Code     0  libshutdown2.o(.ARM.Collect$$libshutdown$$0000000B)
    __rt_entry                               0x0800517d   Thumb Code     0  __rtentry.o(.ARM.Collect$$rtentry$$00000000)
    __rt_entry_presh_1                       0x0800517d   Thumb Code     0  __rtentry2.o(.ARM.Collect$$rtentry$$00000002)
    __rt_entry_sh                            0x0800517d   Thumb Code     0  __rtentry4.o(.ARM.Collect$$rtentry$$00000004)
    __rt_entry_li                            0x08005183   Thumb Code     0  __rtentry2.o(.ARM.Collect$$rtentry$$0000000A)
    __rt_entry_postsh_1                      0x08005183   Thumb Code     0  __rtentry2.o(.ARM.Collect$$rtentry$$00000009)
    __rt_entry_main                          0x08005187   Thumb Code     0  __rtentry2.o(.ARM.Collect$$rtentry$$0000000D)
    __rt_entry_postli_1                      0x08005187   Thumb Code     0  __rtentry2.o(.ARM.Collect$$rtentry$$0000000C)
    __rt_exit                                0x0800518f   Thumb Code     0  rtexit.o(.ARM.Collect$$rtexit$$00000000)
    __rt_exit_ls                             0x08005191   Thumb Code     0  rtexit2.o(.ARM.Collect$$rtexit$$00000003)
    __rt_exit_prels_1                        0x08005191   Thumb Code     0  rtexit2.o(.ARM.Collect$$rtexit$$00000002)
    __rt_exit_exit                           0x08005195   Thumb Code     0  rtexit2.o(.ARM.Collect$$rtexit$$00000004)
    __aeabi_memcpy4                          0x0800519d   Thumb Code    56  rt_memcpy.o(.emb_text)
    __aeabi_memcpy8                          0x0800519d   Thumb Code     0  rt_memcpy.o(.emb_text)
    iRemapIrqVector                          0x080051d5   Thumb Code    42  main.o(.text)
    led2_off                                 0x080051ff   Thumb Code    12  main.o(.text)
    led2_on                                  0x0800520b   Thumb Code    12  main.o(.text)
    led3_off                                 0x08005217   Thumb Code    12  main.o(.text)
    IWDG_Config                              0x08005223   Thumb Code    28  main.o(.text)
    LED_init                                 0x0800523f   Thumb Code   158  main.o(.text)
    RCC_INIt                                 0x080052dd   Thumb Code   134  main.o(.text)
    main                                     0x08005363   Thumb Code   102  main.o(.text)
    led3_on                                  0x080053c9   Thumb Code    12  main.o(.text)
    Networking_status                        0x080053d5   Thumb Code    58  main.o(.text)
    relay1_on                                0x0800540f   Thumb Code    16  main.o(.text)
    relay1_off                               0x0800541f   Thumb Code    16  main.o(.text)
    relay2_on                                0x0800542f   Thumb Code    16  main.o(.text)
    relay2_off                               0x0800543f   Thumb Code    16  main.o(.text)
    g4org2                                   0x0800544f   Thumb Code    80  main.o(.text)
    adcx_get                                 0x0800549f   Thumb Code   236  main.o(.text)
    NMI_Handler                              0x080055bd   Thumb Code     2  stm32f0xx_it.o(.text)
    HardFault_Handler                        0x080055bf   Thumb Code     2  stm32f0xx_it.o(.text)
    SVC_Handler                              0x080055c1   Thumb Code     2  stm32f0xx_it.o(.text)
    EXTI0_1_IRQHandler                       0x080055c3   Thumb Code   142  stm32f0xx_it.o(.text)
    SystemInit                               0x080056fd   Thumb Code    78  system_stm32f0xx.o(.text)
    SystemCoreClockUpdate                    0x0800574b   Thumb Code   106  system_stm32f0xx.o(.text)
    Reset_Handler                            0x080057d1   Thumb Code    38  startup_stm32f030xc.o(.text)
    PendSV_Handler                           0x080057fd   Thumb Code     2  startup_stm32f030xc.o(.text)
    SysTick_Handler                          0x080057ff   Thumb Code     2  startup_stm32f030xc.o(.text)
    ADC1_IRQHandler                          0x08005801   Thumb Code     0  startup_stm32f030xc.o(.text)
    DMA1_Channel1_IRQHandler                 0x08005801   Thumb Code     0  startup_stm32f030xc.o(.text)
    DMA1_Channel2_3_IRQHandler               0x08005801   Thumb Code     0  startup_stm32f030xc.o(.text)
    DMA1_Channel4_5_IRQHandler               0x08005801   Thumb Code     0  startup_stm32f030xc.o(.text)
    EXTI2_3_IRQHandler                       0x08005801   Thumb Code     0  startup_stm32f030xc.o(.text)
    EXTI4_15_IRQHandler                      0x08005801   Thumb Code     0  startup_stm32f030xc.o(.text)
    FLASH_IRQHandler                         0x08005801   Thumb Code     0  startup_stm32f030xc.o(.text)
    I2C1_IRQHandler                          0x08005801   Thumb Code     0  startup_stm32f030xc.o(.text)
    I2C2_IRQHandler                          0x08005801   Thumb Code     0  startup_stm32f030xc.o(.text)
    RCC_IRQHandler                           0x08005801   Thumb Code     0  startup_stm32f030xc.o(.text)
    RTC_IRQHandler                           0x08005801   Thumb Code     0  startup_stm32f030xc.o(.text)
    SPI1_IRQHandler                          0x08005801   Thumb Code     0  startup_stm32f030xc.o(.text)
    SPI2_IRQHandler                          0x08005801   Thumb Code     0  startup_stm32f030xc.o(.text)
    TIM17_IRQHandler                         0x08005801   Thumb Code     0  startup_stm32f030xc.o(.text)
    TIM1_BRK_UP_TRG_COM_IRQHandler           0x08005801   Thumb Code     0  startup_stm32f030xc.o(.text)
    TIM1_CC_IRQHandler                       0x08005801   Thumb Code     0  startup_stm32f030xc.o(.text)
    TIM6_IRQHandler                          0x08005801   Thumb Code     0  startup_stm32f030xc.o(.text)
    TIM7_IRQHandler                          0x08005801   Thumb Code     0  startup_stm32f030xc.o(.text)
    WWDG_IRQHandler                          0x08005801   Thumb Code     0  startup_stm32f030xc.o(.text)
    __user_initial_stackheap                 0x08005805   Thumb Code     0  startup_stm32f030xc.o(.text)
    Flash_Write_Without_check                0x08005845   Thumb Code    50  flash_mem.o(.text)
    Flash_Read                               0x08005877   Thumb Code    22  flash_mem.o(.text)
    Flash_Write                              0x0800588d   Thumb Code   200  flash_mem.o(.text)
    _sys_exit                                0x08005959   Thumb Code     2  usart1.o(.text)
    fputc                                    0x0800595b   Thumb Code    16  usart1.o(.text)
    writeAddr                                0x0800596b   Thumb Code    46  usart1.o(.text)
    USART1_Init                              0x08005999   Thumb Code   462  usart1.o(.text)
    TIM2_Config                              0x08005b67   Thumb Code   256  usart1.o(.text)
    rs485_r                                  0x08005c67   Thumb Code    14  usart1.o(.text)
    rs485_w                                  0x08005c75   Thumb Code    14  usart1.o(.text)
    USART1_IRQHandler                        0x08005c83   Thumb Code   100  usart1.o(.text)
    USART2_IRQHandler                        0x08005ce7   Thumb Code   162  usart1.o(.text)
    USART3_6_IRQHandler                      0x08005d89   Thumb Code    90  usart1.o(.text)
    GetTick                                  0x08005de3   Thumb Code   100  usart1.o(.text)
    sendchar                                 0x08005e47   Thumb Code    50  usart1.o(.text)
    sendBUFF                                 0x08005e79   Thumb Code    24  usart1.o(.text)
    TIM3_IRQHandler                          0x08005e91   Thumb Code   402  usart1.o(.text)
    sendchar2                                0x08006023   Thumb Code    26  usart1.o(.text)
    sendBUFF2                                0x0800603d   Thumb Code    24  usart1.o(.text)
    TIM14_IRQHandler                         0x08006055   Thumb Code   844  usart1.o(.text)
    TIM15_IRQHandler                         0x080063a1   Thumb Code   464  usart1.o(.text)
    ali_send                                 0x08006571   Thumb Code    36  usart1.o(.text)
    propertypost                             0x08006595   Thumb Code    54  usart1.o(.text)
    get_realtime                             0x080065cb   Thumb Code    10  usart1.o(.text)
    TIM16_IRQHandler                         0x080065d5   Thumb Code   542  usart1.o(.text)
    sendchar3                                0x080067f3   Thumb Code    26  usart1.o(.text)
    sendBUFF3                                0x0800680d   Thumb Code    24  usart1.o(.text)
    AT_CGSN                                  0x08006825   Thumb Code    66  usart1.o(.text)
    AT_SIMID                                 0x08006867   Thumb Code    66  usart1.o(.text)
    CheckSum                                 0x080068a9   Thumb Code    36  usart1.o(.text)
    renew_sendbuff                           0x080068cd   Thumb Code    56  usart1.o(.text)
    heart_beat                               0x08006905   Thumb Code    40  usart1.o(.text)
    Landingpack                              0x0800692d   Thumb Code     2  usart1.o(.text)
    checkbuf                                 0x0800692f   Thumb Code    20  usart1.o(.text)
    GPRS_delay                               0x08006943   Thumb Code    14  usart1.o(.text)
    ali_delayms                              0x08006951   Thumb Code    26  usart1.o(.text)
    Ali_set                                  0x0800696b   Thumb Code   956  usart1.o(.text)
    Int2str                                  0x08006d27   Thumb Code    78  usart1.o(.text)
    RTC_Configuration                        0x08006d7d   Thumb Code    50  rtc.o(.text)
    RTC_TimeRegulate                         0x08006daf   Thumb Code    40  rtc.o(.text)
    RTC_DateRegulate                         0x08006dd7   Thumb Code    40  rtc.o(.text)
    RTC_SetDateTime                          0x08006dff   Thumb Code    38  rtc.o(.text)
    RTC_Initializes                          0x08006e25   Thumb Code   112  rtc.o(.text)
    RTC_GetDateTime                          0x08006e95   Thumb Code    64  rtc.o(.text)
    ADC1_DMA_Init                            0x08006edd   Thumb Code   126  adc.o(.text)
    delay_init                               0x08006f65   Thumb Code    36  delay.o(.text)
    delay_us                                 0x08006f89   Thumb Code    46  delay.o(.text)
    delay_ms                                 0x08006fb7   Thumb Code    46  delay.o(.text)
    GPIO_DeInit                              0x08006ff5   Thumb Code   160  stm32f0xx_gpio.o(.text)
    GPIO_Init                                0x08007095   Thumb Code   112  stm32f0xx_gpio.o(.text)
    GPIO_StructInit                          0x08007105   Thumb Code    18  stm32f0xx_gpio.o(.text)
    GPIO_PinLockConfig                       0x08007117   Thumb Code    28  stm32f0xx_gpio.o(.text)
    GPIO_ReadInputDataBit                    0x08007133   Thumb Code    14  stm32f0xx_gpio.o(.text)
    GPIO_ReadInputData                       0x08007141   Thumb Code     4  stm32f0xx_gpio.o(.text)
    GPIO_ReadOutputDataBit                   0x08007145   Thumb Code    14  stm32f0xx_gpio.o(.text)
    GPIO_ReadOutputData                      0x08007153   Thumb Code     4  stm32f0xx_gpio.o(.text)
    GPIO_SetBits                             0x08007157   Thumb Code     4  stm32f0xx_gpio.o(.text)
    GPIO_ResetBits                           0x0800715b   Thumb Code     4  stm32f0xx_gpio.o(.text)
    GPIO_WriteBit                            0x0800715f   Thumb Code    12  stm32f0xx_gpio.o(.text)
    GPIO_Write                               0x0800716b   Thumb Code     4  stm32f0xx_gpio.o(.text)
    GPIO_PinAFConfig                         0x0800716f   Thumb Code    32  stm32f0xx_gpio.o(.text)
    RCC_DeInit                               0x080071a9   Thumb Code    76  stm32f0xx_rcc.o(.text)
    RCC_HSEConfig                            0x080071f5   Thumb Code    10  stm32f0xx_rcc.o(.text)
    RCC_GetFlagStatus                        0x080071ff   Thumb Code    50  stm32f0xx_rcc.o(.text)
    RCC_WaitForHSEStartUp                    0x08007231   Thumb Code    50  stm32f0xx_rcc.o(.text)
    RCC_AdjustHSICalibrationValue            0x08007263   Thumb Code    16  stm32f0xx_rcc.o(.text)
    RCC_HSICmd                               0x08007273   Thumb Code    26  stm32f0xx_rcc.o(.text)
    RCC_AdjustHSI14CalibrationValue          0x0800728d   Thumb Code    16  stm32f0xx_rcc.o(.text)
    RCC_HSI14Cmd                             0x0800729d   Thumb Code    26  stm32f0xx_rcc.o(.text)
    RCC_HSI14ADCRequestCmd                   0x080072b7   Thumb Code    24  stm32f0xx_rcc.o(.text)
    RCC_LSEConfig                            0x080072cf   Thumb Code    26  stm32f0xx_rcc.o(.text)
    RCC_LSEDriveConfig                       0x080072e9   Thumb Code    18  stm32f0xx_rcc.o(.text)
    RCC_LSICmd                               0x080072fb   Thumb Code    26  stm32f0xx_rcc.o(.text)
    RCC_PLLConfig                            0x08007315   Thumb Code    24  stm32f0xx_rcc.o(.text)
    RCC_PLLCmd                               0x0800732d   Thumb Code    26  stm32f0xx_rcc.o(.text)
    RCC_HSI48Cmd                             0x08007347   Thumb Code    26  stm32f0xx_rcc.o(.text)
    RCC_PREDIV1Config                        0x08007361   Thumb Code    14  stm32f0xx_rcc.o(.text)
    RCC_ClockSecuritySystemCmd               0x0800736f   Thumb Code    26  stm32f0xx_rcc.o(.text)
    RCC_MCOConfig                            0x08007389   Thumb Code     6  stm32f0xx_rcc.o(.text)
    RCC_SYSCLKConfig                         0x0800738f   Thumb Code    14  stm32f0xx_rcc.o(.text)
    RCC_GetSYSCLKSource                      0x0800739d   Thumb Code    10  stm32f0xx_rcc.o(.text)
    RCC_HCLKConfig                           0x080073a7   Thumb Code    14  stm32f0xx_rcc.o(.text)
    RCC_PCLKConfig                           0x080073b5   Thumb Code    16  stm32f0xx_rcc.o(.text)
    RCC_ADCCLKConfig                         0x080073c5   Thumb Code    38  stm32f0xx_rcc.o(.text)
    RCC_CECCLKConfig                         0x080073eb   Thumb Code    18  stm32f0xx_rcc.o(.text)
    RCC_I2CCLKConfig                         0x080073fd   Thumb Code    18  stm32f0xx_rcc.o(.text)
    RCC_USARTCLKConfig                       0x0800740f   Thumb Code    52  stm32f0xx_rcc.o(.text)
    RCC_USBCLKConfig                         0x08007443   Thumb Code    18  stm32f0xx_rcc.o(.text)
    RCC_GetClocksFreq                        0x08007455   Thumb Code   416  stm32f0xx_rcc.o(.text)
    RCC_RTCCLKConfig                         0x080075f5   Thumb Code    10  stm32f0xx_rcc.o(.text)
    RCC_RTCCLKCmd                            0x080075ff   Thumb Code    26  stm32f0xx_rcc.o(.text)
    RCC_BackupResetCmd                       0x08007619   Thumb Code    26  stm32f0xx_rcc.o(.text)
    RCC_AHBPeriphClockCmd                    0x08007633   Thumb Code    22  stm32f0xx_rcc.o(.text)
    RCC_APB2PeriphClockCmd                   0x08007649   Thumb Code    22  stm32f0xx_rcc.o(.text)
    RCC_APB1PeriphClockCmd                   0x0800765f   Thumb Code    22  stm32f0xx_rcc.o(.text)
    RCC_AHBPeriphResetCmd                    0x08007675   Thumb Code    22  stm32f0xx_rcc.o(.text)
    RCC_APB2PeriphResetCmd                   0x0800768b   Thumb Code    22  stm32f0xx_rcc.o(.text)
    RCC_APB1PeriphResetCmd                   0x080076a1   Thumb Code    22  stm32f0xx_rcc.o(.text)
    RCC_ITConfig                             0x080076b7   Thumb Code    22  stm32f0xx_rcc.o(.text)
    RCC_ClearFlag                            0x080076cd   Thumb Code    14  stm32f0xx_rcc.o(.text)
    RCC_GetITStatus                          0x080076db   Thumb Code    16  stm32f0xx_rcc.o(.text)
    RCC_ClearITPendingBit                    0x080076eb   Thumb Code     6  stm32f0xx_rcc.o(.text)
    NVIC_Init                                0x080076f9   Thumb Code    72  stm32f0xx_misc.o(.text)
    NVIC_SystemLPConfig                      0x08007741   Thumb Code    22  stm32f0xx_misc.o(.text)
    SysTick_CLKSourceConfig                  0x08007757   Thumb Code    24  stm32f0xx_misc.o(.text)
    USART_DeInit                             0x08007781   Thumb Code   204  stm32f0xx_usart.o(.text)
    USART_Init                               0x0800784d   Thumb Code   156  stm32f0xx_usart.o(.text)
    USART_StructInit                         0x080078e9   Thumb Code    22  stm32f0xx_usart.o(.text)
    USART_ClockInit                          0x080078ff   Thumb Code    30  stm32f0xx_usart.o(.text)
    USART_ClockStructInit                    0x0800791d   Thumb Code    12  stm32f0xx_usart.o(.text)
    USART_Cmd                                0x08007929   Thumb Code    24  stm32f0xx_usart.o(.text)
    USART_DirectionModeCmd                   0x08007941   Thumb Code    20  stm32f0xx_usart.o(.text)
    USART_OverSampling8Cmd                   0x08007955   Thumb Code    24  stm32f0xx_usart.o(.text)
    USART_OneBitMethodCmd                    0x0800796d   Thumb Code    24  stm32f0xx_usart.o(.text)
    USART_MSBFirstCmd                        0x08007985   Thumb Code    24  stm32f0xx_usart.o(.text)
    USART_DataInvCmd                         0x0800799d   Thumb Code    24  stm32f0xx_usart.o(.text)
    USART_InvPinCmd                          0x080079b5   Thumb Code    20  stm32f0xx_usart.o(.text)
    USART_SWAPPinCmd                         0x080079c9   Thumb Code    24  stm32f0xx_usart.o(.text)
    USART_ReceiverTimeOutCmd                 0x080079e1   Thumb Code    24  stm32f0xx_usart.o(.text)
    USART_SetReceiverTimeOut                 0x080079f9   Thumb Code    16  stm32f0xx_usart.o(.text)
    USART_SetPrescaler                       0x08007a09   Thumb Code    16  stm32f0xx_usart.o(.text)
    USART_STOPModeCmd                        0x08007a19   Thumb Code    22  stm32f0xx_usart.o(.text)
    USART_StopModeWakeUpSourceConfig         0x08007a2f   Thumb Code    18  stm32f0xx_usart.o(.text)
    USART_AutoBaudRateCmd                    0x08007a41   Thumb Code    24  stm32f0xx_usart.o(.text)
    USART_AutoBaudRateConfig                 0x08007a59   Thumb Code    18  stm32f0xx_usart.o(.text)
    USART_SendData                           0x08007a6b   Thumb Code     8  stm32f0xx_usart.o(.text)
    USART_ReceiveData                        0x08007a73   Thumb Code     8  stm32f0xx_usart.o(.text)
    USART_SetAddress                         0x08007a7b   Thumb Code    18  stm32f0xx_usart.o(.text)
    USART_MuteModeCmd                        0x08007a8d   Thumb Code    24  stm32f0xx_usart.o(.text)
    USART_MuteModeWakeUpConfig               0x08007aa5   Thumb Code    18  stm32f0xx_usart.o(.text)
    USART_AddressDetectionConfig             0x08007ab7   Thumb Code    16  stm32f0xx_usart.o(.text)
    USART_LINBreakDetectLengthConfig         0x08007ac7   Thumb Code    16  stm32f0xx_usart.o(.text)
    USART_LINCmd                             0x08007ad7   Thumb Code    24  stm32f0xx_usart.o(.text)
    USART_HalfDuplexCmd                      0x08007aef   Thumb Code    22  stm32f0xx_usart.o(.text)
    USART_SetGuardTime                       0x08007b05   Thumb Code    16  stm32f0xx_usart.o(.text)
    USART_SmartCardCmd                       0x08007b15   Thumb Code    22  stm32f0xx_usart.o(.text)
    USART_SmartCardNACKCmd                   0x08007b2b   Thumb Code    22  stm32f0xx_usart.o(.text)
    USART_SetAutoRetryCount                  0x08007b41   Thumb Code    20  stm32f0xx_usart.o(.text)
    USART_SetBlockLength                     0x08007b55   Thumb Code    60  stm32f0xx_usart.o(.text)
    USART_IrDAConfig                         0x08007b91   Thumb Code    16  stm32f0xx_usart.o(.text)
    USART_IrDACmd                            0x08007ba1   Thumb Code    22  stm32f0xx_usart.o(.text)
    USART_DECmd                              0x08007bb7   Thumb Code    24  stm32f0xx_usart.o(.text)
    USART_DEPolarityConfig                   0x08007bcf   Thumb Code    18  stm32f0xx_usart.o(.text)
    USART_SetDEAssertionTime                 0x08007be1   Thumb Code    20  stm32f0xx_usart.o(.text)
    USART_SetDEDeassertionTime               0x08007bf5   Thumb Code    20  stm32f0xx_usart.o(.text)
    USART_DMACmd                             0x08007c09   Thumb Code    20  stm32f0xx_usart.o(.text)
    USART_DMAReceptionErrorConfig            0x08007c1d   Thumb Code    18  stm32f0xx_usart.o(.text)
    USART_ITConfig                           0x08007c2f   Thumb Code    46  stm32f0xx_usart.o(.text)
    USART_RequestCmd                         0x08007c5d   Thumb Code    20  stm32f0xx_usart.o(.text)
    USART_OverrunDetectionConfig             0x08007c71   Thumb Code    18  stm32f0xx_usart.o(.text)
    USART_GetFlagStatus                      0x08007c83   Thumb Code    14  stm32f0xx_usart.o(.text)
    USART_ClearFlag                          0x08007c91   Thumb Code     4  stm32f0xx_usart.o(.text)
    USART_GetITStatus                        0x08007c95   Thumb Code    60  stm32f0xx_usart.o(.text)
    USART_ClearITPendingBit                  0x08007cd1   Thumb Code    10  stm32f0xx_usart.o(.text)
    ADC_DeInit                               0x08007cdd   Thumb Code    28  stm32f0xx_adc.o(.text)
    ADC_Init                                 0x08007cf9   Thumb Code    38  stm32f0xx_adc.o(.text)
    ADC_StructInit                           0x08007d1f   Thumb Code    16  stm32f0xx_adc.o(.text)
    ADC_Cmd                                  0x08007d2f   Thumb Code    24  stm32f0xx_adc.o(.text)
    ADC_ClockModeConfig                      0x08007d47   Thumb Code     4  stm32f0xx_adc.o(.text)
    ADC_JitterCmd                            0x08007d4b   Thumb Code    20  stm32f0xx_adc.o(.text)
    ADC_AutoPowerOffCmd                      0x08007d5f   Thumb Code    24  stm32f0xx_adc.o(.text)
    ADC_WaitModeCmd                          0x08007d77   Thumb Code    24  stm32f0xx_adc.o(.text)
    ADC_AnalogWatchdogCmd                    0x08007d8f   Thumb Code    24  stm32f0xx_adc.o(.text)
    ADC_AnalogWatchdogThresholdsConfig       0x08007da7   Thumb Code     8  stm32f0xx_adc.o(.text)
    ADC_AnalogWatchdogSingleChannelConfig    0x08007daf   Thumb Code    14  stm32f0xx_adc.o(.text)
    ADC_AnalogWatchdogSingleChannelCmd       0x08007dbd   Thumb Code    24  stm32f0xx_adc.o(.text)
    ADC_TempSensorCmd                        0x08007dd5   Thumb Code    26  stm32f0xx_adc.o(.text)
    ADC_VrefintCmd                           0x08007def   Thumb Code    26  stm32f0xx_adc.o(.text)
    ADC_VbatCmd                              0x08007e09   Thumb Code    26  stm32f0xx_adc.o(.text)
    ADC_ChannelConfig                        0x08007e23   Thumb Code     6  stm32f0xx_adc.o(.text)
    ADC_ContinuousModeCmd                    0x08007e29   Thumb Code    24  stm32f0xx_adc.o(.text)
    ADC_DiscModeCmd                          0x08007e41   Thumb Code    24  stm32f0xx_adc.o(.text)
    ADC_OverrunModeCmd                       0x08007e59   Thumb Code    24  stm32f0xx_adc.o(.text)
    ADC_GetCalibrationFactor                 0x08007e71   Thumb Code    46  stm32f0xx_adc.o(.text)
    ADC_StopOfConversion                     0x08007e9f   Thumb Code    10  stm32f0xx_adc.o(.text)
    ADC_StartOfConversion                    0x08007ea9   Thumb Code    10  stm32f0xx_adc.o(.text)
    ADC_GetConversionValue                   0x08007eb3   Thumb Code     6  stm32f0xx_adc.o(.text)
    ADC_DMACmd                               0x08007eb9   Thumb Code    24  stm32f0xx_adc.o(.text)
    ADC_DMARequestModeConfig                 0x08007ed1   Thumb Code    16  stm32f0xx_adc.o(.text)
    ADC_ITConfig                             0x08007ee1   Thumb Code    20  stm32f0xx_adc.o(.text)
    ADC_GetFlagStatus                        0x08007ef5   Thumb Code    28  stm32f0xx_adc.o(.text)
    ADC_ClearFlag                            0x08007f11   Thumb Code     4  stm32f0xx_adc.o(.text)
    ADC_GetITStatus                          0x08007f15   Thumb Code    22  stm32f0xx_adc.o(.text)
    ADC_ClearITPendingBit                    0x08007f2b   Thumb Code     4  stm32f0xx_adc.o(.text)
    EXTI_DeInit                              0x08007f3d   Thumb Code    20  stm32f0xx_exti.o(.text)
    EXTI_Init                                0x08007f51   Thumb Code   102  stm32f0xx_exti.o(.text)
    EXTI_StructInit                          0x08007fb7   Thumb Code    14  stm32f0xx_exti.o(.text)
    EXTI_GenerateSWInterrupt                 0x08007fc5   Thumb Code    10  stm32f0xx_exti.o(.text)
    EXTI_GetFlagStatus                       0x08007fcf   Thumb Code    16  stm32f0xx_exti.o(.text)
    EXTI_ClearFlag                           0x08007fdf   Thumb Code     6  stm32f0xx_exti.o(.text)
    EXTI_GetITStatus                         0x08007fe5   Thumb Code    16  stm32f0xx_exti.o(.text)
    EXTI_ClearITPendingBit                   0x08007ff5   Thumb Code     6  stm32f0xx_exti.o(.text)
    FLASH_SetLatency                         0x08008009   Thumb Code    14  stm32f0xx_flash.o(.text)
    FLASH_PrefetchBufferCmd                  0x08008017   Thumb Code    24  stm32f0xx_flash.o(.text)
    FLASH_GetPrefetchBufferStatus            0x0800802f   Thumb Code    14  stm32f0xx_flash.o(.text)
    FLASH_Unlock                             0x0800803d   Thumb Code    18  stm32f0xx_flash.o(.text)
    FLASH_Lock                               0x0800804f   Thumb Code    12  stm32f0xx_flash.o(.text)
    FLASH_GetStatus                          0x0800805b   Thumb Code    34  stm32f0xx_flash.o(.text)
    FLASH_WaitForLastOperation               0x0800807d   Thumb Code    32  stm32f0xx_flash.o(.text)
    FLASH_ErasePage                          0x0800809d   Thumb Code    52  stm32f0xx_flash.o(.text)
    FLASH_EraseAllPages                      0x080080d1   Thumb Code    48  stm32f0xx_flash.o(.text)
    FLASH_ProgramWord                        0x08008101   Thumb Code    82  stm32f0xx_flash.o(.text)
    FLASH_ProgramHalfWord                    0x08008153   Thumb Code    48  stm32f0xx_flash.o(.text)
    FLASH_OB_Unlock                          0x08008183   Thumb Code    18  stm32f0xx_flash.o(.text)
    FLASH_OB_Lock                            0x08008195   Thumb Code    12  stm32f0xx_flash.o(.text)
    FLASH_OB_Launch                          0x080081a1   Thumb Code    14  stm32f0xx_flash.o(.text)
    FLASH_OB_GetRDP                          0x080081af   Thumb Code    16  stm32f0xx_flash.o(.text)
    FLASH_OB_Erase                           0x080081bf   Thumb Code   106  stm32f0xx_flash.o(.text)
    FLASH_OB_EnableWRP                       0x08008229   Thumb Code   130  stm32f0xx_flash.o(.text)
    FLASH_OB_RDPConfig                       0x080082ab   Thumb Code    94  stm32f0xx_flash.o(.text)
    FLASH_OB_UserConfig                      0x08008309   Thumb Code    62  stm32f0xx_flash.o(.text)
    FLASH_OB_BOOTConfig                      0x08008347   Thumb Code    54  stm32f0xx_flash.o(.text)
    FLASH_OB_BOOT0Config                     0x0800837d   Thumb Code    54  stm32f0xx_flash.o(.text)
    FLASH_OB_BOOT0SWConfig                   0x080083b3   Thumb Code    70  stm32f0xx_flash.o(.text)
    FLASH_OB_VDDAConfig                      0x080083f9   Thumb Code    54  stm32f0xx_flash.o(.text)
    FLASH_OB_SRAMParityConfig                0x0800842f   Thumb Code    54  stm32f0xx_flash.o(.text)
    FLASH_OB_WriteUser                       0x08008465   Thumb Code    50  stm32f0xx_flash.o(.text)
    FLASH_OB_ProgramData                     0x08008497   Thumb Code    50  stm32f0xx_flash.o(.text)
    FLASH_OB_GetUser                         0x080084c9   Thumb Code    10  stm32f0xx_flash.o(.text)
    FLASH_OB_GetWRP                          0x080084d3   Thumb Code     6  stm32f0xx_flash.o(.text)
    FLASH_ITConfig                           0x080084d9   Thumb Code    22  stm32f0xx_flash.o(.text)
    FLASH_GetFlagStatus                      0x080084ef   Thumb Code    16  stm32f0xx_flash.o(.text)
    FLASH_ClearFlag                          0x080084ff   Thumb Code     6  stm32f0xx_flash.o(.text)
    IWDG_WriteAccessCmd                      0x0800850d   Thumb Code     6  stm32f0xx_iwdg.o(.text)
    IWDG_SetPrescaler                        0x08008513   Thumb Code     6  stm32f0xx_iwdg.o(.text)
    IWDG_SetReload                           0x08008519   Thumb Code     6  stm32f0xx_iwdg.o(.text)
    IWDG_ReloadCounter                       0x0800851f   Thumb Code     8  stm32f0xx_iwdg.o(.text)
    IWDG_SetWindowValue                      0x08008527   Thumb Code     6  stm32f0xx_iwdg.o(.text)
    IWDG_Enable                              0x0800852d   Thumb Code     8  stm32f0xx_iwdg.o(.text)
    IWDG_GetFlagStatus                       0x08008535   Thumb Code    16  stm32f0xx_iwdg.o(.text)
    PWR_DeInit                               0x08008551   Thumb Code    22  stm32f0xx_pwr.o(.text)
    PWR_BackupAccessCmd                      0x08008567   Thumb Code    24  stm32f0xx_pwr.o(.text)
    PWR_PVDLevelConfig                       0x0800857f   Thumb Code    14  stm32f0xx_pwr.o(.text)
    PWR_PVDCmd                               0x0800858d   Thumb Code    24  stm32f0xx_pwr.o(.text)
    PWR_WakeUpPinCmd                         0x080085a5   Thumb Code    22  stm32f0xx_pwr.o(.text)
    PWR_EnterSleepMode                       0x080085bb   Thumb Code    26  stm32f0xx_pwr.o(.text)
    PWR_EnterSTOPMode                        0x080085d5   Thumb Code    60  stm32f0xx_pwr.o(.text)
    PWR_EnterSTANDBYMode                     0x08008611   Thumb Code    24  stm32f0xx_pwr.o(.text)
    PWR_GetFlagStatus                        0x08008629   Thumb Code    16  stm32f0xx_pwr.o(.text)
    PWR_ClearFlag                            0x08008639   Thumb Code    12  stm32f0xx_pwr.o(.text)
    RTC_WaitForSynchro                       0x0800864d   Thumb Code    76  stm32f0xx_rtc.o(.text)
    RTC_EnterInitMode                        0x08008699   Thumb Code    62  stm32f0xx_rtc.o(.text)
    RTC_DeInit                               0x080086d7   Thumb Code    76  stm32f0xx_rtc.o(.text)
    RTC_ExitInitMode                         0x08008723   Thumb Code    12  stm32f0xx_rtc.o(.text)
    RTC_Init                                 0x0800872f   Thumb Code    68  stm32f0xx_rtc.o(.text)
    RTC_StructInit                           0x08008773   Thumb Code    14  stm32f0xx_rtc.o(.text)
    RTC_WriteProtectionCmd                   0x08008781   Thumb Code    22  stm32f0xx_rtc.o(.text)
    RTC_RefClockCmd                          0x08008797   Thumb Code    58  stm32f0xx_rtc.o(.text)
    RTC_BypassShadowCmd                      0x080087d1   Thumb Code    38  stm32f0xx_rtc.o(.text)
    RTC_SetTime                              0x0800881f   Thumb Code   154  stm32f0xx_rtc.o(.text)
    RTC_TimeStructInit                       0x080088b9   Thumb Code    12  stm32f0xx_rtc.o(.text)
    RTC_GetTime                              0x080088c5   Thumb Code    68  stm32f0xx_rtc.o(.text)
    RTC_GetSubSecond                         0x08008909   Thumb Code     8  stm32f0xx_rtc.o(.text)
    RTC_SetDate                              0x08008911   Thumb Code   156  stm32f0xx_rtc.o(.text)
    RTC_DateStructInit                       0x080089ad   Thumb Code    14  stm32f0xx_rtc.o(.text)
    RTC_GetDate                              0x080089bb   Thumb Code    64  stm32f0xx_rtc.o(.text)
    RTC_SetAlarm                             0x080089fb   Thumb Code   192  stm32f0xx_rtc.o(.text)
    RTC_AlarmStructInit                      0x08008abb   Thumb Code    20  stm32f0xx_rtc.o(.text)
    RTC_GetAlarm                             0x08008acf   Thumb Code    90  stm32f0xx_rtc.o(.text)
    RTC_AlarmCmd                             0x08008b29   Thumb Code    80  stm32f0xx_rtc.o(.text)
    RTC_AlarmSubSecondConfig                 0x08008b79   Thumb Code    26  stm32f0xx_rtc.o(.text)
    RTC_GetAlarmSubSecond                    0x08008b93   Thumb Code    12  stm32f0xx_rtc.o(.text)
    RTC_WakeUpClockConfig                    0x08008b9f   Thumb Code    30  stm32f0xx_rtc.o(.text)
    RTC_SetWakeUpCounter                     0x08008bbd   Thumb Code    18  stm32f0xx_rtc.o(.text)
    RTC_GetWakeUpCounter                     0x08008bcf   Thumb Code     8  stm32f0xx_rtc.o(.text)
    RTC_WakeUpCmd                            0x08008bd7   Thumb Code    80  stm32f0xx_rtc.o(.text)
    RTC_DayLightSavingConfig                 0x08008c27   Thumb Code    36  stm32f0xx_rtc.o(.text)
    RTC_GetStoreOperation                    0x08008c4b   Thumb Code    12  stm32f0xx_rtc.o(.text)
    RTC_OutputConfig                         0x08008c57   Thumb Code    36  stm32f0xx_rtc.o(.text)
    RTC_CalibOutputCmd                       0x08008c7b   Thumb Code    38  stm32f0xx_rtc.o(.text)
    RTC_CalibOutputConfig                    0x08008ca1   Thumb Code    32  stm32f0xx_rtc.o(.text)
    RTC_SmoothCalibConfig                    0x08008cc1   Thumb Code    60  stm32f0xx_rtc.o(.text)
    RTC_TimeStampCmd                         0x08008cfd   Thumb Code    40  stm32f0xx_rtc.o(.text)
    RTC_GetTimeStamp                         0x08008d25   Thumb Code   124  stm32f0xx_rtc.o(.text)
    RTC_GetTimeStampSubSecond                0x08008da1   Thumb Code     6  stm32f0xx_rtc.o(.text)
    RTC_TamperTriggerConfig                  0x08008da7   Thumb Code    26  stm32f0xx_rtc.o(.text)
    RTC_TamperCmd                            0x08008dc1   Thumb Code    24  stm32f0xx_rtc.o(.text)
    RTC_TamperFilterConfig                   0x08008dd9   Thumb Code    22  stm32f0xx_rtc.o(.text)
    RTC_TamperSamplingFreqConfig             0x08008def   Thumb Code    22  stm32f0xx_rtc.o(.text)
    RTC_TamperPinsPrechargeDuration          0x08008e05   Thumb Code    22  stm32f0xx_rtc.o(.text)
    RTC_TimeStampOnTamperDetectionCmd        0x08008e1b   Thumb Code    26  stm32f0xx_rtc.o(.text)
    RTC_TamperPullUpCmd                      0x08008e35   Thumb Code    26  stm32f0xx_rtc.o(.text)
    RTC_WriteBackupRegister                  0x08008e4f   Thumb Code    18  stm32f0xx_rtc.o(.text)
    RTC_ReadBackupRegister                   0x08008e61   Thumb Code    18  stm32f0xx_rtc.o(.text)
    RTC_OutputTypeConfig                     0x08008e73   Thumb Code    22  stm32f0xx_rtc.o(.text)
    RTC_SynchroShiftConfig                   0x08008e89   Thumb Code    96  stm32f0xx_rtc.o(.text)
    RTC_ITConfig                             0x08008ee9   Thumb Code    60  stm32f0xx_rtc.o(.text)
    RTC_GetFlagStatus                        0x08008f25   Thumb Code    20  stm32f0xx_rtc.o(.text)
    RTC_ClearFlag                            0x08008f39   Thumb Code    22  stm32f0xx_rtc.o(.text)
    RTC_GetITStatus                          0x08008f4f   Thumb Code    54  stm32f0xx_rtc.o(.text)
    RTC_ClearITPendingBit                    0x08008f85   Thumb Code    22  stm32f0xx_rtc.o(.text)
    SYSCFG_DeInit                            0x08008fa5   Thumb Code    30  stm32f0xx_syscfg.o(.text)
    SYSCFG_MemoryRemapConfig                 0x08008fc3   Thumb Code    14  stm32f0xx_syscfg.o(.text)
    SYSCFG_DMAChannelRemapConfig             0x08008fd1   Thumb Code    22  stm32f0xx_syscfg.o(.text)
    SYSCFG_I2CFastModePlusConfig             0x08008fe7   Thumb Code    22  stm32f0xx_syscfg.o(.text)
    SYSCFG_IRDAEnvSelection                  0x08008ffd   Thumb Code    18  stm32f0xx_syscfg.o(.text)
    SYSCFG_EXTILineConfig                    0x0800900f   Thumb Code    34  stm32f0xx_syscfg.o(.text)
    SYSCFG_GetPendingIT                      0x08009031   Thumb Code    20  stm32f0xx_syscfg.o(.text)
    SYSCFG_BreakConfig                       0x08009045   Thumb Code    10  stm32f0xx_syscfg.o(.text)
    SYSCFG_GetFlagStatus                     0x0800904f   Thumb Code    14  stm32f0xx_syscfg.o(.text)
    SYSCFG_ClearFlag                         0x0800905d   Thumb Code    10  stm32f0xx_syscfg.o(.text)
    TIM_DeInit                               0x0800906d   Thumb Code   230  stm32f0xx_tim.o(.text)
    TIM_TimeBaseInit                         0x08009153   Thumb Code    88  stm32f0xx_tim.o(.text)
    TIM_TimeBaseStructInit                   0x080091ab   Thumb Code    18  stm32f0xx_tim.o(.text)
    TIM_PrescalerConfig                      0x080091bd   Thumb Code     6  stm32f0xx_tim.o(.text)
    TIM_CounterModeConfig                    0x080091c3   Thumb Code    12  stm32f0xx_tim.o(.text)
    TIM_SetCounter                           0x080091cf   Thumb Code     4  stm32f0xx_tim.o(.text)
    TIM_SetAutoreload                        0x080091d3   Thumb Code     4  stm32f0xx_tim.o(.text)
    TIM_GetCounter                           0x080091d7   Thumb Code     4  stm32f0xx_tim.o(.text)
    TIM_GetPrescaler                         0x080091db   Thumb Code     4  stm32f0xx_tim.o(.text)
    TIM_UpdateDisableConfig                  0x080091df   Thumb Code    22  stm32f0xx_tim.o(.text)
    TIM_UpdateRequestConfig                  0x080091f5   Thumb Code    22  stm32f0xx_tim.o(.text)
    TIM_ARRPreloadConfig                     0x0800920b   Thumb Code    22  stm32f0xx_tim.o(.text)
    TIM_SelectOnePulseMode                   0x08009221   Thumb Code    16  stm32f0xx_tim.o(.text)
    TIM_SetClockDivision                     0x08009231   Thumb Code    16  stm32f0xx_tim.o(.text)
    TIM_Cmd                                  0x08009241   Thumb Code    24  stm32f0xx_tim.o(.text)
    TIM_BDTRConfig                           0x08009259   Thumb Code    34  stm32f0xx_tim.o(.text)
    TIM_BDTRStructInit                       0x0800927b   Thumb Code    18  stm32f0xx_tim.o(.text)
    TIM_CtrlPWMOutputs                       0x0800928d   Thumb Code    28  stm32f0xx_tim.o(.text)
    TIM_OC1Init                              0x080092a9   Thumb Code   108  stm32f0xx_tim.o(.text)
    TIM_OC2Init                              0x08009315   Thumb Code   128  stm32f0xx_tim.o(.text)
    TIM_OC3Init                              0x08009395   Thumb Code   114  stm32f0xx_tim.o(.text)
    TIM_OC4Init                              0x08009407   Thumb Code   150  stm32f0xx_tim.o(.text)
    TIM_OCStructInit                         0x0800949d   Thumb Code    20  stm32f0xx_tim.o(.text)
    TIM_SelectOCxM                           0x080094b1   Thumb Code    74  stm32f0xx_tim.o(.text)
    TIM_SetCompare1                          0x080094fb   Thumb Code     4  stm32f0xx_tim.o(.text)
    TIM_SetCompare2                          0x080094ff   Thumb Code     4  stm32f0xx_tim.o(.text)
    TIM_SetCompare3                          0x08009503   Thumb Code     4  stm32f0xx_tim.o(.text)
    TIM_SetCompare4                          0x08009507   Thumb Code     4  stm32f0xx_tim.o(.text)
    TIM_ForcedOC1Config                      0x0800950b   Thumb Code    12  stm32f0xx_tim.o(.text)
    TIM_ForcedOC2Config                      0x08009517   Thumb Code    14  stm32f0xx_tim.o(.text)
    TIM_ForcedOC3Config                      0x08009525   Thumb Code    12  stm32f0xx_tim.o(.text)
    TIM_ForcedOC4Config                      0x08009531   Thumb Code    14  stm32f0xx_tim.o(.text)
    TIM_CCPreloadControl                     0x0800953f   Thumb Code    24  stm32f0xx_tim.o(.text)
    TIM_OC1PreloadConfig                     0x08009557   Thumb Code    12  stm32f0xx_tim.o(.text)
    TIM_OC2PreloadConfig                     0x08009563   Thumb Code    14  stm32f0xx_tim.o(.text)
    TIM_OC3PreloadConfig                     0x08009571   Thumb Code    12  stm32f0xx_tim.o(.text)
    TIM_OC4PreloadConfig                     0x0800957d   Thumb Code    14  stm32f0xx_tim.o(.text)
    TIM_OC1FastConfig                        0x0800958b   Thumb Code    12  stm32f0xx_tim.o(.text)
    TIM_OC2FastConfig                        0x08009597   Thumb Code    14  stm32f0xx_tim.o(.text)
    TIM_OC3FastConfig                        0x080095a5   Thumb Code    12  stm32f0xx_tim.o(.text)
    TIM_OC4FastConfig                        0x080095b1   Thumb Code    14  stm32f0xx_tim.o(.text)
    TIM_ClearOC1Ref                          0x080095bf   Thumb Code    12  stm32f0xx_tim.o(.text)
    TIM_ClearOC2Ref                          0x080095cb   Thumb Code    14  stm32f0xx_tim.o(.text)
    TIM_ClearOC3Ref                          0x080095d9   Thumb Code    12  stm32f0xx_tim.o(.text)
    TIM_ClearOC4Ref                          0x080095e5   Thumb Code    14  stm32f0xx_tim.o(.text)
    TIM_OC1PolarityConfig                    0x080095f3   Thumb Code    12  stm32f0xx_tim.o(.text)
    TIM_OC1NPolarityConfig                   0x080095ff   Thumb Code    12  stm32f0xx_tim.o(.text)
    TIM_OC2PolarityConfig                    0x0800960b   Thumb Code    14  stm32f0xx_tim.o(.text)
    TIM_OC2NPolarityConfig                   0x08009619   Thumb Code    14  stm32f0xx_tim.o(.text)
    TIM_OC3PolarityConfig                    0x08009627   Thumb Code    14  stm32f0xx_tim.o(.text)
    TIM_OC3NPolarityConfig                   0x08009635   Thumb Code    14  stm32f0xx_tim.o(.text)
    TIM_OC4PolarityConfig                    0x08009643   Thumb Code    14  stm32f0xx_tim.o(.text)
    TIM_SelectOCREFClear                     0x08009651   Thumb Code    16  stm32f0xx_tim.o(.text)
    TIM_CCxCmd                               0x08009661   Thumb Code    22  stm32f0xx_tim.o(.text)
    TIM_CCxNCmd                              0x08009677   Thumb Code    22  stm32f0xx_tim.o(.text)
    TIM_SelectCOM                            0x0800968d   Thumb Code    22  stm32f0xx_tim.o(.text)
    TIM_SetIC4Prescaler                      0x080096a3   Thumb Code    18  stm32f0xx_tim.o(.text)
    TIM_SetIC3Prescaler                      0x080096e3   Thumb Code    16  stm32f0xx_tim.o(.text)
    TIM_SetIC2Prescaler                      0x0800971f   Thumb Code    18  stm32f0xx_tim.o(.text)
    TIM_SetIC1Prescaler                      0x0800975b   Thumb Code    16  stm32f0xx_tim.o(.text)
    TIM_ICInit                               0x08009793   Thumb Code    90  stm32f0xx_tim.o(.text)
    TIM_ICStructInit                         0x080097ed   Thumb Code    16  stm32f0xx_tim.o(.text)
    TIM_PWMIConfig                           0x080097fd   Thumb Code   106  stm32f0xx_tim.o(.text)
    TIM_GetCapture1                          0x08009867   Thumb Code     4  stm32f0xx_tim.o(.text)
    TIM_GetCapture2                          0x0800986b   Thumb Code     4  stm32f0xx_tim.o(.text)
    TIM_GetCapture3                          0x0800986f   Thumb Code     4  stm32f0xx_tim.o(.text)
    TIM_GetCapture4                          0x08009873   Thumb Code     4  stm32f0xx_tim.o(.text)
    TIM_ITConfig                             0x08009877   Thumb Code    20  stm32f0xx_tim.o(.text)
    TIM_GenerateEvent                        0x0800988b   Thumb Code     4  stm32f0xx_tim.o(.text)
    TIM_GetFlagStatus                        0x0800988f   Thumb Code    14  stm32f0xx_tim.o(.text)
    TIM_ClearFlag                            0x0800989d   Thumb Code     6  stm32f0xx_tim.o(.text)
    TIM_GetITStatus                          0x080098a3   Thumb Code    24  stm32f0xx_tim.o(.text)
    TIM_ClearITPendingBit                    0x080098bb   Thumb Code     6  stm32f0xx_tim.o(.text)
    TIM_DMAConfig                            0x080098c1   Thumb Code     8  stm32f0xx_tim.o(.text)
    TIM_DMACmd                               0x080098c9   Thumb Code    20  stm32f0xx_tim.o(.text)
    TIM_SelectCCDMA                          0x080098dd   Thumb Code    22  stm32f0xx_tim.o(.text)
    TIM_InternalClockConfig                  0x080098f3   Thumb Code    54  stm32f0xx_tim.o(.text)
    TIM_SelectInputTrigger                   0x08009929   Thumb Code    12  stm32f0xx_tim.o(.text)
    TIM_ITRxExternalClockConfig              0x08009935   Thumb Code    20  stm32f0xx_tim.o(.text)
    TIM_TIxExternalClockConfig               0x08009949   Thumb Code    48  stm32f0xx_tim.o(.text)
    TIM_ETRConfig                            0x08009979   Thumb Code    18  stm32f0xx_tim.o(.text)
    TIM_ETRClockMode1Config                  0x0800998b   Thumb Code    30  stm32f0xx_tim.o(.text)
    TIM_ETRClockMode2Config                  0x080099a9   Thumb Code    22  stm32f0xx_tim.o(.text)
    TIM_SelectOutputTrigger                  0x080099bf   Thumb Code    16  stm32f0xx_tim.o(.text)
    TIM_SelectSlaveMode                      0x080099cf   Thumb Code    16  stm32f0xx_tim.o(.text)
    TIM_SelectMasterSlaveMode                0x080099df   Thumb Code    16  stm32f0xx_tim.o(.text)
    TIM_EncoderInterfaceConfig               0x080099ef   Thumb Code    42  stm32f0xx_tim.o(.text)
    TIM_SelectHallSensor                     0x08009a19   Thumb Code    22  stm32f0xx_tim.o(.text)
    TIM_RemapConfig                          0x08009a2f   Thumb Code     6  stm32f0xx_tim.o(.text)
    __use_no_semihosting                     0x08009a39   Thumb Code     2  use_no_semi_2.o(.text)
    __aeabi_ldivmod                          0x08009a3b   Thumb Code   112  llsdiv.o(.text)
    _ll_sdiv                                 0x08009a3b   Thumb Code     0  llsdiv.o(.text)
    __2sprintf                               0x08009aad   Thumb Code    36  noretval__2sprintf.o(.text)
    _printf_pre_padding                      0x08009ad5   Thumb Code    44  _printf_pad.o(.text)
    _printf_post_padding                     0x08009b01   Thumb Code    34  _printf_pad.o(.text)
    _printf_str                              0x08009b23   Thumb Code    82  _printf_str.o(.text)
    _printf_int_dec                          0x08009b75   Thumb Code    90  _printf_dec.o(.text)
    __printf                                 0x08009be1   Thumb Code   270  __printf_wp.o(.text)
    atoi                                     0x08009cef   Thumb Code    26  atoi.o(.text)
    strstr                                   0x08009d09   Thumb Code    40  strstr.o(.text)
    strlen                                   0x08009d31   Thumb Code    62  strlen.o(.text)
    __aeabi_memcpy                           0x08009d75   Thumb Code   130  rt_memcpy.o(.text)
    __rt_memcpy                              0x08009d75   Thumb Code     0  rt_memcpy.o(.text)
    _memset_w                                0x08009df7   Thumb Code    26  rt_memclr.o(.text)
    _memset                                  0x08009e11   Thumb Code    30  rt_memclr.o(.text)
    __aeabi_memclr                           0x08009e2f   Thumb Code     4  rt_memclr.o(.text)
    __rt_memclr                              0x08009e2f   Thumb Code     0  rt_memclr.o(.text)
    __aeabi_memclr4                          0x08009e33   Thumb Code     0  rt_memclr.o(.text)
    __aeabi_memclr8                          0x08009e33   Thumb Code     0  rt_memclr.o(.text)
    __rt_memclr_w                            0x08009e33   Thumb Code     4  rt_memclr.o(.text)
    strncpy                                  0x08009e39   Thumb Code   104  strncpy.o(.text)
    mktime                                   0x08009ee1   Thumb Code   348  mktime.o(.text)
    __aeabi_uidiv                            0x0800a04d   Thumb Code     0  aeabi_sdiv.o(.text)
    __aeabi_uidivmod                         0x0800a04d   Thumb Code    20  aeabi_sdiv.o(.text)
    __aeabi_idiv                             0x0800a061   Thumb Code     0  aeabi_sdiv.o(.text)
    __aeabi_idivmod                          0x0800a061   Thumb Code   326  aeabi_sdiv.o(.text)
    __use_two_region_memory                  0x0800a1a7   Thumb Code     2  heapauxi.o(.text)
    __rt_heap_escrow$2region                 0x0800a1a9   Thumb Code     2  heapauxi.o(.text)
    __rt_heap_expand$2region                 0x0800a1ab   Thumb Code     2  heapauxi.o(.text)
    __aeabi_d2f                              0x0800a1ad   Thumb Code     0  d2f.o(.text)
    _d2f                                     0x0800a1ad   Thumb Code   120  d2f.o(.text)
    __aeabi_ddiv                             0x0800a229   Thumb Code     0  ddiv.o(.text)
    _ddiv                                    0x0800a229   Thumb Code  1072  ddiv.o(.text)
    _drdiv                                   0x0800a659   Thumb Code    20  ddiv.o(.text)
    __aeabi_i2d_normalise                    0x0800a671   Thumb Code    66  dflti.o(.text)
    __aeabi_i2d                              0x0800a6b3   Thumb Code    16  dflti.o(.text)
    _dflt                                    0x0800a6b3   Thumb Code     0  dflti.o(.text)
    __aeabi_ui2d                             0x0800a6c3   Thumb Code     6  dflti.o(.text)
    _dfltu                                   0x0800a6c3   Thumb Code     0  dflti.o(.text)
    __I$use$semihosting                      0x0800a6c9   Thumb Code     0  use_no_semi.o(.text)
    __use_no_semihosting_swi                 0x0800a6c9   Thumb Code     2  use_no_semi.o(.text)
    __aeabi_errno_addr                       0x0800a6cd   Thumb Code     8  rt_errno_addr_intlibspace.o(.text)
    __errno$intlibspace                      0x0800a6cd   Thumb Code     0  rt_errno_addr_intlibspace.o(.text)
    __rt_errno_addr$intlibspace              0x0800a6cd   Thumb Code     0  rt_errno_addr_intlibspace.o(.text)
    __aeabi_uldivmod                         0x0800a6d5   Thumb Code   258  lludiv.o(.text)
    _ll_udiv                                 0x0800a6d5   Thumb Code     0  lludiv.o(.text)
    _printf_int_common                       0x0800a7d7   Thumb Code   176  _printf_intcommon.o(.text)
    __lib_sel_fp_printf                      0x0800a889   Thumb Code     2  _printf_fp_dec.o(.text)
    _printf_fp_dec_real                      0x0800aa23   Thumb Code   620  _printf_fp_dec.o(.text)
    _printf_char_common                      0x0800aca7   Thumb Code    32  _printf_char_common.o(.text)
    _sputc                                   0x0800accd   Thumb Code    10  _sputc.o(.text)
    _printf_cs_common                        0x0800acd7   Thumb Code    22  _printf_char.o(.text)
    _printf_char                             0x0800aced   Thumb Code    16  _printf_char.o(.text)
    _printf_string                           0x0800acfd   Thumb Code     8  _printf_char.o(.text)
    strtol                                   0x0800ad05   Thumb Code   108  strtol.o(.text)
    __rt_udiv10                              0x0800ad75   Thumb Code    40  rtudiv10.o(.text)
    __user_libspace                          0x0800ad9d   Thumb Code     8  libspace.o(.text)
    __user_perproc_libspace                  0x0800ad9d   Thumb Code     0  libspace.o(.text)
    __user_perthread_libspace                0x0800ad9d   Thumb Code     0  libspace.o(.text)
    __rt_ctype_table                         0x0800ada5   Thumb Code    16  rt_ctype_table.o(.text)
    __rt_locale                              0x0800adb5   Thumb Code     8  rt_locale_intlibspace.o(.text)
    _ll_udiv10                               0x0800adbd   Thumb Code   122  lludiv10.o(.text)
    _printf_fp_infnan                        0x0800ae39   Thumb Code   120  _printf_fp_infnan.o(.text)
    _strtoul                                 0x0800aec1   Thumb Code   166  _strtoul.o(.text)
    _btod_etento                             0x0800af69   Thumb Code   196  bigflt0.o(.text)
    _btod_d2e                                0x0800b031   Thumb Code    64  btod.o(.text)
    _btod_emul                               0x0800b427   Thumb Code    24  btod.o(.text)
    _btod_emuld                              0x0800b43f   Thumb Code    60  btod.o(.text)
    _btod_ediv                               0x0800b47b   Thumb Code    22  btod.o(.text)
    _btod_edivd                              0x0800b491   Thumb Code    60  btod.o(.text)
    __user_setup_stackheap                   0x0800b4d9   Thumb Code    62  sys_stackheap_outer.o(.text)
    _chval                                   0x0800b517   Thumb Code    30  _chval.o(.text)
    exit                                     0x0800b535   Thumb Code    12  exit.o(.text)
    strcmp                                   0x0800b541   Thumb Code   132  strcmp.o(.text)
    __ARM_common_ll_muluu                    0x0800b5c9   Thumb Code    48  btod.o(i.__ARM_common_ll_muluu)
    __ARM_common_switch8                     0x0800b5f9   Thumb Code    26  usart1.o(i.__ARM_common_switch8)
    __ARM_fpclassify                         0x0800b615   Thumb Code    40  fpclassify.o(i.__ARM_fpclassify)
    _is_digit                                0x0800b641   Thumb Code    14  __printf_wp.o(i._is_digit)
    _get_lc_numeric                          0x0800b651   Thumb Code    44  lc_numeric_c.o(locale$$code)
    _get_lc_ctype                            0x0800b67d   Thumb Code    44  lc_ctype_c.o(locale$$code)
    _printf_fp_dec                           0x0800b6a9   Thumb Code    16  printf1.o(x$fpl$printf1)
    __I$use$fp                               0x0800b6b8   Number         0  usenofp.o(x$fpl$usenofp)
    _monlen                                  0x0800b738   Data          12  _monlen.o(.constdata)
    Region$$Table$$Base                      0x0800b7d8   Number         0  anon$$obj.o(Region$$Table)
    Region$$Table$$Limit                     0x0800b7f8   Number         0  anon$$obj.o(Region$$Table)
    __ctype                                  0x0800b821   Data           0  lc_ctype_c.o(locale$$data)
    cuu                                      0x200000c0   Data           1  main.o(.data)
    LastLockState                            0x200000c1   Data           1  main.o(.data)
    LockState                                0x200000c2   Data           1  main.o(.data)
    Version                                  0x200000c3   Data          10  main.o(.data)
    PM25content                              0x200000d0   Data           4  main.o(.data)
    ProductKey                               0x200000d4   Data          12  main.o(.data)
    DeviceSecret                             0x200000e0   Data          42  main.o(.data)
    RSSI                                     0x2000010a   Data           1  main.o(.data)
    countPM25                                0x2000010c   Data           1  stm32f0xx_it.o(.data)
    PM25flag                                 0x2000010d   Data           1  stm32f0xx_it.o(.data)
    temp                                     0x2000010e   Data           2  stm32f0xx_it.o(.data)
    SystemCoreClock                          0x20000110   Data           4  system_stm32f0xx.o(.data)
    AHBPrescTable                            0x20000114   Data          16  system_stm32f0xx.o(.data)
    count                                    0x20000124   Data           1  usart1.o(.data)
    timflag                                  0x20000125   Data           1  usart1.o(.data)
    ac                                       0x20000126   Data           1  usart1.o(.data)
    stop_sys                                 0x20000127   Data           1  usart1.o(.data)
    DeviceNamelenth                          0x20000128   Data           1  usart1.o(.data)
    errorcount                               0x20000129   Data           1  usart1.o(.data)
    GSM_CON                                  0x2000012a   Data           1  usart1.o(.data)
    wireless_rxbuff_count                    0x2000012b   Data           1  usart1.o(.data)
    heartbeatcount                           0x2000012c   Data           2  usart1.o(.data)
    Dtime                                    0x20000130   Data           4  usart1.o(.data)
    addr                                     0x20000134   Data           6  usart1.o(.data)
    com1                                     0x2000013a   Data           6  usart1.o(.data)
    com2                                     0x20000140   Data           6  usart1.o(.data)
    g4g3                                     0x20000146   Data           1  usart1.o(.data)
    g4g3_flag                                0x20000147   Data           1  usart1.o(.data)
    AsynchPrediv                             0x20000148   Data           4  rtc.o(.data)
    SynchPrediv                              0x2000014c   Data           4  rtc.o(.data)
    SIMID                                    0x20000164   Data          20  main.o(.bss)
    DeviceName                               0x20000178   Data          30  main.o(.bss)
    flash_tmp                                0x20000196   Data        2048  flash_mem.o(.bss)
    DATATIME                                 0x20000996   Data          19  usart1.o(.bss)
    sendbuff                                 0x200009a9   Data         200  usart1.o(.bss)
    rxbuff1                                  0x20000a71   Data         200  usart1.o(.bss)
    rxbuff_485                               0x20000b39   Data         200  usart1.o(.bss)
    ReFlame_OneBak                           0x20000c01   Data         200  usart1.o(.bss)
    wireless_rxbuff                          0x20000cc9   Data         200  usart1.o(.bss)
    server_add1                              0x20000d91   Data          30  usart1.o(.bss)
    server_add2                              0x20000daf   Data          30  usart1.o(.bss)
    SendJsong                                0x20000dcd   Data         200  usart1.o(.bss)
    __libspace_start                         0x20000e98   Data          96  libspace.o(.bss)
    __temporary_stack_top$libspace           0x20000ef8   Data           0  libspace.o(.bss)



==============================================================================

Memory Map of the image

  Image Entry point : 0x080050b9

  Load Region LR_IROM1 (Base: 0x08005000, Size: 0x000069c8, Max: 0x00010000, ABSOLUTE)

    Execution Region ER_IROM1 (Base: 0x08005000, Size: 0x00006924, Max: 0x00010000, ABSOLUTE)

    Base Addr    Size         Type   Attr      Idx    E Section Name        Object

    0x08005000   0x000000b8   Data   RO          181    RESET               startup_stm32f030xc.o
    0x080050b8   0x00000008   Code   RO          784  * !!!main             c_p.l(__main.o)
    0x080050c0   0x0000003c   Code   RO         1028    !!!scatter          c_p.l(__scatter.o)
    0x080050fc   0x0000001a   Code   RO         1030    !!handler_copy      c_p.l(__scatter_copy.o)
    0x08005116   0x00000002   PAD
    0x08005118   0x0000001c   Code   RO         1032    !!handler_zi        c_p.l(__scatter_zi.o)
    0x08005134   0x00000002   Code   RO          761    .ARM.Collect$$_printf_percent$$00000000  c_p.l(_printf_percent.o)
    0x08005136   0x0000000a   Code   RO          760    .ARM.Collect$$_printf_percent$$00000003  c_p.l(_printf_f.o)
    0x08005140   0x0000000a   Code   RO          759    .ARM.Collect$$_printf_percent$$00000009  c_p.l(_printf_d.o)
    0x0800514a   0x0000000a   Code   RO          758    .ARM.Collect$$_printf_percent$$00000014  c_p.l(_printf_s.o)
    0x08005154   0x00000004   Code   RO          824    .ARM.Collect$$_printf_percent$$00000017  c_p.l(_printf_percent_end.o)
    0x08005158   0x00000002   Code   RO          905    .ARM.Collect$$libinit$$00000000  c_p.l(libinit.o)
    0x0800515a   0x00000000   Code   RO          907    .ARM.Collect$$libinit$$00000002  c_p.l(libinit2.o)
    0x0800515a   0x00000000   Code   RO          909    .ARM.Collect$$libinit$$00000004  c_p.l(libinit2.o)
    0x0800515a   0x00000000   Code   RO          912    .ARM.Collect$$libinit$$0000000A  c_p.l(libinit2.o)
    0x0800515a   0x00000000   Code   RO          914    .ARM.Collect$$libinit$$0000000C  c_p.l(libinit2.o)
    0x0800515a   0x00000000   Code   RO          916    .ARM.Collect$$libinit$$0000000E  c_p.l(libinit2.o)
    0x0800515a   0x00000006   Code   RO          917    .ARM.Collect$$libinit$$0000000F  c_p.l(libinit2.o)
    0x08005160   0x00000000   Code   RO          919    .ARM.Collect$$libinit$$00000011  c_p.l(libinit2.o)
    0x08005160   0x0000000c   Code   RO          920    .ARM.Collect$$libinit$$00000012  c_p.l(libinit2.o)
    0x0800516c   0x00000000   Code   RO          921    .ARM.Collect$$libinit$$00000013  c_p.l(libinit2.o)
    0x0800516c   0x00000000   Code   RO          923    .ARM.Collect$$libinit$$00000015  c_p.l(libinit2.o)
    0x0800516c   0x0000000a   Code   RO          924    .ARM.Collect$$libinit$$00000016  c_p.l(libinit2.o)
    0x08005176   0x00000000   Code   RO          925    .ARM.Collect$$libinit$$00000017  c_p.l(libinit2.o)
    0x08005176   0x00000000   Code   RO          927    .ARM.Collect$$libinit$$00000019  c_p.l(libinit2.o)
    0x08005176   0x00000000   Code   RO          929    .ARM.Collect$$libinit$$0000001B  c_p.l(libinit2.o)
    0x08005176   0x00000000   Code   RO          931    .ARM.Collect$$libinit$$0000001D  c_p.l(libinit2.o)
    0x08005176   0x00000000   Code   RO          933    .ARM.Collect$$libinit$$0000001F  c_p.l(libinit2.o)
    0x08005176   0x00000000   Code   RO          935    .ARM.Collect$$libinit$$00000021  c_p.l(libinit2.o)
    0x08005176   0x00000000   Code   RO          937    .ARM.Collect$$libinit$$00000023  c_p.l(libinit2.o)
    0x08005176   0x00000000   Code   RO          939    .ARM.Collect$$libinit$$00000025  c_p.l(libinit2.o)
    0x08005176   0x00000000   Code   RO          943    .ARM.Collect$$libinit$$0000002C  c_p.l(libinit2.o)
    0x08005176   0x00000000   Code   RO          945    .ARM.Collect$$libinit$$0000002E  c_p.l(libinit2.o)
    0x08005176   0x00000000   Code   RO          947    .ARM.Collect$$libinit$$00000030  c_p.l(libinit2.o)
    0x08005176   0x00000000   Code   RO          949    .ARM.Collect$$libinit$$00000032  c_p.l(libinit2.o)
    0x08005176   0x00000002   Code   RO          950    .ARM.Collect$$libinit$$00000033  c_p.l(libinit2.o)
    0x08005178   0x00000002   Code   RO          993    .ARM.Collect$$libshutdown$$00000000  c_p.l(libshutdown.o)
    0x0800517a   0x00000000   Code   RO         1013    .ARM.Collect$$libshutdown$$00000003  c_p.l(libshutdown2.o)
    0x0800517a   0x00000000   Code   RO         1016    .ARM.Collect$$libshutdown$$00000006  c_p.l(libshutdown2.o)
    0x0800517a   0x00000000   Code   RO         1019    .ARM.Collect$$libshutdown$$00000009  c_p.l(libshutdown2.o)
    0x0800517a   0x00000000   Code   RO         1021    .ARM.Collect$$libshutdown$$0000000B  c_p.l(libshutdown2.o)
    0x0800517a   0x00000000   Code   RO         1024    .ARM.Collect$$libshutdown$$0000000E  c_p.l(libshutdown2.o)
    0x0800517a   0x00000002   Code   RO         1025    .ARM.Collect$$libshutdown$$0000000F  c_p.l(libshutdown2.o)
    0x0800517c   0x00000000   Code   RO          802    .ARM.Collect$$rtentry$$00000000  c_p.l(__rtentry.o)
    0x0800517c   0x00000000   Code   RO          835    .ARM.Collect$$rtentry$$00000002  c_p.l(__rtentry2.o)
    0x0800517c   0x00000006   Code   RO          847    .ARM.Collect$$rtentry$$00000004  c_p.l(__rtentry4.o)
    0x08005182   0x00000000   Code   RO          837    .ARM.Collect$$rtentry$$00000009  c_p.l(__rtentry2.o)
    0x08005182   0x00000004   Code   RO          838    .ARM.Collect$$rtentry$$0000000A  c_p.l(__rtentry2.o)
    0x08005186   0x00000000   Code   RO          840    .ARM.Collect$$rtentry$$0000000C  c_p.l(__rtentry2.o)
    0x08005186   0x00000008   Code   RO          841    .ARM.Collect$$rtentry$$0000000D  c_p.l(__rtentry2.o)
    0x0800518e   0x00000002   Code   RO          952    .ARM.Collect$$rtexit$$00000000  c_p.l(rtexit.o)
    0x08005190   0x00000000   Code   RO          965    .ARM.Collect$$rtexit$$00000002  c_p.l(rtexit2.o)
    0x08005190   0x00000004   Code   RO          966    .ARM.Collect$$rtexit$$00000003  c_p.l(rtexit2.o)
    0x08005194   0x00000006   Code   RO          967    .ARM.Collect$$rtexit$$00000004  c_p.l(rtexit2.o)
    0x0800519a   0x00000002   PAD
    0x0800519c   0x00000038   Code   RO          768    .emb_text           c_p.l(rt_memcpy.o)
    0x080051d4   0x000003e8   Code   RO            2    .text               main.o
    0x080055bc   0x000000ac   Code   RO          134    .text               stm32f0xx_it.o
    0x08005668   0x00000168   Code   RO          158    .text               system_stm32f0xx.o
    0x080057d0   0x00000074   Code   RO          182    .text               startup_stm32f030xc.o
    0x08005844   0x00000114   Code   RO          187    .text               flash_mem.o
    0x08005958   0x00001424   Code   RO          222    .text               usart1.o
    0x08006d7c   0x00000160   Code   RO          272    .text               rtc.o
    0x08006edc   0x00000088   Code   RO          297    .text               adc.o
    0x08006f64   0x00000090   Code   RO          338    .text               delay.o
    0x08006ff4   0x000001b4   Code   RO          356    .text               stm32f0xx_gpio.o
    0x080071a8   0x00000550   Code   RO          372    .text               stm32f0xx_rcc.o
    0x080076f8   0x00000088   Code   RO          390    .text               stm32f0xx_misc.o
    0x08007780   0x0000055a   Code   RO          406    .text               stm32f0xx_usart.o
    0x08007cda   0x00000002   PAD
    0x08007cdc   0x00000260   Code   RO          422    .text               stm32f0xx_adc.o
    0x08007f3c   0x000000cc   Code   RO          549    .text               stm32f0xx_exti.o
    0x08008008   0x00000504   Code   RO          568    .text               stm32f0xx_flash.o
    0x0800850c   0x00000044   Code   RO          603    .text               stm32f0xx_iwdg.o
    0x08008550   0x000000fc   Code   RO          619    .text               stm32f0xx_pwr.o
    0x0800864c   0x00000958   Code   RO          635    .text               stm32f0xx_rtc.o
    0x08008fa4   0x000000c8   Code   RO          670    .text               stm32f0xx_syscfg.o
    0x0800906c   0x000009cc   Code   RO          686    .text               stm32f0xx_tim.o
    0x08009a38   0x00000002   Code   RO          722    .text               c_p.l(use_no_semi_2.o)
    0x08009a3a   0x00000070   Code   RO          724    .text               c_p.l(llsdiv.o)
    0x08009aaa   0x00000002   PAD
    0x08009aac   0x00000028   Code   RO          728    .text               c_p.l(noretval__2sprintf.o)
    0x08009ad4   0x0000004e   Code   RO          732    .text               c_p.l(_printf_pad.o)
    0x08009b22   0x00000052   Code   RO          734    .text               c_p.l(_printf_str.o)
    0x08009b74   0x0000006c   Code   RO          736    .text               c_p.l(_printf_dec.o)
    0x08009be0   0x0000010e   Code   RO          746    .text               c_p.l(__printf_wp.o)
    0x08009cee   0x0000001a   Code   RO          762    .text               c_p.l(atoi.o)
    0x08009d08   0x00000028   Code   RO          764    .text               c_p.l(strstr.o)
    0x08009d30   0x00000044   Code   RO          766    .text               c_p.l(strlen.o)
    0x08009d74   0x00000082   Code   RO          769    .text               c_p.l(rt_memcpy.o)
    0x08009df6   0x00000040   Code   RO          772    .text               c_p.l(rt_memclr.o)
    0x08009e36   0x00000002   PAD
    0x08009e38   0x0000006c   Code   RO          774    .text               c_p.l(strncpy.o)
    0x08009ea4   0x000001a8   Code   RO          776    .text               c_p.l(mktime.o)
    0x0800a04c   0x0000015a   Code   RO          778    .text               c_p.l(aeabi_sdiv.o)
    0x0800a1a6   0x00000006   Code   RO          782    .text               c_p.l(heapauxi.o)
    0x0800a1ac   0x0000007c   Code   RO          786    .text               fz_ps.l(d2f.o)
    0x0800a228   0x00000448   Code   RO          788    .text               fz_ps.l(ddiv.o)
    0x0800a670   0x00000058   Code   RO          791    .text               fz_ps.l(dflti.o)
    0x0800a6c8   0x00000002   Code   RO          800    .text               c_p.l(use_no_semi.o)
    0x0800a6ca   0x00000002   PAD
    0x0800a6cc   0x00000008   Code   RO          810    .text               c_p.l(rt_errno_addr_intlibspace.o)
    0x0800a6d4   0x00000102   Code   RO          812    .text               c_p.l(lludiv.o)
    0x0800a7d6   0x000000b0   Code   RO          814    .text               c_p.l(_printf_intcommon.o)
    0x0800a886   0x00000002   PAD
    0x0800a888   0x00000414   Code   RO          816    .text               c_p.l(_printf_fp_dec.o)
    0x0800ac9c   0x00000030   Code   RO          818    .text               c_p.l(_printf_char_common.o)
    0x0800accc   0x0000000a   Code   RO          820    .text               c_p.l(_sputc.o)
    0x0800acd6   0x0000002e   Code   RO          822    .text               c_p.l(_printf_char.o)
    0x0800ad04   0x00000070   Code   RO          825    .text               c_p.l(strtol.o)
    0x0800ad74   0x00000028   Code   RO          828    .text               c_p.l(rtudiv10.o)
    0x0800ad9c   0x00000008   Code   RO          831    .text               c_p.l(libspace.o)
    0x0800ada4   0x00000010   Code   RO          849    .text               c_p.l(rt_ctype_table.o)
    0x0800adb4   0x00000008   Code   RO          860    .text               c_p.l(rt_locale_intlibspace.o)
    0x0800adbc   0x0000007a   Code   RO          862    .text               c_p.l(lludiv10.o)
    0x0800ae36   0x00000002   PAD
    0x0800ae38   0x00000088   Code   RO          864    .text               c_p.l(_printf_fp_infnan.o)
    0x0800aec0   0x000000a6   Code   RO          868    .text               c_p.l(_strtoul.o)
    0x0800af66   0x00000002   PAD
    0x0800af68   0x000000c8   Code   RO          870    .text               c_p.l(bigflt0.o)
    0x0800b030   0x000004a8   Code   RO          873    .text               c_p.l(btod.o)
    0x0800b4d8   0x0000003e   Code   RO          884    .text               c_p.l(sys_stackheap_outer.o)
    0x0800b516   0x0000001e   Code   RO          887    .text               c_p.l(_chval.o)
    0x0800b534   0x0000000c   Code   RO          892    .text               c_p.l(exit.o)
    0x0800b540   0x00000088   Code   RO          898    .text               c_p.l(strcmp.o)
    0x0800b5c8   0x00000030   Code   RO          875    i.__ARM_common_ll_muluu  c_p.l(btod.o)
    0x0800b5f8   0x0000001a   Code   RO          246    i.__ARM_common_switch8  usart1.o
    0x0800b612   0x00000002   PAD
    0x0800b614   0x0000002c   Code   RO          882    i.__ARM_fpclassify  m_ps.l(fpclassify.o)
    0x0800b640   0x0000000e   Code   RO          748    i._is_digit         c_p.l(__printf_wp.o)
    0x0800b64e   0x00000002   PAD
    0x0800b650   0x0000002c   Code   RO          878    locale$$code        c_p.l(lc_numeric_c.o)
    0x0800b67c   0x0000002c   Code   RO          890    locale$$code        c_p.l(lc_ctype_c.o)
    0x0800b6a8   0x00000010   Code   RO          798    x$fpl$printf1       fz_ps.l(printf1.o)
    0x0800b6b8   0x00000000   Code   RO          830    x$fpl$usenofp       fz_ps.l(usenofp.o)
    0x0800b6b8   0x00000080   Data   RO          789    .constdata          fz_ps.l(ddiv.o)
    0x0800b738   0x0000000c   Data   RO          827    .constdata          c_p.l(_monlen.o)
    0x0800b744   0x00000094   Data   RO          871    .constdata          c_p.l(bigflt0.o)
    0x0800b7d8   0x00000020   Data   RO         1026    Region$$Table       anon$$obj.o
    0x0800b7f8   0x0000001c   Data   RO          877    locale$$data        c_p.l(lc_numeric_c.o)
    0x0800b814   0x00000110   Data   RO          889    locale$$data        c_p.l(lc_ctype_c.o)


    Execution Region RW_IRAM1 (Base: 0x20000000, Size: 0x00000000, Max: 0x000000c0, ABSOLUTE)

    **** No section assigned to this execution region ****


    Execution Region RW_IRAM2 (Base: 0x200000c0, Size: 0x00001438, Max: 0x00001f40, ABSOLUTE)

    Base Addr    Size         Type   Attr      Idx    E Section Name        Object

    0x200000c0   0x00000003   Data   RW            5    .data               main.o
    0x200000c3   0x0000000a   Data   RW            6    .data               main.o
    0x200000cd   0x00000003   PAD
    0x200000d0   0x00000004   Data   RW           25    .data               main.o
    0x200000d4   0x0000000c   Data   RW           26    .data               main.o
    0x200000e0   0x0000002a   Data   RW           27    .data               main.o
    0x2000010a   0x00000001   Data   RW           34    .data               main.o
    0x2000010b   0x00000001   PAD
    0x2000010c   0x00000004   Data   RW          135    .data               stm32f0xx_it.o
    0x20000110   0x00000014   Data   RW          159    .data               system_stm32f0xx.o
    0x20000124   0x00000022   Data   RW          224    .data               usart1.o
    0x20000146   0x00000001   Data   RW          226    .data               usart1.o
    0x20000147   0x00000001   Data   RW          227    .data               usart1.o
    0x20000148   0x00000008   Data   RW          273    .data               rtc.o
    0x20000150   0x00000004   Data   RW          339    .data               delay.o
    0x20000154   0x00000010   Data   RW          373    .data               stm32f0xx_rcc.o
    0x20000164   0x00000014   Zero   RW            3    .bss                main.o
    0x20000178   0x0000001e   Zero   RW            4    .bss                main.o
    0x20000196   0x00000800   Zero   RW          188    .bss                flash_mem.o
    0x20000996   0x000004ff   Zero   RW          223    .bss                usart1.o
    0x20000e95   0x00000003   PAD
    0x20000e98   0x00000060   Zero   RW          832    .bss                c_p.l(libspace.o)
    0x20000ef8   0x00000200   Zero   RW          180    HEAP                startup_stm32f030xc.o
    0x200010f8   0x00000400   Zero   RW          179    STACK               startup_stm32f030xc.o


==============================================================================

Image component sizes


      Code (inc. data)   RO Data    RW Data    ZI Data      Debug   Object Name

       136         10          0          0          0       8648   adc.o
       144         16          0          4          0        975   delay.o
       276          4          0          0       2048     161047   flash_mem.o
      1000         50          0         72         50     202835   main.o
       352          8          0          8          0      15425   rtc.o
       116         56        184          0       1536        624   startup_stm32f030xc.o
       608         14          0          0          0       7335   stm32f0xx_adc.o
       204         14          0          0          0       5027   stm32f0xx_exti.o
      1284         24          0          0          0       8393   stm32f0xx_flash.o
       436         26          0          0          0       3829   stm32f0xx_gpio.o
       172         24          0          4          0       1145   stm32f0xx_it.o
        68         12          0          0          0       1425   stm32f0xx_iwdg.o
       136         18          0          0          0       1404   stm32f0xx_misc.o
       252          8          0          0          0       2198   stm32f0xx_pwr.o
      1360         48          0         16          0       9516   stm32f0xx_rcc.o
      2392         50          0          0          0      14290   stm32f0xx_rtc.o
       200          6          0          0          0       2358   stm32f0xx_syscfg.o
      2508        116          0          0          0      23797   stm32f0xx_tim.o
      1370         42          0          0          0      12698   stm32f0xx_usart.o
       360         28          0         20          0       1583   system_stm32f0xx.o
      5182        992          0         36       1279      34915   usart1.o

    ----------------------------------------------------------------------
     18560       1566        216        164       4916     519467   Object Totals
         0          0         32          0          0          0   (incl. Generated)
         4          0          0          4          3          0   (incl. Padding)

    ----------------------------------------------------------------------

      Code (inc. data)   RO Data    RW Data    ZI Data      Debug   Library Member Name

         8          0          0          0          0         68   __main.o
       284          0          0          0          0        136   __printf_wp.o
         0          0          0          0          0          0   __rtentry.o
        12          0          0          0          0          0   __rtentry2.o
         6          0          0          0          0          0   __rtentry4.o
        60          8          0          0          0          0   __scatter.o
        26          0          0          0          0          0   __scatter_copy.o
        28          0          0          0          0          0   __scatter_zi.o
        30          0          0          0          0         60   _chval.o
         0          0         12          0          0          0   _monlen.o
        46          0          0          0          0        100   _printf_char.o
        48          6          0          0          0         88   _printf_char_common.o
        10          0          0          0          0          0   _printf_d.o
       108         18          0          0          0         76   _printf_dec.o
        10          0          0          0          0          0   _printf_f.o
      1044         14          0          0          0        176   _printf_fp_dec.o
       136         16          0          0          0         76   _printf_fp_infnan.o
       176          0          0          0          0         84   _printf_intcommon.o
        78          0          0          0          0        100   _printf_pad.o
         2          0          0          0          0          0   _printf_percent.o
         4          0          0          0          0          0   _printf_percent_end.o
        10          0          0          0          0          0   _printf_s.o
        82          0          0          0          0         72   _printf_str.o
        10          0          0          0          0         60   _sputc.o
       166          0          0          0          0         84   _strtoul.o
       346          0          0          0          0         92   aeabi_sdiv.o
        26          0          0          0          0         72   atoi.o
       200          4        148          0          0         80   bigflt0.o
      1240         12          0          0          0        316   btod.o
        12          0          0          0          0         64   exit.o
         6          0          0          0          0        136   heapauxi.o
        44         10        272          0          0         76   lc_ctype_c.o
        44         10         28          0          0         76   lc_numeric_c.o
         2          0          0          0          0          0   libinit.o
        30          0          0          0          0          0   libinit2.o
         2          0          0          0          0          0   libshutdown.o
         2          0          0          0          0          0   libshutdown2.o
         8          4          0          0         96         68   libspace.o
       112          0          0          0          0         72   llsdiv.o
       258          0          0          0          0         88   lludiv.o
       122          0          0          0          0         72   lludiv10.o
       424         16          0          0          0        112   mktime.o
        40          4          0          0          0         84   noretval__2sprintf.o
        16          4          0          0          0         76   rt_ctype_table.o
         8          4          0          0          0         68   rt_errno_addr_intlibspace.o
         8          4          0          0          0         68   rt_locale_intlibspace.o
        64          0          0          0          0        108   rt_memclr.o
       186          0          0          0          0        144   rt_memcpy.o
         2          0          0          0          0          0   rtexit.o
        10          0          0          0          0          0   rtexit2.o
        40          0          0          0          0         60   rtudiv10.o
       136          4          0          0          0         72   strcmp.o
        68          6          0          0          0         72   strlen.o
       108          4          0          0          0         76   strncpy.o
        40          0          0          0          0         72   strstr.o
       112          4          0          0          0         76   strtol.o
        62          0          0          0          0         80   sys_stackheap_outer.o
         2          0          0          0          0         68   use_no_semi.o
         2          0          0          0          0         68   use_no_semi_2.o
       124          4          0          0          0         72   d2f.o
      1096         26        128          0          0        112   ddiv.o
        88          0          0          0          0         92   dflti.o
        16          4          0          0          0         76   printf1.o
         0          0          0          0          0          0   usenofp.o
        44          4          0          0          0         60   fpclassify.o

    ----------------------------------------------------------------------
      7552        190        588          0         96       4108   Library Totals
        18          0          0          0          0          0   (incl. Padding)

    ----------------------------------------------------------------------

      Code (inc. data)   RO Data    RW Data    ZI Data      Debug   Library Name

      6166        152        460          0         96       3696   c_p.l
      1324         34        128          0          0        352   fz_ps.l
        44          4          0          0          0         60   m_ps.l

    ----------------------------------------------------------------------
      7552        190        588          0         96       4108   Library Totals

    ----------------------------------------------------------------------

==============================================================================


      Code (inc. data)   RO Data    RW Data    ZI Data      Debug   

     26112       1756        804        164       5012     519363   Grand Totals
     26112       1756        804        164       5012     519363   ELF Image Totals
     26112       1756        804        164          0          0   ROM Totals

==============================================================================

    Total RO  Size (Code + RO Data)                26916 (  26.29kB)
    Total RW  Size (RW Data + ZI Data)              5176 (   5.05kB)
    Total ROM Size (Code + RO Data + RW Data)      27080 (  26.45kB)

==============================================================================

