Component: ARM Compiler 5.06 update 6 (build 750) Tool: armlink [4d35ed]

==============================================================================

Section Cross References

    main.o(.text) refers to stm32f0xx_usart.o(.text) for USART_SendData
    main.o(.text) refers to delay.o(.text) for delay_init
    main.o(.text) refers to usart1.o(.text) for USART1_Init
    main.o(.text) refers to strcpy.o(.text) for strcpy
    main.o(.text) refers to strstr.o(.text) for strstr
    main.o(.text) refers to stm32f0xx_iwdg.o(.text) for IWDG_Enable
    main.o(.text) refers to strcat.o(.text) for strcat
    main.o(.text) refers to usart1.o(.bss) for RB
    main.o(.text) refers to main.o(.bss) for xinh
    main.o(.text) refers to main.o(.data) for strx
    main.o(.data) refers to main.o(.bss) for addr
    system_stm32f0xx.o(.text) refers to aeabi_sdiv.o(.text) for __aeabi_uidivmod
    system_stm32f0xx.o(.text) refers to system_stm32f0xx.o(.data) for SystemCoreClock
    startup_stm32f030xc.o(STACK) refers (Special) to heapauxi.o(.text) for __use_two_region_memory
    startup_stm32f030xc.o(HEAP) refers (Special) to heapauxi.o(.text) for __use_two_region_memory
    startup_stm32f030xc.o(RESET) refers (Special) to heapauxi.o(.text) for __use_two_region_memory
    startup_stm32f030xc.o(RESET) refers to startup_stm32f030xc.o(STACK) for __initial_sp
    startup_stm32f030xc.o(RESET) refers to startup_stm32f030xc.o(.text) for Reset_Handler
    startup_stm32f030xc.o(RESET) refers to stm32f0xx_it.o(.text) for NMI_Handler
    startup_stm32f030xc.o(RESET) refers to usart1.o(.text) for TIM3_IRQHandler
    startup_stm32f030xc.o(.text) refers (Special) to heapauxi.o(.text) for __use_two_region_memory
    startup_stm32f030xc.o(.text) refers to startup_stm32f030xc.o(STACK) for __initial_sp
    startup_stm32f030xc.o(.text) refers to system_stm32f0xx.o(.text) for SystemInit
    startup_stm32f030xc.o(.text) refers to __main.o(!!!main) for __main
    startup_stm32f030xc.o(.text) refers to startup_stm32f030xc.o(HEAP) for Heap_Mem
    usart1.o(.emb_text) refers (Special) to use_no_semi_2.o(.text) for __use_no_semihosting
    usart1.o(.text) refers (Special) to use_no_semi_2.o(.text) for __use_no_semihosting
    usart1.o(.text) refers to stm32f0xx_rcc.o(.text) for RCC_AHBPeriphClockCmd
    usart1.o(.text) refers to stm32f0xx_gpio.o(.text) for GPIO_PinAFConfig
    usart1.o(.text) refers to stm32f0xx_usart.o(.text) for USART_Init
    usart1.o(.text) refers to stm32f0xx_misc.o(.text) for NVIC_Init
    usart1.o(.text) refers to stm32f0xx_tim.o(.text) for TIM_TimeBaseInit
    usart1.o(.text) refers to rt_memclr.o(.text) for __aeabi_memclr
    usart1.o(.text) refers to rt_memcpy.o(.text) for __aeabi_memcpy
    usart1.o(.text) refers to delay.o(.text) for delay_ms
    usart1.o(.text) refers to usart1.o(.bss) for rxbuff1
    usart1.o(.text) refers to usart1.o(.data) for count
    usart1.o(.text) refers to strstr.o(.text) for strstr
    usart1.o(.text) refers to stm32f0xx_iwdg.o(.text) for IWDG_WriteAccessCmd
    usart1.o(.bss) refers (Special) to use_no_semi_2.o(.text) for __use_no_semihosting
    usart1.o(.data) refers (Special) to use_no_semi_2.o(.text) for __use_no_semihosting
    delay.o(.text) refers to stm32f0xx_misc.o(.text) for SysTick_CLKSourceConfig
    delay.o(.text) refers to aeabi_sdiv.o(.text) for __aeabi_uidivmod
    delay.o(.text) refers to system_stm32f0xx.o(.data) for SystemCoreClock
    delay.o(.text) refers to delay.o(.data) for fac_us
    stm32f0xx_gpio.o(.text) refers to stm32f0xx_rcc.o(.text) for RCC_AHBPeriphResetCmd
    stm32f0xx_rcc.o(.text) refers to aeabi_sdiv.o(.text) for __aeabi_uidivmod
    stm32f0xx_rcc.o(.text) refers to stm32f0xx_rcc.o(.data) for APBAHBPrescTable
    stm32f0xx_usart.o(.text) refers to stm32f0xx_rcc.o(.text) for RCC_APB2PeriphResetCmd
    stm32f0xx_usart.o(.text) refers to aeabi_sdiv.o(.text) for __aeabi_uidivmod
    stm32f0xx_adc.o(.text) refers to stm32f0xx_rcc.o(.text) for RCC_APB2PeriphResetCmd
    stm32f0xx_cec.o(.text) refers to stm32f0xx_rcc.o(.text) for RCC_APB1PeriphResetCmd
    stm32f0xx_dac.o(.text) refers to stm32f0xx_rcc.o(.text) for RCC_APB1PeriphResetCmd
    stm32f0xx_i2c.o(.text) refers to stm32f0xx_rcc.o(.text) for RCC_APB1PeriphResetCmd
    stm32f0xx_pwr.o(.text) refers to stm32f0xx_rcc.o(.text) for RCC_APB1PeriphResetCmd
    stm32f0xx_spi.o(.text) refers to stm32f0xx_rcc.o(.text) for RCC_APB2PeriphResetCmd
    stm32f0xx_spi.o(.text) refers to aeabi_sdiv.o(.text) for __aeabi_uidivmod
    stm32f0xx_tim.o(.text) refers to stm32f0xx_rcc.o(.text) for RCC_APB2PeriphResetCmd
    stm32f0xx_wwdg.o(.text) refers to stm32f0xx_rcc.o(.text) for RCC_APB1PeriphResetCmd
    use_no_semi_2.o(.text) refers (Special) to use_no_semi.o(.text) for __use_no_semihosting_swi
    rt_memcpy.o(.text) refers to rt_memcpy.o(.emb_text) for __aeabi_memcpy4
    __main.o(!!!main) refers to __rtentry.o(.ARM.Collect$$rtentry$$00000000) for __rt_entry
    __rtentry.o(.ARM.Collect$$rtentry$$00000000) refers (Special) to __rtentry2.o(.ARM.Collect$$rtentry$$0000000A) for __rt_entry_li
    __rtentry.o(.ARM.Collect$$rtentry$$00000000) refers (Special) to __rtentry2.o(.ARM.Collect$$rtentry$$0000000D) for __rt_entry_main
    __rtentry.o(.ARM.Collect$$rtentry$$00000000) refers (Special) to __rtentry2.o(.ARM.Collect$$rtentry$$0000000C) for __rt_entry_postli_1
    __rtentry.o(.ARM.Collect$$rtentry$$00000000) refers (Special) to __rtentry2.o(.ARM.Collect$$rtentry$$00000009) for __rt_entry_postsh_1
    __rtentry.o(.ARM.Collect$$rtentry$$00000000) refers (Special) to __rtentry2.o(.ARM.Collect$$rtentry$$00000002) for __rt_entry_presh_1
    __rtentry.o(.ARM.Collect$$rtentry$$00000000) refers (Special) to __rtentry4.o(.ARM.Collect$$rtentry$$00000004) for __rt_entry_sh
    aeabi_idiv0_sigfpe.o(.text) refers to rt_div0.o(.text) for __rt_div0
    __rtentry2.o(.ARM.Collect$$rtentry$$00000008) refers to boardinit2.o(.text) for _platform_post_stackheap_init
    __rtentry2.o(.ARM.Collect$$rtentry$$0000000A) refers to libinit.o(.ARM.Collect$$libinit$$00000000) for __rt_lib_init
    __rtentry2.o(.ARM.Collect$$rtentry$$0000000B) refers to boardinit3.o(.text) for _platform_post_lib_init
    __rtentry2.o(.ARM.Collect$$rtentry$$0000000D) refers to main.o(.text) for main
    __rtentry2.o(.ARM.Collect$$rtentry$$0000000D) refers to exit.o(.text) for exit
    __rtentry2.o(.ARM.exidx) refers to __rtentry2.o(.ARM.Collect$$rtentry$$00000001) for .ARM.Collect$$rtentry$$00000001
    __rtentry2.o(.ARM.exidx) refers to __rtentry2.o(.ARM.Collect$$rtentry$$00000008) for .ARM.Collect$$rtentry$$00000008
    __rtentry2.o(.ARM.exidx) refers to __rtentry2.o(.ARM.Collect$$rtentry$$0000000A) for .ARM.Collect$$rtentry$$0000000A
    __rtentry2.o(.ARM.exidx) refers to __rtentry2.o(.ARM.Collect$$rtentry$$0000000B) for .ARM.Collect$$rtentry$$0000000B
    __rtentry2.o(.ARM.exidx) refers to __rtentry2.o(.ARM.Collect$$rtentry$$0000000D) for .ARM.Collect$$rtentry$$0000000D
    __rtentry4.o(.ARM.Collect$$rtentry$$00000004) refers to sys_stackheap_outer.o(.text) for __user_setup_stackheap
    __rtentry4.o(.ARM.exidx) refers to __rtentry4.o(.ARM.Collect$$rtentry$$00000004) for .ARM.Collect$$rtentry$$00000004
    rt_div0.o(.text) refers to defsig_fpe_outer.o(.text) for __rt_SIGFPE
    sys_stackheap_outer.o(.text) refers to libspace.o(.text) for __user_perproc_libspace
    sys_stackheap_outer.o(.text) refers to startup_stm32f030xc.o(.text) for __user_initial_stackheap
    sys_stackheap_outer.o(__vectab_stack_and_reset_area) refers to tempstk.o(.text) for __temporary_stack_top
    sys_stackheap_outer.o(__vectab_stack_and_reset_area) refers to __main.o(!!!main) for __main
    exit.o(.text) refers to rtexit.o(.ARM.Collect$$rtexit$$00000000) for __rt_exit
    defsig_fpe_outer.o(.text) refers to defsig_fpe_inner.o(.text) for __rt_SIGFPE_inner
    defsig_fpe_outer.o(.text) refers to defsig_exit.o(.text) for __sig_exit
    defsig_fpe_formal.o(.text) refers to rt_raise.o(.text) for __rt_raise
    libinit.o(.ARM.Collect$$libinit$$00000000) refers (Special) to libinit2.o(.ARM.Collect$$libinit$$0000002E) for __rt_lib_init_alloca_1
    libinit.o(.ARM.Collect$$libinit$$00000000) refers (Special) to libinit2.o(.ARM.Collect$$libinit$$0000002C) for __rt_lib_init_argv_1
    libinit.o(.ARM.Collect$$libinit$$00000000) refers (Special) to libinit2.o(.ARM.Collect$$libinit$$0000001B) for __rt_lib_init_atexit_1
    libinit.o(.ARM.Collect$$libinit$$00000000) refers (Special) to libinit2.o(.ARM.Collect$$libinit$$00000021) for __rt_lib_init_clock_1
    libinit.o(.ARM.Collect$$libinit$$00000000) refers (Special) to libinit2.o(.ARM.Collect$$libinit$$00000032) for __rt_lib_init_cpp_1
    libinit.o(.ARM.Collect$$libinit$$00000000) refers (Special) to libinit2.o(.ARM.Collect$$libinit$$00000030) for __rt_lib_init_exceptions_1
    libinit.o(.ARM.Collect$$libinit$$00000000) refers (Special) to libinit2.o(.ARM.Collect$$libinit$$00000002) for __rt_lib_init_fp_1
    libinit.o(.ARM.Collect$$libinit$$00000000) refers (Special) to libinit2.o(.ARM.Collect$$libinit$$0000001F) for __rt_lib_init_fp_trap_1
    libinit.o(.ARM.Collect$$libinit$$00000000) refers (Special) to libinit2.o(.ARM.Collect$$libinit$$00000023) for __rt_lib_init_getenv_1
    libinit.o(.ARM.Collect$$libinit$$00000000) refers (Special) to libinit2.o(.ARM.Collect$$libinit$$0000000A) for __rt_lib_init_heap_1
    libinit.o(.ARM.Collect$$libinit$$00000000) refers (Special) to libinit2.o(.ARM.Collect$$libinit$$00000011) for __rt_lib_init_lc_collate_1
    libinit.o(.ARM.Collect$$libinit$$00000000) refers (Special) to libinit2.o(.ARM.Collect$$libinit$$00000013) for __rt_lib_init_lc_ctype_1
    libinit.o(.ARM.Collect$$libinit$$00000000) refers (Special) to libinit2.o(.ARM.Collect$$libinit$$00000015) for __rt_lib_init_lc_monetary_1
    libinit.o(.ARM.Collect$$libinit$$00000000) refers (Special) to libinit2.o(.ARM.Collect$$libinit$$00000017) for __rt_lib_init_lc_numeric_1
    libinit.o(.ARM.Collect$$libinit$$00000000) refers (Special) to libinit2.o(.ARM.Collect$$libinit$$00000019) for __rt_lib_init_lc_time_1
    libinit.o(.ARM.Collect$$libinit$$00000000) refers (Special) to libinit2.o(.ARM.Collect$$libinit$$00000004) for __rt_lib_init_preinit_1
    libinit.o(.ARM.Collect$$libinit$$00000000) refers (Special) to libinit2.o(.ARM.Collect$$libinit$$0000000E) for __rt_lib_init_rand_1
    libinit.o(.ARM.Collect$$libinit$$00000000) refers (Special) to libinit2.o(.ARM.Collect$$libinit$$00000033) for __rt_lib_init_return
    libinit.o(.ARM.Collect$$libinit$$00000000) refers (Special) to libinit2.o(.ARM.Collect$$libinit$$0000001D) for __rt_lib_init_signal_1
    libinit.o(.ARM.Collect$$libinit$$00000000) refers (Special) to libinit2.o(.ARM.Collect$$libinit$$00000025) for __rt_lib_init_stdio_1
    libinit.o(.ARM.Collect$$libinit$$00000000) refers (Special) to libinit2.o(.ARM.Collect$$libinit$$0000000C) for __rt_lib_init_user_alloc_1
    libspace.o(.text) refers to libspace.o(.bss) for __libspace_start
    rtexit.o(.ARM.Collect$$rtexit$$00000000) refers (Special) to rtexit2.o(.ARM.Collect$$rtexit$$00000004) for __rt_exit_exit
    rtexit.o(.ARM.Collect$$rtexit$$00000000) refers (Special) to rtexit2.o(.ARM.Collect$$rtexit$$00000003) for __rt_exit_ls
    rtexit.o(.ARM.Collect$$rtexit$$00000000) refers (Special) to rtexit2.o(.ARM.Collect$$rtexit$$00000002) for __rt_exit_prels_1
    rtexit.o(.ARM.exidx) refers (Special) to rtexit2.o(.ARM.Collect$$rtexit$$00000004) for __rt_exit_exit
    rtexit.o(.ARM.exidx) refers (Special) to rtexit2.o(.ARM.Collect$$rtexit$$00000003) for __rt_exit_ls
    rtexit.o(.ARM.exidx) refers (Special) to rtexit2.o(.ARM.Collect$$rtexit$$00000002) for __rt_exit_prels_1
    rtexit.o(.ARM.exidx) refers to rtexit.o(.ARM.Collect$$rtexit$$00000000) for .ARM.Collect$$rtexit$$00000000
    rt_raise.o(.text) refers to __raise.o(.text) for __raise
    rt_raise.o(.text) refers to usart1.o(.text) for _sys_exit
    defsig_exit.o(.text) refers to usart1.o(.text) for _sys_exit
    defsig_fpe_inner.o(.text) refers to defsig_general.o(.text) for __default_signal_display
    libinit2.o(.ARM.Collect$$libinit$$00000010) refers to libinit2.o(.ARM.Collect$$libinit$$0000000F) for .ARM.Collect$$libinit$$0000000F
    libinit2.o(.ARM.Collect$$libinit$$00000012) refers to libinit2.o(.ARM.Collect$$libinit$$0000000F) for .ARM.Collect$$libinit$$0000000F
    libinit2.o(.ARM.Collect$$libinit$$00000014) refers to libinit2.o(.ARM.Collect$$libinit$$0000000F) for .ARM.Collect$$libinit$$0000000F
    libinit2.o(.ARM.Collect$$libinit$$00000016) refers to libinit2.o(.ARM.Collect$$libinit$$0000000F) for .ARM.Collect$$libinit$$0000000F
    libinit2.o(.ARM.Collect$$libinit$$00000018) refers to libinit2.o(.ARM.Collect$$libinit$$0000000F) for .ARM.Collect$$libinit$$0000000F
    libinit2.o(.ARM.Collect$$libinit$$00000026) refers to argv_veneer.o(.text) for __ARM_argv_veneer
    libinit2.o(.ARM.Collect$$libinit$$00000027) refers to argv_veneer.o(.text) for __ARM_argv_veneer
    rtexit2.o(.ARM.Collect$$rtexit$$00000003) refers to libshutdown.o(.ARM.Collect$$libshutdown$$00000000) for __rt_lib_shutdown
    rtexit2.o(.ARM.Collect$$rtexit$$00000004) refers to usart1.o(.text) for _sys_exit
    rtexit2.o(.ARM.exidx) refers to rtexit2.o(.ARM.Collect$$rtexit$$00000001) for .ARM.Collect$$rtexit$$00000001
    rtexit2.o(.ARM.exidx) refers to rtexit2.o(.ARM.Collect$$rtexit$$00000003) for .ARM.Collect$$rtexit$$00000003
    rtexit2.o(.ARM.exidx) refers to rtexit2.o(.ARM.Collect$$rtexit$$00000004) for .ARM.Collect$$rtexit$$00000004
    __raise.o(.text) refers to defsig.o(CL$$defsig) for __default_signal_handler
    defsig_general.o(.text) refers to sys_wrch.o(.text) for _ttywrch
    sys_wrch.o(.text) refers (Special) to use_no_semi.o(.text) for __I$use$semihosting
    sys_wrch.o(.text) refers (Special) to indicate_semi.o(.text) for __semihosting_library_function
    defsig.o(CL$$defsig) refers to defsig_fpe_inner.o(.text) for __rt_SIGFPE_inner
    defsig.o(CL$$defsig) refers to defsig_rtmem_inner.o(.text) for __rt_SIGRTMEM_inner
    _get_argv_nomalloc.o(.text) refers (Special) to hrguard.o(.text) for __heap_region$guard
    _get_argv_nomalloc.o(.text) refers to defsig_rtmem_outer.o(.text) for __rt_SIGRTMEM
    _get_argv_nomalloc.o(.text) refers to sys_command.o(.text) for _sys_command_string
    libshutdown.o(.ARM.Collect$$libshutdown$$00000000) refers (Special) to libshutdown2.o(.ARM.Collect$$libshutdown$$00000002) for __rt_lib_shutdown_cpp_1
    libshutdown.o(.ARM.Collect$$libshutdown$$00000000) refers (Special) to libshutdown2.o(.ARM.Collect$$libshutdown$$00000007) for __rt_lib_shutdown_fp_trap_1
    libshutdown.o(.ARM.Collect$$libshutdown$$00000000) refers (Special) to libshutdown2.o(.ARM.Collect$$libshutdown$$0000000F) for __rt_lib_shutdown_heap_1
    libshutdown.o(.ARM.Collect$$libshutdown$$00000000) refers (Special) to libshutdown2.o(.ARM.Collect$$libshutdown$$00000010) for __rt_lib_shutdown_return
    libshutdown.o(.ARM.Collect$$libshutdown$$00000000) refers (Special) to libshutdown2.o(.ARM.Collect$$libshutdown$$0000000A) for __rt_lib_shutdown_signal_1
    libshutdown.o(.ARM.Collect$$libshutdown$$00000000) refers (Special) to libshutdown2.o(.ARM.Collect$$libshutdown$$00000004) for __rt_lib_shutdown_stdio_1
    libshutdown.o(.ARM.Collect$$libshutdown$$00000000) refers (Special) to libshutdown2.o(.ARM.Collect$$libshutdown$$0000000C) for __rt_lib_shutdown_user_alloc_1
    sys_command.o(.text) refers (Special) to use_no_semi.o(.text) for __I$use$semihosting
    sys_command.o(.text) refers (Special) to indicate_semi.o(.text) for __semihosting_library_function
    defsig_abrt_inner.o(.text) refers to defsig_general.o(.text) for __default_signal_display
    defsig_rtred_inner.o(.text) refers to defsig_general.o(.text) for __default_signal_display
    defsig_rtmem_inner.o(.text) refers to defsig_general.o(.text) for __default_signal_display
    defsig_rtmem_outer.o(.text) refers to defsig_rtmem_inner.o(.text) for __rt_SIGRTMEM_inner
    defsig_rtmem_outer.o(.text) refers to defsig_exit.o(.text) for __sig_exit
    defsig_rtmem_formal.o(.text) refers to rt_raise.o(.text) for __rt_raise
    defsig_stak_inner.o(.text) refers to defsig_general.o(.text) for __default_signal_display
    defsig_pvfn_inner.o(.text) refers to defsig_general.o(.text) for __default_signal_display
    defsig_cppl_inner.o(.text) refers to defsig_general.o(.text) for __default_signal_display
    defsig_segv_inner.o(.text) refers to defsig_general.o(.text) for __default_signal_display
    defsig_other.o(.text) refers to defsig_general.o(.text) for __default_signal_display


==============================================================================

Removing Unused input sections from the image.

    Removing main.o(.emb_text), (8 bytes).
    Removing stm32f0xx_it.o(.emb_text), (8 bytes).
    Removing system_stm32f0xx.o(.emb_text), (8 bytes).
    Removing usart1.o(.emb_text), (8 bytes).
    Removing delay.o(.emb_text), (8 bytes).
    Removing stm32f0xx_gpio.o(.emb_text), (8 bytes).
    Removing stm32f0xx_rcc.o(.emb_text), (8 bytes).
    Removing stm32f0xx_misc.o(.emb_text), (8 bytes).
    Removing stm32f0xx_usart.o(.emb_text), (8 bytes).
    Removing stm32f0xx_adc.o(.emb_text), (8 bytes).
    Removing stm32f0xx_adc.o(.text), (744 bytes).
    Removing stm32f0xx_cec.o(.emb_text), (8 bytes).
    Removing stm32f0xx_cec.o(.text), (336 bytes).
    Removing stm32f0xx_comp.o(.emb_text), (8 bytes).
    Removing stm32f0xx_comp.o(.text), (232 bytes).
    Removing stm32f0xx_crc.o(.emb_text), (8 bytes).
    Removing stm32f0xx_crc.o(.text), (228 bytes).
    Removing stm32f0xx_dac.o(.emb_text), (8 bytes).
    Removing stm32f0xx_dac.o(.text), (528 bytes).
    Removing stm32f0xx_dbgmcu.o(.emb_text), (8 bytes).
    Removing stm32f0xx_dbgmcu.o(.text), (108 bytes).
    Removing stm32f0xx_dma.o(.emb_text), (8 bytes).
    Removing stm32f0xx_dma.o(.text), (692 bytes).
    Removing stm32f0xx_exti.o(.emb_text), (8 bytes).
    Removing stm32f0xx_exti.o(.text), (248 bytes).
    Removing stm32f0xx_flash.o(.emb_text), (8 bytes).
    Removing stm32f0xx_flash.o(.text), (1712 bytes).
    Removing stm32f0xx_i2c.o(.emb_text), (8 bytes).
    Removing stm32f0xx_i2c.o(.text), (1174 bytes).
    Removing stm32f0xx_iwdg.o(.emb_text), (8 bytes).
    Removing stm32f0xx_pwr.o(.emb_text), (8 bytes).
    Removing stm32f0xx_pwr.o(.text), (336 bytes).
    Removing stm32f0xx_rtc.o(.emb_text), (8 bytes).
    Removing stm32f0xx_rtc.o(.text), (3136 bytes).
    Removing stm32f0xx_spi.o(.emb_text), (8 bytes).
    Removing stm32f0xx_spi.o(.text), (956 bytes).
    Removing stm32f0xx_syscfg.o(.emb_text), (8 bytes).
    Removing stm32f0xx_syscfg.o(.text), (284 bytes).
    Removing stm32f0xx_tim.o(.emb_text), (8 bytes).
    Removing stm32f0xx_wwdg.o(.emb_text), (8 bytes).
    Removing stm32f0xx_wwdg.o(.text), (148 bytes).

41 unused section(s) (total 11070 bytes) removed from the image.

==============================================================================

Image Symbol Table

    Local Symbols

    Symbol Name                              Value     Ov Type        Size  Object(Section)

    ../clib/angel/boardlib.s                 0x00000000   Number         0  boardinit1.o ABSOLUTE
    ../clib/angel/boardlib.s                 0x00000000   Number         0  boardshut.o ABSOLUTE
    ../clib/angel/boardlib.s                 0x00000000   Number         0  boardinit2.o ABSOLUTE
    ../clib/angel/boardlib.s                 0x00000000   Number         0  boardinit3.o ABSOLUTE
    ../clib/angel/handlers.s                 0x00000000   Number         0  __scatter_copy.o ABSOLUTE
    ../clib/angel/handlers.s                 0x00000000   Number         0  __scatter_zi.o ABSOLUTE
    ../clib/angel/kernel.s                   0x00000000   Number         0  __rtentry.o ABSOLUTE
    ../clib/angel/kernel.s                   0x00000000   Number         0  __rtentry2.o ABSOLUTE
    ../clib/angel/kernel.s                   0x00000000   Number         0  __rtentry4.o ABSOLUTE
    ../clib/angel/kernel.s                   0x00000000   Number         0  rtexit2.o ABSOLUTE
    ../clib/angel/kernel.s                   0x00000000   Number         0  rtexit.o ABSOLUTE
    ../clib/angel/rt.s                       0x00000000   Number         0  aeabi_idiv0.o ABSOLUTE
    ../clib/angel/rt.s                       0x00000000   Number         0  rt_div0.o ABSOLUTE
    ../clib/angel/rt.s                       0x00000000   Number         0  aeabi_idiv0_sigfpe.o ABSOLUTE
    ../clib/angel/rt.s                       0x00000000   Number         0  rt_raise.o ABSOLUTE
    ../clib/angel/scatterp.s                 0x00000000   Number         0  __scatter.o ABSOLUTE
    ../clib/angel/startup.s                  0x00000000   Number         0  __main.o ABSOLUTE
    ../clib/angel/sys.s                      0x00000000   Number         0  use_no_semi.o ABSOLUTE
    ../clib/angel/sys.s                      0x00000000   Number         0  indicate_semi.o ABSOLUTE
    ../clib/angel/sys.s                      0x00000000   Number         0  sys_stackheap_outer.o ABSOLUTE
    ../clib/angel/sys.s                      0x00000000   Number         0  use_no_semi_2.o ABSOLUTE
    ../clib/angel/sys.s                      0x00000000   Number         0  libspace.o ABSOLUTE
    ../clib/angel/sys.s                      0x00000000   Number         0  tempstk.o ABSOLUTE
    ../clib/angel/sysapp.c                   0x00000000   Number         0  sys_wrch.o ABSOLUTE
    ../clib/angel/sysapp.c                   0x00000000   Number         0  sys_command.o ABSOLUTE
    ../clib/armsys.c                         0x00000000   Number         0  argv_veneer.o ABSOLUTE
    ../clib/armsys.c                         0x00000000   Number         0  no_argv.o ABSOLUTE
    ../clib/armsys.c                         0x00000000   Number         0  _get_argv_nomalloc.o ABSOLUTE
    ../clib/division.s                       0x00000000   Number         0  aeabi_sdiv_div0.o ABSOLUTE
    ../clib/division.s                       0x00000000   Number         0  aeabi_sdiv.o ABSOLUTE
    ../clib/heapalloc.c                      0x00000000   Number         0  hrguard.o ABSOLUTE
    ../clib/heapaux.c                        0x00000000   Number         0  heapauxi.o ABSOLUTE
    ../clib/libinit.s                        0x00000000   Number         0  libshutdown2.o ABSOLUTE
    ../clib/libinit.s                        0x00000000   Number         0  libinit.o ABSOLUTE
    ../clib/libinit.s                        0x00000000   Number         0  libshutdown.o ABSOLUTE
    ../clib/libinit.s                        0x00000000   Number         0  libinit2.o ABSOLUTE
    ../clib/memcpset.c                       0x00000000   Number         0  rt_memcpy.o ABSOLUTE
    ../clib/memcpset.c                       0x00000000   Number         0  rt_memcpy.o ABSOLUTE
    ../clib/memcpset.c                       0x00000000   Number         0  rt_memclr.o ABSOLUTE
    ../clib/signal.c                         0x00000000   Number         0  defsig_pvfn_inner.o ABSOLUTE
    ../clib/signal.c                         0x00000000   Number         0  defsig_stak_inner.o ABSOLUTE
    ../clib/signal.c                         0x00000000   Number         0  defsig_rtmem_formal.o ABSOLUTE
    ../clib/signal.c                         0x00000000   Number         0  defsig_exit.o ABSOLUTE
    ../clib/signal.c                         0x00000000   Number         0  defsig_rtmem_outer.o ABSOLUTE
    ../clib/signal.c                         0x00000000   Number         0  defsig_other.o ABSOLUTE
    ../clib/signal.c                         0x00000000   Number         0  defsig_fpe_inner.o ABSOLUTE
    ../clib/signal.c                         0x00000000   Number         0  defsig_segv_inner.o ABSOLUTE
    ../clib/signal.c                         0x00000000   Number         0  defsig_cppl_inner.o ABSOLUTE
    ../clib/signal.c                         0x00000000   Number         0  defsig_rtmem_inner.o ABSOLUTE
    ../clib/signal.c                         0x00000000   Number         0  defsig_rtred_inner.o ABSOLUTE
    ../clib/signal.c                         0x00000000   Number         0  defsig_abrt_inner.o ABSOLUTE
    ../clib/signal.c                         0x00000000   Number         0  defsig_fpe_outer.o ABSOLUTE
    ../clib/signal.c                         0x00000000   Number         0  defsig_fpe_formal.o ABSOLUTE
    ../clib/signal.c                         0x00000000   Number         0  __raise.o ABSOLUTE
    ../clib/signal.c                         0x00000000   Number         0  defsig_general.o ABSOLUTE
    ../clib/signal.s                         0x00000000   Number         0  defsig.o ABSOLUTE
    ../clib/stdlib.c                         0x00000000   Number         0  exit.o ABSOLUTE
    ../clib/string.c                         0x00000000   Number         0  strstr.o ABSOLUTE
    ../clib/string.c                         0x00000000   Number         0  strcpy.o ABSOLUTE
    ../clib/string.c                         0x00000000   Number         0  strcat.o ABSOLUTE
    ../fplib/cfplib/fpinit.c                 0x00000000   Number         0  fpinit.o ABSOLUTE
    ..\CORE\startup_stm32f030xc.s            0x00000000   Number         0  startup_stm32f030xc.o ABSOLUTE
    ..\HARDWARE\USART1.c                     0x00000000   Number         0  usart1.o ABSOLUTE
    ..\STM32F03x_FWLib\src\stm32f0xx_adc.c   0x00000000   Number         0  stm32f0xx_adc.o ABSOLUTE
    ..\STM32F03x_FWLib\src\stm32f0xx_cec.c   0x00000000   Number         0  stm32f0xx_cec.o ABSOLUTE
    ..\STM32F03x_FWLib\src\stm32f0xx_comp.c  0x00000000   Number         0  stm32f0xx_comp.o ABSOLUTE
    ..\STM32F03x_FWLib\src\stm32f0xx_crc.c   0x00000000   Number         0  stm32f0xx_crc.o ABSOLUTE
    ..\STM32F03x_FWLib\src\stm32f0xx_dac.c   0x00000000   Number         0  stm32f0xx_dac.o ABSOLUTE
    ..\STM32F03x_FWLib\src\stm32f0xx_dbgmcu.c 0x00000000   Number         0  stm32f0xx_dbgmcu.o ABSOLUTE
    ..\STM32F03x_FWLib\src\stm32f0xx_dma.c   0x00000000   Number         0  stm32f0xx_dma.o ABSOLUTE
    ..\STM32F03x_FWLib\src\stm32f0xx_exti.c  0x00000000   Number         0  stm32f0xx_exti.o ABSOLUTE
    ..\STM32F03x_FWLib\src\stm32f0xx_flash.c 0x00000000   Number         0  stm32f0xx_flash.o ABSOLUTE
    ..\STM32F03x_FWLib\src\stm32f0xx_gpio.c  0x00000000   Number         0  stm32f0xx_gpio.o ABSOLUTE
    ..\STM32F03x_FWLib\src\stm32f0xx_i2c.c   0x00000000   Number         0  stm32f0xx_i2c.o ABSOLUTE
    ..\STM32F03x_FWLib\src\stm32f0xx_iwdg.c  0x00000000   Number         0  stm32f0xx_iwdg.o ABSOLUTE
    ..\STM32F03x_FWLib\src\stm32f0xx_misc.c  0x00000000   Number         0  stm32f0xx_misc.o ABSOLUTE
    ..\STM32F03x_FWLib\src\stm32f0xx_pwr.c   0x00000000   Number         0  stm32f0xx_pwr.o ABSOLUTE
    ..\STM32F03x_FWLib\src\stm32f0xx_rcc.c   0x00000000   Number         0  stm32f0xx_rcc.o ABSOLUTE
    ..\STM32F03x_FWLib\src\stm32f0xx_rtc.c   0x00000000   Number         0  stm32f0xx_rtc.o ABSOLUTE
    ..\STM32F03x_FWLib\src\stm32f0xx_spi.c   0x00000000   Number         0  stm32f0xx_spi.o ABSOLUTE
    ..\STM32F03x_FWLib\src\stm32f0xx_syscfg.c 0x00000000   Number         0  stm32f0xx_syscfg.o ABSOLUTE
    ..\STM32F03x_FWLib\src\stm32f0xx_tim.c   0x00000000   Number         0  stm32f0xx_tim.o ABSOLUTE
    ..\STM32F03x_FWLib\src\stm32f0xx_usart.c 0x00000000   Number         0  stm32f0xx_usart.o ABSOLUTE
    ..\STM32F03x_FWLib\src\stm32f0xx_wwdg.c  0x00000000   Number         0  stm32f0xx_wwdg.o ABSOLUTE
    ..\SYSTEM\delay.c                        0x00000000   Number         0  delay.o ABSOLUTE
    ..\\HARDWARE\\USART1.c                   0x00000000   Number         0  usart1.o ABSOLUTE
    ..\\STM32F03x_FWLib\\src\\stm32f0xx_adc.c 0x00000000   Number         0  stm32f0xx_adc.o ABSOLUTE
    ..\\STM32F03x_FWLib\\src\\stm32f0xx_cec.c 0x00000000   Number         0  stm32f0xx_cec.o ABSOLUTE
    ..\\STM32F03x_FWLib\\src\\stm32f0xx_comp.c 0x00000000   Number         0  stm32f0xx_comp.o ABSOLUTE
    ..\\STM32F03x_FWLib\\src\\stm32f0xx_crc.c 0x00000000   Number         0  stm32f0xx_crc.o ABSOLUTE
    ..\\STM32F03x_FWLib\\src\\stm32f0xx_dac.c 0x00000000   Number         0  stm32f0xx_dac.o ABSOLUTE
    ..\\STM32F03x_FWLib\\src\\stm32f0xx_dbgmcu.c 0x00000000   Number         0  stm32f0xx_dbgmcu.o ABSOLUTE
    ..\\STM32F03x_FWLib\\src\\stm32f0xx_dma.c 0x00000000   Number         0  stm32f0xx_dma.o ABSOLUTE
    ..\\STM32F03x_FWLib\\src\\stm32f0xx_exti.c 0x00000000   Number         0  stm32f0xx_exti.o ABSOLUTE
    ..\\STM32F03x_FWLib\\src\\stm32f0xx_flash.c 0x00000000   Number         0  stm32f0xx_flash.o ABSOLUTE
    ..\\STM32F03x_FWLib\\src\\stm32f0xx_gpio.c 0x00000000   Number         0  stm32f0xx_gpio.o ABSOLUTE
    ..\\STM32F03x_FWLib\\src\\stm32f0xx_i2c.c 0x00000000   Number         0  stm32f0xx_i2c.o ABSOLUTE
    ..\\STM32F03x_FWLib\\src\\stm32f0xx_iwdg.c 0x00000000   Number         0  stm32f0xx_iwdg.o ABSOLUTE
    ..\\STM32F03x_FWLib\\src\\stm32f0xx_misc.c 0x00000000   Number         0  stm32f0xx_misc.o ABSOLUTE
    ..\\STM32F03x_FWLib\\src\\stm32f0xx_pwr.c 0x00000000   Number         0  stm32f0xx_pwr.o ABSOLUTE
    ..\\STM32F03x_FWLib\\src\\stm32f0xx_rcc.c 0x00000000   Number         0  stm32f0xx_rcc.o ABSOLUTE
    ..\\STM32F03x_FWLib\\src\\stm32f0xx_rtc.c 0x00000000   Number         0  stm32f0xx_rtc.o ABSOLUTE
    ..\\STM32F03x_FWLib\\src\\stm32f0xx_spi.c 0x00000000   Number         0  stm32f0xx_spi.o ABSOLUTE
    ..\\STM32F03x_FWLib\\src\\stm32f0xx_syscfg.c 0x00000000   Number         0  stm32f0xx_syscfg.o ABSOLUTE
    ..\\STM32F03x_FWLib\\src\\stm32f0xx_tim.c 0x00000000   Number         0  stm32f0xx_tim.o ABSOLUTE
    ..\\STM32F03x_FWLib\\src\\stm32f0xx_usart.c 0x00000000   Number         0  stm32f0xx_usart.o ABSOLUTE
    ..\\STM32F03x_FWLib\\src\\stm32f0xx_wwdg.c 0x00000000   Number         0  stm32f0xx_wwdg.o ABSOLUTE
    ..\\SYSTEM\\delay.c                      0x00000000   Number         0  delay.o ABSOLUTE
    dc.s                                     0x00000000   Number         0  dc.o ABSOLUTE
    main.c                                   0x00000000   Number         0  main.o ABSOLUTE
    main.c                                   0x00000000   Number         0  main.o ABSOLUTE
    stm32f0xx_it.c                           0x00000000   Number         0  stm32f0xx_it.o ABSOLUTE
    stm32f0xx_it.c                           0x00000000   Number         0  stm32f0xx_it.o ABSOLUTE
    system_stm32f0xx.c                       0x00000000   Number         0  system_stm32f0xx.o ABSOLUTE
    system_stm32f0xx.c                       0x00000000   Number         0  system_stm32f0xx.o ABSOLUTE
    RESET                                    0x08000000   Section      184  startup_stm32f030xc.o(RESET)
    !!!main                                  0x080000b8   Section        8  __main.o(!!!main)
    !!!scatter                               0x080000c0   Section       60  __scatter.o(!!!scatter)
    !!handler_copy                           0x080000fc   Section       26  __scatter_copy.o(!!handler_copy)
    !!handler_zi                             0x08000118   Section       28  __scatter_zi.o(!!handler_zi)
    .ARM.Collect$$libinit$$00000000          0x08000134   Section        2  libinit.o(.ARM.Collect$$libinit$$00000000)
    .ARM.Collect$$libinit$$00000002          0x08000136   Section        0  libinit2.o(.ARM.Collect$$libinit$$00000002)
    .ARM.Collect$$libinit$$00000004          0x08000136   Section        0  libinit2.o(.ARM.Collect$$libinit$$00000004)
    .ARM.Collect$$libinit$$0000000A          0x08000136   Section        0  libinit2.o(.ARM.Collect$$libinit$$0000000A)
    .ARM.Collect$$libinit$$0000000C          0x08000136   Section        0  libinit2.o(.ARM.Collect$$libinit$$0000000C)
    .ARM.Collect$$libinit$$0000000E          0x08000136   Section        0  libinit2.o(.ARM.Collect$$libinit$$0000000E)
    .ARM.Collect$$libinit$$00000011          0x08000136   Section        0  libinit2.o(.ARM.Collect$$libinit$$00000011)
    .ARM.Collect$$libinit$$00000013          0x08000136   Section        0  libinit2.o(.ARM.Collect$$libinit$$00000013)
    .ARM.Collect$$libinit$$00000015          0x08000136   Section        0  libinit2.o(.ARM.Collect$$libinit$$00000015)
    .ARM.Collect$$libinit$$00000017          0x08000136   Section        0  libinit2.o(.ARM.Collect$$libinit$$00000017)
    .ARM.Collect$$libinit$$00000019          0x08000136   Section        0  libinit2.o(.ARM.Collect$$libinit$$00000019)
    .ARM.Collect$$libinit$$0000001B          0x08000136   Section        0  libinit2.o(.ARM.Collect$$libinit$$0000001B)
    .ARM.Collect$$libinit$$0000001D          0x08000136   Section        0  libinit2.o(.ARM.Collect$$libinit$$0000001D)
    .ARM.Collect$$libinit$$0000001F          0x08000136   Section        0  libinit2.o(.ARM.Collect$$libinit$$0000001F)
    .ARM.Collect$$libinit$$00000021          0x08000136   Section        0  libinit2.o(.ARM.Collect$$libinit$$00000021)
    .ARM.Collect$$libinit$$00000023          0x08000136   Section        0  libinit2.o(.ARM.Collect$$libinit$$00000023)
    .ARM.Collect$$libinit$$00000025          0x08000136   Section        0  libinit2.o(.ARM.Collect$$libinit$$00000025)
    .ARM.Collect$$libinit$$0000002C          0x08000136   Section        0  libinit2.o(.ARM.Collect$$libinit$$0000002C)
    .ARM.Collect$$libinit$$0000002E          0x08000136   Section        0  libinit2.o(.ARM.Collect$$libinit$$0000002E)
    .ARM.Collect$$libinit$$00000030          0x08000136   Section        0  libinit2.o(.ARM.Collect$$libinit$$00000030)
    .ARM.Collect$$libinit$$00000032          0x08000136   Section        0  libinit2.o(.ARM.Collect$$libinit$$00000032)
    .ARM.Collect$$libinit$$00000033          0x08000136   Section        2  libinit2.o(.ARM.Collect$$libinit$$00000033)
    .ARM.Collect$$libshutdown$$00000000      0x08000138   Section        2  libshutdown.o(.ARM.Collect$$libshutdown$$00000000)
    .ARM.Collect$$libshutdown$$00000002      0x0800013a   Section        0  libshutdown2.o(.ARM.Collect$$libshutdown$$00000002)
    .ARM.Collect$$libshutdown$$00000004      0x0800013a   Section        0  libshutdown2.o(.ARM.Collect$$libshutdown$$00000004)
    .ARM.Collect$$libshutdown$$00000007      0x0800013a   Section        0  libshutdown2.o(.ARM.Collect$$libshutdown$$00000007)
    .ARM.Collect$$libshutdown$$0000000A      0x0800013a   Section        0  libshutdown2.o(.ARM.Collect$$libshutdown$$0000000A)
    .ARM.Collect$$libshutdown$$0000000C      0x0800013a   Section        0  libshutdown2.o(.ARM.Collect$$libshutdown$$0000000C)
    .ARM.Collect$$libshutdown$$0000000F      0x0800013a   Section        0  libshutdown2.o(.ARM.Collect$$libshutdown$$0000000F)
    .ARM.Collect$$libshutdown$$00000010      0x0800013a   Section        2  libshutdown2.o(.ARM.Collect$$libshutdown$$00000010)
    .ARM.Collect$$rtentry$$00000000          0x0800013c   Section        0  __rtentry.o(.ARM.Collect$$rtentry$$00000000)
    .ARM.Collect$$rtentry$$00000002          0x0800013c   Section        0  __rtentry2.o(.ARM.Collect$$rtentry$$00000002)
    .ARM.Collect$$rtentry$$00000004          0x0800013c   Section        6  __rtentry4.o(.ARM.Collect$$rtentry$$00000004)
    .ARM.Collect$$rtentry$$00000009          0x08000142   Section        0  __rtentry2.o(.ARM.Collect$$rtentry$$00000009)
    .ARM.Collect$$rtentry$$0000000A          0x08000142   Section        4  __rtentry2.o(.ARM.Collect$$rtentry$$0000000A)
    .ARM.Collect$$rtentry$$0000000C          0x08000146   Section        0  __rtentry2.o(.ARM.Collect$$rtentry$$0000000C)
    .ARM.Collect$$rtentry$$0000000D          0x08000146   Section        8  __rtentry2.o(.ARM.Collect$$rtentry$$0000000D)
    .ARM.Collect$$rtexit$$00000000           0x0800014e   Section        2  rtexit.o(.ARM.Collect$$rtexit$$00000000)
    .ARM.Collect$$rtexit$$00000002           0x08000150   Section        0  rtexit2.o(.ARM.Collect$$rtexit$$00000002)
    .ARM.Collect$$rtexit$$00000003           0x08000150   Section        4  rtexit2.o(.ARM.Collect$$rtexit$$00000003)
    .ARM.Collect$$rtexit$$00000004           0x08000154   Section        6  rtexit2.o(.ARM.Collect$$rtexit$$00000004)
    .emb_text                                0x0800015c   Section       56  rt_memcpy.o(.emb_text)
    .text                                    0x08000194   Section        0  main.o(.text)
    .text                                    0x0800053c   Section        0  stm32f0xx_it.o(.text)
    .text                                    0x08000544   Section        0  system_stm32f0xx.o(.text)
    SetSysClock                              0x08000545   Thumb Code   206  system_stm32f0xx.o(.text)
    .text                                    0x0800073c   Section      116  startup_stm32f030xc.o(.text)
    .text                                    0x080007b0   Section        0  usart1.o(.text)
    .text                                    0x08000d10   Section        0  delay.o(.text)
    .text                                    0x08000de4   Section        0  stm32f0xx_gpio.o(.text)
    .text                                    0x08000ff0   Section        0  stm32f0xx_rcc.o(.text)
    .text                                    0x08001740   Section        0  stm32f0xx_misc.o(.text)
    .text                                    0x080017f4   Section        0  stm32f0xx_usart.o(.text)
    .text                                    0x08001e08   Section        0  stm32f0xx_iwdg.o(.text)
    .text                                    0x08001e54   Section        0  stm32f0xx_tim.o(.text)
    TI4_Config                               0x080025bd   Thumb Code    66  stm32f0xx_tim.o(.text)
    TI3_Config                               0x08002611   Thumb Code    66  stm32f0xx_tim.o(.text)
    TI2_Config                               0x080026a1   Thumb Code    66  stm32f0xx_tim.o(.text)
    TI1_Config                               0x080026f5   Thumb Code    54  stm32f0xx_tim.o(.text)
    .text                                    0x08002a54   Section        2  use_no_semi_2.o(.text)
    .text                                    0x08002a56   Section        0  strstr.o(.text)
    .text                                    0x08002a80   Section        0  strcpy.o(.text)
    .text                                    0x08002acc   Section        0  strcat.o(.text)
    .text                                    0x08002ae4   Section        0  rt_memcpy.o(.text)
    .text                                    0x08002b66   Section        0  rt_memclr.o(.text)
    .text                                    0x08002ba6   Section      346  aeabi_sdiv.o(.text)
    .text                                    0x08002d00   Section        0  heapauxi.o(.text)
    .text                                    0x08002d06   Section        2  use_no_semi.o(.text)
    .text                                    0x08002d08   Section       62  sys_stackheap_outer.o(.text)
    .text                                    0x08002d46   Section        0  exit.o(.text)
    .text                                    0x08002d58   Section        8  libspace.o(.text)
    .data                                    0x20000000   Section       44  main.o(.data)
    .data                                    0x2000002c   Section       20  system_stm32f0xx.o(.data)
    .data                                    0x20000040   Section       18  usart1.o(.data)
    .data                                    0x20000052   Section        4  delay.o(.data)
    fac_us                                   0x20000052   Data           1  delay.o(.data)
    fac_ms                                   0x20000054   Data           2  delay.o(.data)
    .data                                    0x20000056   Section       16  stm32f0xx_rcc.o(.data)
    APBAHBPrescTable                         0x20000056   Data          16  stm32f0xx_rcc.o(.data)
    .bss                                     0x20000068   Section     1008  main.o(.bss)
    .bss                                     0x20000458   Section     1400  usart1.o(.bss)
    .bss                                     0x200009d0   Section       96  libspace.o(.bss)
    HEAP                                     0x20000a30   Section      512  startup_stm32f030xc.o(HEAP)
    Heap_Mem                                 0x20000a30   Data         512  startup_stm32f030xc.o(HEAP)
    STACK                                    0x20000c30   Section     1024  startup_stm32f030xc.o(STACK)
    Stack_Mem                                0x20000c30   Data        1024  startup_stm32f030xc.o(STACK)
    __initial_sp                             0x20001030   Data           0  startup_stm32f030xc.o(STACK)

    Global Symbols

    Symbol Name                              Value     Ov Type        Size  Object(Section)

    BuildAttributes$$THM_ISAv3M$S$PE$A:L22$X:L11$S22$IEEE1$IW$USESV6$~STKCKD$USESV7$~SHL$OSPACE$ROPI$EBA8$UX$STANDARDLIB$REQ8$PRES8$EABIv2 0x00000000   Number         0  anon$$obj.o ABSOLUTE
    __ARM_use_no_argv                        0x00000000   Number         0  main.o ABSOLUTE
    __ARM_exceptions_init                     - Undefined Weak Reference
    __alloca_initialize                       - Undefined Weak Reference
    __arm_preinit_                            - Undefined Weak Reference
    __cpp_initialize__aeabi_                  - Undefined Weak Reference
    __cxa_finalize                            - Undefined Weak Reference
    __rt_locale                               - Undefined Weak Reference
    __sigvec_lookup                           - Undefined Weak Reference
    _atexit_init                              - Undefined Weak Reference
    _call_atexit_fns                          - Undefined Weak Reference
    _clock_init                               - Undefined Weak Reference
    _fp_trap_init                             - Undefined Weak Reference
    _fp_trap_shutdown                         - Undefined Weak Reference
    _get_lc_collate                           - Undefined Weak Reference
    _get_lc_ctype                             - Undefined Weak Reference
    _get_lc_monetary                          - Undefined Weak Reference
    _get_lc_numeric                           - Undefined Weak Reference
    _get_lc_time                              - Undefined Weak Reference
    _getenv_init                              - Undefined Weak Reference
    _handle_redirection                       - Undefined Weak Reference
    _init_alloc                               - Undefined Weak Reference
    _init_user_alloc                          - Undefined Weak Reference
    _initio                                   - Undefined Weak Reference
    _rand_init                                - Undefined Weak Reference
    _signal_finish                            - Undefined Weak Reference
    _signal_init                              - Undefined Weak Reference
    _terminate_alloc                          - Undefined Weak Reference
    _terminate_user_alloc                     - Undefined Weak Reference
    _terminateio                              - Undefined Weak Reference
    __Vectors_Size                           0x000000b8   Number         0  startup_stm32f030xc.o ABSOLUTE
    __Vectors                                0x08000000   Data           4  startup_stm32f030xc.o(RESET)
    __Vectors_End                            0x080000b8   Data           0  startup_stm32f030xc.o(RESET)
    __main                                   0x080000b9   Thumb Code     8  __main.o(!!!main)
    __scatterload                            0x080000c1   Thumb Code     0  __scatter.o(!!!scatter)
    __scatterload_rt2                        0x080000c1   Thumb Code    52  __scatter.o(!!!scatter)
    __scatterload_rt2_thumb_only             0x080000c1   Thumb Code     0  __scatter.o(!!!scatter)
    __scatterload_null                       0x080000d1   Thumb Code     0  __scatter.o(!!!scatter)
    __scatterload_copy                       0x080000fd   Thumb Code    26  __scatter_copy.o(!!handler_copy)
    __scatterload_zeroinit                   0x08000119   Thumb Code    28  __scatter_zi.o(!!handler_zi)
    __rt_lib_init                            0x08000135   Thumb Code     0  libinit.o(.ARM.Collect$$libinit$$00000000)
    __rt_lib_init_alloca_1                   0x08000137   Thumb Code     0  libinit2.o(.ARM.Collect$$libinit$$0000002E)
    __rt_lib_init_argv_1                     0x08000137   Thumb Code     0  libinit2.o(.ARM.Collect$$libinit$$0000002C)
    __rt_lib_init_atexit_1                   0x08000137   Thumb Code     0  libinit2.o(.ARM.Collect$$libinit$$0000001B)
    __rt_lib_init_clock_1                    0x08000137   Thumb Code     0  libinit2.o(.ARM.Collect$$libinit$$00000021)
    __rt_lib_init_cpp_1                      0x08000137   Thumb Code     0  libinit2.o(.ARM.Collect$$libinit$$00000032)
    __rt_lib_init_exceptions_1               0x08000137   Thumb Code     0  libinit2.o(.ARM.Collect$$libinit$$00000030)
    __rt_lib_init_fp_1                       0x08000137   Thumb Code     0  libinit2.o(.ARM.Collect$$libinit$$00000002)
    __rt_lib_init_fp_trap_1                  0x08000137   Thumb Code     0  libinit2.o(.ARM.Collect$$libinit$$0000001F)
    __rt_lib_init_getenv_1                   0x08000137   Thumb Code     0  libinit2.o(.ARM.Collect$$libinit$$00000023)
    __rt_lib_init_heap_1                     0x08000137   Thumb Code     0  libinit2.o(.ARM.Collect$$libinit$$0000000A)
    __rt_lib_init_lc_collate_1               0x08000137   Thumb Code     0  libinit2.o(.ARM.Collect$$libinit$$00000011)
    __rt_lib_init_lc_ctype_1                 0x08000137   Thumb Code     0  libinit2.o(.ARM.Collect$$libinit$$00000013)
    __rt_lib_init_lc_monetary_1              0x08000137   Thumb Code     0  libinit2.o(.ARM.Collect$$libinit$$00000015)
    __rt_lib_init_lc_numeric_1               0x08000137   Thumb Code     0  libinit2.o(.ARM.Collect$$libinit$$00000017)
    __rt_lib_init_lc_time_1                  0x08000137   Thumb Code     0  libinit2.o(.ARM.Collect$$libinit$$00000019)
    __rt_lib_init_preinit_1                  0x08000137   Thumb Code     0  libinit2.o(.ARM.Collect$$libinit$$00000004)
    __rt_lib_init_rand_1                     0x08000137   Thumb Code     0  libinit2.o(.ARM.Collect$$libinit$$0000000E)
    __rt_lib_init_return                     0x08000137   Thumb Code     0  libinit2.o(.ARM.Collect$$libinit$$00000033)
    __rt_lib_init_signal_1                   0x08000137   Thumb Code     0  libinit2.o(.ARM.Collect$$libinit$$0000001D)
    __rt_lib_init_stdio_1                    0x08000137   Thumb Code     0  libinit2.o(.ARM.Collect$$libinit$$00000025)
    __rt_lib_init_user_alloc_1               0x08000137   Thumb Code     0  libinit2.o(.ARM.Collect$$libinit$$0000000C)
    __rt_lib_shutdown                        0x08000139   Thumb Code     0  libshutdown.o(.ARM.Collect$$libshutdown$$00000000)
    __rt_lib_shutdown_cpp_1                  0x0800013b   Thumb Code     0  libshutdown2.o(.ARM.Collect$$libshutdown$$00000002)
    __rt_lib_shutdown_fp_trap_1              0x0800013b   Thumb Code     0  libshutdown2.o(.ARM.Collect$$libshutdown$$00000007)
    __rt_lib_shutdown_heap_1                 0x0800013b   Thumb Code     0  libshutdown2.o(.ARM.Collect$$libshutdown$$0000000F)
    __rt_lib_shutdown_return                 0x0800013b   Thumb Code     0  libshutdown2.o(.ARM.Collect$$libshutdown$$00000010)
    __rt_lib_shutdown_signal_1               0x0800013b   Thumb Code     0  libshutdown2.o(.ARM.Collect$$libshutdown$$0000000A)
    __rt_lib_shutdown_stdio_1                0x0800013b   Thumb Code     0  libshutdown2.o(.ARM.Collect$$libshutdown$$00000004)
    __rt_lib_shutdown_user_alloc_1           0x0800013b   Thumb Code     0  libshutdown2.o(.ARM.Collect$$libshutdown$$0000000C)
    __rt_entry                               0x0800013d   Thumb Code     0  __rtentry.o(.ARM.Collect$$rtentry$$00000000)
    __rt_entry_presh_1                       0x0800013d   Thumb Code     0  __rtentry2.o(.ARM.Collect$$rtentry$$00000002)
    __rt_entry_sh                            0x0800013d   Thumb Code     0  __rtentry4.o(.ARM.Collect$$rtentry$$00000004)
    __rt_entry_li                            0x08000143   Thumb Code     0  __rtentry2.o(.ARM.Collect$$rtentry$$0000000A)
    __rt_entry_postsh_1                      0x08000143   Thumb Code     0  __rtentry2.o(.ARM.Collect$$rtentry$$00000009)
    __rt_entry_main                          0x08000147   Thumb Code     0  __rtentry2.o(.ARM.Collect$$rtentry$$0000000D)
    __rt_entry_postli_1                      0x08000147   Thumb Code     0  __rtentry2.o(.ARM.Collect$$rtentry$$0000000C)
    __rt_exit                                0x0800014f   Thumb Code     0  rtexit.o(.ARM.Collect$$rtexit$$00000000)
    __rt_exit_ls                             0x08000151   Thumb Code     0  rtexit2.o(.ARM.Collect$$rtexit$$00000003)
    __rt_exit_prels_1                        0x08000151   Thumb Code     0  rtexit2.o(.ARM.Collect$$rtexit$$00000002)
    __rt_exit_exit                           0x08000155   Thumb Code     0  rtexit2.o(.ARM.Collect$$rtexit$$00000004)
    __aeabi_memcpy4                          0x0800015d   Thumb Code    56  rt_memcpy.o(.emb_text)
    __aeabi_memcpy8                          0x0800015d   Thumb Code     0  rt_memcpy.o(.emb_text)
    fprint                                   0x08000195   Thumb Code    30  main.o(.text)
    main                                     0x080001b3   Thumb Code   630  main.o(.text)
    NMI_Handler                              0x0800053d   Thumb Code     2  stm32f0xx_it.o(.text)
    HardFault_Handler                        0x0800053f   Thumb Code     4  stm32f0xx_it.o(.text)
    SVC_Handler                              0x08000543   Thumb Code     2  stm32f0xx_it.o(.text)
    SystemInit                               0x08000613   Thumb Code   110  system_stm32f0xx.o(.text)
    SystemCoreClockUpdate                    0x08000681   Thumb Code   154  system_stm32f0xx.o(.text)
    Reset_Handler                            0x0800073d   Thumb Code    38  startup_stm32f030xc.o(.text)
    PendSV_Handler                           0x08000769   Thumb Code     2  startup_stm32f030xc.o(.text)
    SysTick_Handler                          0x0800076b   Thumb Code     2  startup_stm32f030xc.o(.text)
    ADC1_IRQHandler                          0x0800076d   Thumb Code     0  startup_stm32f030xc.o(.text)
    DMA1_Channel1_IRQHandler                 0x0800076d   Thumb Code     0  startup_stm32f030xc.o(.text)
    DMA1_Channel2_3_IRQHandler               0x0800076d   Thumb Code     0  startup_stm32f030xc.o(.text)
    DMA1_Channel4_5_IRQHandler               0x0800076d   Thumb Code     0  startup_stm32f030xc.o(.text)
    EXTI0_1_IRQHandler                       0x0800076d   Thumb Code     0  startup_stm32f030xc.o(.text)
    EXTI2_3_IRQHandler                       0x0800076d   Thumb Code     0  startup_stm32f030xc.o(.text)
    EXTI4_15_IRQHandler                      0x0800076d   Thumb Code     0  startup_stm32f030xc.o(.text)
    FLASH_IRQHandler                         0x0800076d   Thumb Code     0  startup_stm32f030xc.o(.text)
    I2C1_IRQHandler                          0x0800076d   Thumb Code     0  startup_stm32f030xc.o(.text)
    I2C2_IRQHandler                          0x0800076d   Thumb Code     0  startup_stm32f030xc.o(.text)
    RCC_IRQHandler                           0x0800076d   Thumb Code     0  startup_stm32f030xc.o(.text)
    RTC_IRQHandler                           0x0800076d   Thumb Code     0  startup_stm32f030xc.o(.text)
    SPI1_IRQHandler                          0x0800076d   Thumb Code     0  startup_stm32f030xc.o(.text)
    SPI2_IRQHandler                          0x0800076d   Thumb Code     0  startup_stm32f030xc.o(.text)
    TIM15_IRQHandler                         0x0800076d   Thumb Code     0  startup_stm32f030xc.o(.text)
    TIM16_IRQHandler                         0x0800076d   Thumb Code     0  startup_stm32f030xc.o(.text)
    TIM17_IRQHandler                         0x0800076d   Thumb Code     0  startup_stm32f030xc.o(.text)
    TIM1_BRK_UP_TRG_COM_IRQHandler           0x0800076d   Thumb Code     0  startup_stm32f030xc.o(.text)
    TIM1_CC_IRQHandler                       0x0800076d   Thumb Code     0  startup_stm32f030xc.o(.text)
    TIM6_IRQHandler                          0x0800076d   Thumb Code     0  startup_stm32f030xc.o(.text)
    TIM7_IRQHandler                          0x0800076d   Thumb Code     0  startup_stm32f030xc.o(.text)
    USART3_6_IRQHandler                      0x0800076d   Thumb Code     0  startup_stm32f030xc.o(.text)
    WWDG_IRQHandler                          0x0800076d   Thumb Code     0  startup_stm32f030xc.o(.text)
    __user_initial_stackheap                 0x08000771   Thumb Code     0  startup_stm32f030xc.o(.text)
    _sys_exit                                0x080007b1   Thumb Code     4  usart1.o(.text)
    fputc                                    0x080007b5   Thumb Code    22  usart1.o(.text)
    USART1_Init                              0x080007cb   Thumb Code   330  usart1.o(.text)
    TIM2_Config                              0x08000915   Thumb Code   134  usart1.o(.text)
    rs485_r                                  0x0800099b   Thumb Code    12  usart1.o(.text)
    rs485_w                                  0x080009a7   Thumb Code    12  usart1.o(.text)
    USART1_IRQHandler                        0x080009b3   Thumb Code   106  usart1.o(.text)
    USART2_IRQHandler                        0x08000a1d   Thumb Code    98  usart1.o(.text)
    TIM3_IRQHandler                          0x08000a7f   Thumb Code   366  usart1.o(.text)
    sendchar                                 0x08000bed   Thumb Code    28  usart1.o(.text)
    sendBUFF                                 0x08000c09   Thumb Code    28  usart1.o(.text)
    TIM14_IRQHandler                         0x08000c25   Thumb Code    88  usart1.o(.text)
    sendchar2                                0x08000c7d   Thumb Code    28  usart1.o(.text)
    sendBUFF2                                0x08000c99   Thumb Code    28  usart1.o(.text)
    ali_delayms                              0x08000cb5   Thumb Code    28  usart1.o(.text)
    IWDG_Config                              0x08000cd1   Thumb Code    28  usart1.o(.text)
    delay_init                               0x08000d11   Thumb Code    44  delay.o(.text)
    delay_us                                 0x08000d3d   Thumb Code    74  delay.o(.text)
    delay_ms                                 0x08000d87   Thumb Code    74  delay.o(.text)
    GPIO_DeInit                              0x08000de5   Thumb Code   156  stm32f0xx_gpio.o(.text)
    GPIO_Init                                0x08000e81   Thumb Code   144  stm32f0xx_gpio.o(.text)
    GPIO_StructInit                          0x08000f11   Thumb Code    20  stm32f0xx_gpio.o(.text)
    GPIO_PinLockConfig                       0x08000f25   Thumb Code    34  stm32f0xx_gpio.o(.text)
    GPIO_ReadInputDataBit                    0x08000f47   Thumb Code    20  stm32f0xx_gpio.o(.text)
    GPIO_ReadInputData                       0x08000f5b   Thumb Code     6  stm32f0xx_gpio.o(.text)
    GPIO_ReadOutputDataBit                   0x08000f61   Thumb Code    20  stm32f0xx_gpio.o(.text)
    GPIO_ReadOutputData                      0x08000f75   Thumb Code     6  stm32f0xx_gpio.o(.text)
    GPIO_SetBits                             0x08000f7b   Thumb Code     4  stm32f0xx_gpio.o(.text)
    GPIO_ResetBits                           0x08000f7f   Thumb Code     4  stm32f0xx_gpio.o(.text)
    GPIO_WriteBit                            0x08000f83   Thumb Code    12  stm32f0xx_gpio.o(.text)
    GPIO_Write                               0x08000f8f   Thumb Code     4  stm32f0xx_gpio.o(.text)
    GPIO_PinAFConfig                         0x08000f93   Thumb Code    68  stm32f0xx_gpio.o(.text)
    RCC_DeInit                               0x08000ff1   Thumb Code   102  stm32f0xx_rcc.o(.text)
    RCC_HSEConfig                            0x08001057   Thumb Code    12  stm32f0xx_rcc.o(.text)
    RCC_GetFlagStatus                        0x08001063   Thumb Code    68  stm32f0xx_rcc.o(.text)
    RCC_WaitForHSEStartUp                    0x080010a7   Thumb Code    60  stm32f0xx_rcc.o(.text)
    RCC_AdjustHSICalibrationValue            0x080010e3   Thumb Code    26  stm32f0xx_rcc.o(.text)
    RCC_HSICmd                               0x080010fd   Thumb Code    32  stm32f0xx_rcc.o(.text)
    RCC_AdjustHSI14CalibrationValue          0x0800111d   Thumb Code    26  stm32f0xx_rcc.o(.text)
    RCC_HSI14Cmd                             0x08001137   Thumb Code    32  stm32f0xx_rcc.o(.text)
    RCC_HSI14ADCRequestCmd                   0x08001157   Thumb Code    32  stm32f0xx_rcc.o(.text)
    RCC_LSEConfig                            0x08001177   Thumb Code    34  stm32f0xx_rcc.o(.text)
    RCC_LSEDriveConfig                       0x08001199   Thumb Code    22  stm32f0xx_rcc.o(.text)
    RCC_LSICmd                               0x080011af   Thumb Code    32  stm32f0xx_rcc.o(.text)
    RCC_PLLConfig                            0x080011cf   Thumb Code    30  stm32f0xx_rcc.o(.text)
    RCC_PLLCmd                               0x080011ed   Thumb Code    36  stm32f0xx_rcc.o(.text)
    RCC_HSI48Cmd                             0x08001211   Thumb Code    36  stm32f0xx_rcc.o(.text)
    RCC_PREDIV1Config                        0x08001235   Thumb Code    24  stm32f0xx_rcc.o(.text)
    RCC_ClockSecuritySystemCmd               0x0800124d   Thumb Code    36  stm32f0xx_rcc.o(.text)
    RCC_MCOConfig                            0x08001271   Thumb Code    24  stm32f0xx_rcc.o(.text)
    RCC_SYSCLKConfig                         0x08001289   Thumb Code    24  stm32f0xx_rcc.o(.text)
    RCC_GetSYSCLKSource                      0x080012a1   Thumb Code    10  stm32f0xx_rcc.o(.text)
    RCC_HCLKConfig                           0x080012ab   Thumb Code    28  stm32f0xx_rcc.o(.text)
    RCC_PCLKConfig                           0x080012c7   Thumb Code    30  stm32f0xx_rcc.o(.text)
    RCC_ADCCLKConfig                         0x080012e5   Thumb Code    52  stm32f0xx_rcc.o(.text)
    RCC_CECCLKConfig                         0x08001319   Thumb Code    22  stm32f0xx_rcc.o(.text)
    RCC_I2CCLKConfig                         0x0800132f   Thumb Code    22  stm32f0xx_rcc.o(.text)
    RCC_USARTCLKConfig                       0x08001345   Thumb Code    68  stm32f0xx_rcc.o(.text)
    RCC_USBCLKConfig                         0x08001389   Thumb Code    22  stm32f0xx_rcc.o(.text)
    RCC_GetClocksFreq                        0x0800139f   Thumb Code   576  stm32f0xx_rcc.o(.text)
    RCC_RTCCLKConfig                         0x080015df   Thumb Code    12  stm32f0xx_rcc.o(.text)
    RCC_RTCCLKCmd                            0x080015eb   Thumb Code    36  stm32f0xx_rcc.o(.text)
    RCC_BackupResetCmd                       0x0800160f   Thumb Code    36  stm32f0xx_rcc.o(.text)
    RCC_AHBPeriphClockCmd                    0x08001633   Thumb Code    28  stm32f0xx_rcc.o(.text)
    RCC_APB2PeriphClockCmd                   0x0800164f   Thumb Code    28  stm32f0xx_rcc.o(.text)
    RCC_APB1PeriphClockCmd                   0x0800166b   Thumb Code    28  stm32f0xx_rcc.o(.text)
    RCC_AHBPeriphResetCmd                    0x08001687   Thumb Code    28  stm32f0xx_rcc.o(.text)
    RCC_APB2PeriphResetCmd                   0x080016a3   Thumb Code    28  stm32f0xx_rcc.o(.text)
    RCC_APB1PeriphResetCmd                   0x080016bf   Thumb Code    28  stm32f0xx_rcc.o(.text)
    RCC_ITConfig                             0x080016db   Thumb Code    28  stm32f0xx_rcc.o(.text)
    RCC_ClearFlag                            0x080016f7   Thumb Code    16  stm32f0xx_rcc.o(.text)
    RCC_GetITStatus                          0x08001707   Thumb Code    22  stm32f0xx_rcc.o(.text)
    RCC_ClearITPendingBit                    0x0800171d   Thumb Code     6  stm32f0xx_rcc.o(.text)
    NVIC_Init                                0x08001741   Thumb Code   106  stm32f0xx_misc.o(.text)
    NVIC_SystemLPConfig                      0x080017ab   Thumb Code    28  stm32f0xx_misc.o(.text)
    SysTick_CLKSourceConfig                  0x080017c7   Thumb Code    32  stm32f0xx_misc.o(.text)
    USART_DeInit                             0x080017f5   Thumb Code   206  stm32f0xx_usart.o(.text)
    USART_Init                               0x080018c3   Thumb Code   226  stm32f0xx_usart.o(.text)
    USART_StructInit                         0x080019a5   Thumb Code    24  stm32f0xx_usart.o(.text)
    USART_ClockInit                          0x080019bd   Thumb Code    36  stm32f0xx_usart.o(.text)
    USART_ClockStructInit                    0x080019e1   Thumb Code    12  stm32f0xx_usart.o(.text)
    USART_Cmd                                0x080019ed   Thumb Code    24  stm32f0xx_usart.o(.text)
    USART_DirectionModeCmd                   0x08001a05   Thumb Code    20  stm32f0xx_usart.o(.text)
    USART_OverSampling8Cmd                   0x08001a19   Thumb Code    28  stm32f0xx_usart.o(.text)
    USART_OneBitMethodCmd                    0x08001a35   Thumb Code    28  stm32f0xx_usart.o(.text)
    USART_MSBFirstCmd                        0x08001a51   Thumb Code    28  stm32f0xx_usart.o(.text)
    USART_DataInvCmd                         0x08001a6d   Thumb Code    28  stm32f0xx_usart.o(.text)
    USART_InvPinCmd                          0x08001a89   Thumb Code    20  stm32f0xx_usart.o(.text)
    USART_SWAPPinCmd                         0x08001a9d   Thumb Code    28  stm32f0xx_usart.o(.text)
    USART_ReceiverTimeOutCmd                 0x08001ab9   Thumb Code    28  stm32f0xx_usart.o(.text)
    USART_SetReceiverTimeOut                 0x08001ad5   Thumb Code    16  stm32f0xx_usart.o(.text)
    USART_SetPrescaler                       0x08001ae5   Thumb Code    18  stm32f0xx_usart.o(.text)
    USART_STOPModeCmd                        0x08001af7   Thumb Code    24  stm32f0xx_usart.o(.text)
    USART_StopModeWakeUpSourceConfig         0x08001b0f   Thumb Code    18  stm32f0xx_usart.o(.text)
    USART_AutoBaudRateCmd                    0x08001b21   Thumb Code    28  stm32f0xx_usart.o(.text)
    USART_AutoBaudRateConfig                 0x08001b3d   Thumb Code    18  stm32f0xx_usart.o(.text)
    USART_SendData                           0x08001b4f   Thumb Code     8  stm32f0xx_usart.o(.text)
    USART_ReceiveData                        0x08001b57   Thumb Code    10  stm32f0xx_usart.o(.text)
    USART_SetAddress                         0x08001b61   Thumb Code    18  stm32f0xx_usart.o(.text)
    USART_MuteModeCmd                        0x08001b73   Thumb Code    28  stm32f0xx_usart.o(.text)
    USART_MuteModeWakeUpConfig               0x08001b8f   Thumb Code    18  stm32f0xx_usart.o(.text)
    USART_AddressDetectionConfig             0x08001ba1   Thumb Code    16  stm32f0xx_usart.o(.text)
    USART_LINBreakDetectLengthConfig         0x08001bb1   Thumb Code    16  stm32f0xx_usart.o(.text)
    USART_LINCmd                             0x08001bc1   Thumb Code    68  stm32f0xx_usart.o(.text)
    USART_HalfDuplexCmd                      0x08001c05   Thumb Code    24  stm32f0xx_usart.o(.text)
    USART_SetGuardTime                       0x08001c1d   Thumb Code    16  stm32f0xx_usart.o(.text)
    USART_SmartCardCmd                       0x08001c2d   Thumb Code    24  stm32f0xx_usart.o(.text)
    USART_SmartCardNACKCmd                   0x08001c45   Thumb Code    24  stm32f0xx_usart.o(.text)
    USART_SetAutoRetryCount                  0x08001c5d   Thumb Code    20  stm32f0xx_usart.o(.text)
    USART_SetBlockLength                     0x08001c71   Thumb Code    18  stm32f0xx_usart.o(.text)
    USART_IrDAConfig                         0x08001c83   Thumb Code    16  stm32f0xx_usart.o(.text)
    USART_IrDACmd                            0x08001c93   Thumb Code    24  stm32f0xx_usart.o(.text)
    USART_DECmd                              0x08001cab   Thumb Code    28  stm32f0xx_usart.o(.text)
    USART_DEPolarityConfig                   0x08001cc7   Thumb Code    18  stm32f0xx_usart.o(.text)
    USART_SetDEAssertionTime                 0x08001cd9   Thumb Code    20  stm32f0xx_usart.o(.text)
    USART_SetDEDeassertionTime               0x08001ced   Thumb Code    20  stm32f0xx_usart.o(.text)
    USART_DMACmd                             0x08001d01   Thumb Code    20  stm32f0xx_usart.o(.text)
    USART_DMAReceptionErrorConfig            0x08001d15   Thumb Code    18  stm32f0xx_usart.o(.text)
    USART_ITConfig                           0x08001d27   Thumb Code    66  stm32f0xx_usart.o(.text)
    USART_RequestCmd                         0x08001d69   Thumb Code    20  stm32f0xx_usart.o(.text)
    USART_OverrunDetectionConfig             0x08001d7d   Thumb Code    18  stm32f0xx_usart.o(.text)
    USART_GetFlagStatus                      0x08001d8f   Thumb Code    20  stm32f0xx_usart.o(.text)
    USART_ClearFlag                          0x08001da3   Thumb Code     4  stm32f0xx_usart.o(.text)
    USART_GetITStatus                        0x08001da7   Thumb Code    78  stm32f0xx_usart.o(.text)
    USART_ClearITPendingBit                  0x08001df5   Thumb Code    18  stm32f0xx_usart.o(.text)
    IWDG_WriteAccessCmd                      0x08001e09   Thumb Code     6  stm32f0xx_iwdg.o(.text)
    IWDG_SetPrescaler                        0x08001e0f   Thumb Code     6  stm32f0xx_iwdg.o(.text)
    IWDG_SetReload                           0x08001e15   Thumb Code     6  stm32f0xx_iwdg.o(.text)
    IWDG_ReloadCounter                       0x08001e1b   Thumb Code     8  stm32f0xx_iwdg.o(.text)
    IWDG_SetWindowValue                      0x08001e23   Thumb Code     6  stm32f0xx_iwdg.o(.text)
    IWDG_Enable                              0x08001e29   Thumb Code     8  stm32f0xx_iwdg.o(.text)
    IWDG_GetFlagStatus                       0x08001e31   Thumb Code    22  stm32f0xx_iwdg.o(.text)
    TIM_DeInit                               0x08001e55   Thumb Code   228  stm32f0xx_tim.o(.text)
    TIM_TimeBaseInit                         0x08001f39   Thumb Code    90  stm32f0xx_tim.o(.text)
    TIM_TimeBaseStructInit                   0x08001f93   Thumb Code    18  stm32f0xx_tim.o(.text)
    TIM_PrescalerConfig                      0x08001fa5   Thumb Code     6  stm32f0xx_tim.o(.text)
    TIM_CounterModeConfig                    0x08001fab   Thumb Code    20  stm32f0xx_tim.o(.text)
    TIM_SetCounter                           0x08001fbf   Thumb Code     4  stm32f0xx_tim.o(.text)
    TIM_SetAutoreload                        0x08001fc3   Thumb Code     4  stm32f0xx_tim.o(.text)
    TIM_GetCounter                           0x08001fc7   Thumb Code     6  stm32f0xx_tim.o(.text)
    TIM_GetPrescaler                         0x08001fcd   Thumb Code     6  stm32f0xx_tim.o(.text)
    TIM_UpdateDisableConfig                  0x08001fd3   Thumb Code    26  stm32f0xx_tim.o(.text)
    TIM_UpdateRequestConfig                  0x08001fed   Thumb Code    26  stm32f0xx_tim.o(.text)
    TIM_ARRPreloadConfig                     0x08002007   Thumb Code    26  stm32f0xx_tim.o(.text)
    TIM_SelectOnePulseMode                   0x08002021   Thumb Code    18  stm32f0xx_tim.o(.text)
    TIM_SetClockDivision                     0x08002033   Thumb Code    16  stm32f0xx_tim.o(.text)
    TIM_Cmd                                  0x08002043   Thumb Code    26  stm32f0xx_tim.o(.text)
    TIM_BDTRConfig                           0x0800205d   Thumb Code    32  stm32f0xx_tim.o(.text)
    TIM_BDTRStructInit                       0x0800207d   Thumb Code    18  stm32f0xx_tim.o(.text)
    TIM_CtrlPWMOutputs                       0x0800208f   Thumb Code    34  stm32f0xx_tim.o(.text)
    TIM_OC1Init                              0x080020b1   Thumb Code   122  stm32f0xx_tim.o(.text)
    TIM_OC2Init                              0x0800212b   Thumb Code   144  stm32f0xx_tim.o(.text)
    TIM_OC3Init                              0x080021bb   Thumb Code   190  stm32f0xx_tim.o(.text)
    TIM_OC4Init                              0x08002279   Thumb Code    88  stm32f0xx_tim.o(.text)
    TIM_OCStructInit                         0x080022d1   Thumb Code    20  stm32f0xx_tim.o(.text)
    TIM_SelectOCxM                           0x080022e5   Thumb Code    82  stm32f0xx_tim.o(.text)
    TIM_SetCompare1                          0x08002337   Thumb Code     4  stm32f0xx_tim.o(.text)
    TIM_SetCompare2                          0x0800233b   Thumb Code     4  stm32f0xx_tim.o(.text)
    TIM_SetCompare3                          0x0800233f   Thumb Code     4  stm32f0xx_tim.o(.text)
    TIM_SetCompare4                          0x08002343   Thumb Code     4  stm32f0xx_tim.o(.text)
    TIM_ForcedOC1Config                      0x08002347   Thumb Code    20  stm32f0xx_tim.o(.text)
    TIM_ForcedOC2Config                      0x0800235b   Thumb Code    20  stm32f0xx_tim.o(.text)
    TIM_ForcedOC3Config                      0x0800236f   Thumb Code    20  stm32f0xx_tim.o(.text)
    TIM_ForcedOC4Config                      0x08002383   Thumb Code    20  stm32f0xx_tim.o(.text)
    TIM_CCPreloadControl                     0x08002397   Thumb Code    26  stm32f0xx_tim.o(.text)
    TIM_OC1PreloadConfig                     0x080023b1   Thumb Code    22  stm32f0xx_tim.o(.text)
    TIM_OC2PreloadConfig                     0x080023c7   Thumb Code    20  stm32f0xx_tim.o(.text)
    TIM_OC3PreloadConfig                     0x080023db   Thumb Code    22  stm32f0xx_tim.o(.text)
    TIM_OC4PreloadConfig                     0x080023f1   Thumb Code    20  stm32f0xx_tim.o(.text)
    TIM_OC1FastConfig                        0x08002405   Thumb Code    22  stm32f0xx_tim.o(.text)
    TIM_OC2FastConfig                        0x0800241b   Thumb Code    20  stm32f0xx_tim.o(.text)
    TIM_OC3FastConfig                        0x0800242f   Thumb Code    22  stm32f0xx_tim.o(.text)
    TIM_OC4FastConfig                        0x08002445   Thumb Code    20  stm32f0xx_tim.o(.text)
    TIM_ClearOC1Ref                          0x08002459   Thumb Code    22  stm32f0xx_tim.o(.text)
    TIM_ClearOC2Ref                          0x0800246f   Thumb Code    20  stm32f0xx_tim.o(.text)
    TIM_ClearOC3Ref                          0x08002483   Thumb Code    22  stm32f0xx_tim.o(.text)
    TIM_ClearOC4Ref                          0x08002499   Thumb Code    20  stm32f0xx_tim.o(.text)
    TIM_OC1PolarityConfig                    0x080024ad   Thumb Code    22  stm32f0xx_tim.o(.text)
    TIM_OC1NPolarityConfig                   0x080024c3   Thumb Code    22  stm32f0xx_tim.o(.text)
    TIM_OC2PolarityConfig                    0x080024d9   Thumb Code    22  stm32f0xx_tim.o(.text)
    TIM_OC2NPolarityConfig                   0x080024ef   Thumb Code    22  stm32f0xx_tim.o(.text)
    TIM_OC3PolarityConfig                    0x08002505   Thumb Code    20  stm32f0xx_tim.o(.text)
    TIM_OC3NPolarityConfig                   0x08002519   Thumb Code    20  stm32f0xx_tim.o(.text)
    TIM_OC4PolarityConfig                    0x0800252d   Thumb Code    20  stm32f0xx_tim.o(.text)
    TIM_SelectOCREFClear                     0x08002541   Thumb Code    18  stm32f0xx_tim.o(.text)
    TIM_CCxCmd                               0x08002553   Thumb Code    30  stm32f0xx_tim.o(.text)
    TIM_CCxNCmd                              0x08002571   Thumb Code    30  stm32f0xx_tim.o(.text)
    TIM_SelectCOM                            0x0800258f   Thumb Code    26  stm32f0xx_tim.o(.text)
    TIM_SetIC4Prescaler                      0x080025a9   Thumb Code    20  stm32f0xx_tim.o(.text)
    TIM_SetIC3Prescaler                      0x080025ff   Thumb Code    18  stm32f0xx_tim.o(.text)
    TIM_SetIC2Prescaler                      0x08002653   Thumb Code    78  stm32f0xx_tim.o(.text)
    TIM_SetIC1Prescaler                      0x080026e3   Thumb Code    18  stm32f0xx_tim.o(.text)
    TIM_ICInit                               0x0800272b   Thumb Code   112  stm32f0xx_tim.o(.text)
    TIM_ICStructInit                         0x0800279b   Thumb Code    18  stm32f0xx_tim.o(.text)
    TIM_PWMIConfig                           0x080027ad   Thumb Code   124  stm32f0xx_tim.o(.text)
    TIM_GetCapture1                          0x08002829   Thumb Code     6  stm32f0xx_tim.o(.text)
    TIM_GetCapture2                          0x0800282f   Thumb Code     6  stm32f0xx_tim.o(.text)
    TIM_GetCapture3                          0x08002835   Thumb Code     6  stm32f0xx_tim.o(.text)
    TIM_GetCapture4                          0x0800283b   Thumb Code     6  stm32f0xx_tim.o(.text)
    TIM_ITConfig                             0x08002841   Thumb Code    20  stm32f0xx_tim.o(.text)
    TIM_GenerateEvent                        0x08002855   Thumb Code     4  stm32f0xx_tim.o(.text)
    TIM_GetFlagStatus                        0x08002859   Thumb Code    20  stm32f0xx_tim.o(.text)
    TIM_ClearFlag                            0x0800286d   Thumb Code     6  stm32f0xx_tim.o(.text)
    TIM_GetITStatus                          0x08002873   Thumb Code    38  stm32f0xx_tim.o(.text)
    TIM_ClearITPendingBit                    0x08002899   Thumb Code     6  stm32f0xx_tim.o(.text)
    TIM_DMAConfig                            0x0800289f   Thumb Code    12  stm32f0xx_tim.o(.text)
    TIM_DMACmd                               0x080028ab   Thumb Code    20  stm32f0xx_tim.o(.text)
    TIM_SelectCCDMA                          0x080028bf   Thumb Code    26  stm32f0xx_tim.o(.text)
    TIM_InternalClockConfig                  0x080028d9   Thumb Code    12  stm32f0xx_tim.o(.text)
    TIM_SelectInputTrigger                   0x080028e5   Thumb Code    22  stm32f0xx_tim.o(.text)
    TIM_ITRxExternalClockConfig              0x080028fb   Thumb Code    24  stm32f0xx_tim.o(.text)
    TIM_TIxExternalClockConfig               0x08002913   Thumb Code    58  stm32f0xx_tim.o(.text)
    TIM_ETRConfig                            0x0800294d   Thumb Code    24  stm32f0xx_tim.o(.text)
    TIM_ETRClockMode1Config                  0x08002965   Thumb Code    48  stm32f0xx_tim.o(.text)
    TIM_ETRClockMode2Config                  0x08002995   Thumb Code    34  stm32f0xx_tim.o(.text)
    TIM_SelectOutputTrigger                  0x080029b7   Thumb Code    18  stm32f0xx_tim.o(.text)
    TIM_SelectSlaveMode                      0x080029c9   Thumb Code    18  stm32f0xx_tim.o(.text)
    TIM_SelectMasterSlaveMode                0x080029db   Thumb Code    18  stm32f0xx_tim.o(.text)
    TIM_EncoderInterfaceConfig               0x080029ed   Thumb Code    60  stm32f0xx_tim.o(.text)
    TIM_SelectHallSensor                     0x08002a29   Thumb Code    26  stm32f0xx_tim.o(.text)
    TIM_RemapConfig                          0x08002a43   Thumb Code     6  stm32f0xx_tim.o(.text)
    __use_no_semihosting                     0x08002a55   Thumb Code     2  use_no_semi_2.o(.text)
    strstr                                   0x08002a57   Thumb Code    40  strstr.o(.text)
    strcpy                                   0x08002a81   Thumb Code    70  strcpy.o(.text)
    strcat                                   0x08002acd   Thumb Code    24  strcat.o(.text)
    __aeabi_memcpy                           0x08002ae5   Thumb Code   130  rt_memcpy.o(.text)
    __rt_memcpy                              0x08002ae5   Thumb Code     0  rt_memcpy.o(.text)
    _memset_w                                0x08002b67   Thumb Code    26  rt_memclr.o(.text)
    _memset                                  0x08002b81   Thumb Code    30  rt_memclr.o(.text)
    __aeabi_memclr                           0x08002b9f   Thumb Code     4  rt_memclr.o(.text)
    __rt_memclr                              0x08002b9f   Thumb Code     0  rt_memclr.o(.text)
    __aeabi_memclr4                          0x08002ba3   Thumb Code     0  rt_memclr.o(.text)
    __aeabi_memclr8                          0x08002ba3   Thumb Code     0  rt_memclr.o(.text)
    __rt_memclr_w                            0x08002ba3   Thumb Code     4  rt_memclr.o(.text)
    __aeabi_uidiv                            0x08002ba7   Thumb Code     0  aeabi_sdiv.o(.text)
    __aeabi_uidivmod                         0x08002ba7   Thumb Code    20  aeabi_sdiv.o(.text)
    __aeabi_idiv                             0x08002bbb   Thumb Code     0  aeabi_sdiv.o(.text)
    __aeabi_idivmod                          0x08002bbb   Thumb Code   326  aeabi_sdiv.o(.text)
    __use_two_region_memory                  0x08002d01   Thumb Code     2  heapauxi.o(.text)
    __rt_heap_escrow$2region                 0x08002d03   Thumb Code     2  heapauxi.o(.text)
    __rt_heap_expand$2region                 0x08002d05   Thumb Code     2  heapauxi.o(.text)
    __I$use$semihosting                      0x08002d07   Thumb Code     0  use_no_semi.o(.text)
    __use_no_semihosting_swi                 0x08002d07   Thumb Code     2  use_no_semi.o(.text)
    __user_setup_stackheap                   0x08002d09   Thumb Code    62  sys_stackheap_outer.o(.text)
    exit                                     0x08002d47   Thumb Code    16  exit.o(.text)
    __user_libspace                          0x08002d59   Thumb Code     8  libspace.o(.text)
    __user_perproc_libspace                  0x08002d59   Thumb Code     0  libspace.o(.text)
    __user_perthread_libspace                0x08002d59   Thumb Code     0  libspace.o(.text)
    Region$$Table$$Base                      0x08002d60   Number         0  anon$$obj.o(Region$$Table)
    Region$$Table$$Limit                     0x08002d80   Number         0  anon$$obj.o(Region$$Table)
    strx                                     0x20000000   Data           4  main.o(.data)
    stry                                     0x20000004   Data           4  main.o(.data)
    strz                                     0x20000008   Data           4  main.o(.data)
    front                                    0x2000000c   Data          16  main.o(.data)
    stra                                     0x2000001c   Data           4  main.o(.data)
    n                                        0x20000020   Data           4  main.o(.data)
    m                                        0x20000024   Data           4  main.o(.data)
    l                                        0x20000028   Data           4  main.o(.data)
    SystemCoreClock                          0x2000002c   Data           4  system_stm32f0xx.o(.data)
    AHBPrescTable                            0x20000030   Data          16  system_stm32f0xx.o(.data)
    __stdout                                 0x20000040   Data           4  usart1.o(.data)
    t                                        0x20000044   Data           4  usart1.o(.data)
    x                                        0x20000048   Data           4  usart1.o(.data)
    count                                    0x2000004c   Data           1  usart1.o(.data)
    ac                                       0x2000004d   Data           1  usart1.o(.data)
    wireless_rxbuff_count                    0x2000004e   Data           1  usart1.o(.data)
    num                                      0x20000050   Data           2  usart1.o(.data)
    Flame                                    0x20000068   Data         100  main.o(.bss)
    buff                                     0x200000cc   Data         100  main.o(.bss)
    z                                        0x20000130   Data         200  main.o(.bss)
    xinh                                     0x200001f8   Data         200  main.o(.bss)
    xinxinh                                  0x200002c0   Data         200  main.o(.bss)
    xinxinxinh                               0x20000388   Data          25  main.o(.bss)
    xinxinxinxinh                            0x200003a1   Data          25  main.o(.bss)
    addr                                     0x200003bc   Data         156  main.o(.bss)
    y                                        0x20000458   Data         200  usart1.o(.bss)
    h                                        0x20000520   Data         200  usart1.o(.bss)
    rxbuff1                                  0x200005e8   Data         200  usart1.o(.bss)
    rxbuff_485                               0x200006b0   Data         200  usart1.o(.bss)
    ReFlame_OneBak                           0x20000778   Data         200  usart1.o(.bss)
    wireless_rxbuff                          0x20000840   Data         200  usart1.o(.bss)
    RB                                       0x20000908   Data         200  usart1.o(.bss)
    __libspace_start                         0x200009d0   Data          96  libspace.o(.bss)
    __temporary_stack_top$libspace           0x20000a30   Data           0  libspace.o(.bss)



==============================================================================

Memory Map of the image

  Image Entry point : 0x0800073d

  Load Region LR_1 (Base: 0x08000000, Size: 0x00002de8, Max: 0xffffffff, ABSOLUTE)

    Execution Region ER_RO (Exec base: 0x08000000, Load base: 0x08000000, Size: 0x00002d80, Max: 0xffffffff, ABSOLUTE)

    Exec Addr    Load Addr    Size         Type   Attr      Idx    E Section Name        Object

    0x08000000   0x08000000   0x000000b8   Data   RO          129    RESET               startup_stm32f030xc.o
    0x080000b8   0x080000b8   0x00000008   Code   RO          607  * !!!main             c_p.l(__main.o)
    0x080000c0   0x080000c0   0x0000003c   Code   RO          774    !!!scatter          c_p.l(__scatter.o)
    0x080000fc   0x080000fc   0x0000001a   Code   RO          776    !!handler_copy      c_p.l(__scatter_copy.o)
    0x08000116   0x08000116   0x00000002   PAD
    0x08000118   0x08000118   0x0000001c   Code   RO          778    !!handler_zi        c_p.l(__scatter_zi.o)
    0x08000134   0x08000134   0x00000002   Code   RO          647    .ARM.Collect$$libinit$$00000000  c_p.l(libinit.o)
    0x08000136   0x08000136   0x00000000   Code   RO          661    .ARM.Collect$$libinit$$00000002  c_p.l(libinit2.o)
    0x08000136   0x08000136   0x00000000   Code   RO          663    .ARM.Collect$$libinit$$00000004  c_p.l(libinit2.o)
    0x08000136   0x08000136   0x00000000   Code   RO          666    .ARM.Collect$$libinit$$0000000A  c_p.l(libinit2.o)
    0x08000136   0x08000136   0x00000000   Code   RO          668    .ARM.Collect$$libinit$$0000000C  c_p.l(libinit2.o)
    0x08000136   0x08000136   0x00000000   Code   RO          670    .ARM.Collect$$libinit$$0000000E  c_p.l(libinit2.o)
    0x08000136   0x08000136   0x00000000   Code   RO          673    .ARM.Collect$$libinit$$00000011  c_p.l(libinit2.o)
    0x08000136   0x08000136   0x00000000   Code   RO          675    .ARM.Collect$$libinit$$00000013  c_p.l(libinit2.o)
    0x08000136   0x08000136   0x00000000   Code   RO          677    .ARM.Collect$$libinit$$00000015  c_p.l(libinit2.o)
    0x08000136   0x08000136   0x00000000   Code   RO          679    .ARM.Collect$$libinit$$00000017  c_p.l(libinit2.o)
    0x08000136   0x08000136   0x00000000   Code   RO          681    .ARM.Collect$$libinit$$00000019  c_p.l(libinit2.o)
    0x08000136   0x08000136   0x00000000   Code   RO          683    .ARM.Collect$$libinit$$0000001B  c_p.l(libinit2.o)
    0x08000136   0x08000136   0x00000000   Code   RO          685    .ARM.Collect$$libinit$$0000001D  c_p.l(libinit2.o)
    0x08000136   0x08000136   0x00000000   Code   RO          687    .ARM.Collect$$libinit$$0000001F  c_p.l(libinit2.o)
    0x08000136   0x08000136   0x00000000   Code   RO          689    .ARM.Collect$$libinit$$00000021  c_p.l(libinit2.o)
    0x08000136   0x08000136   0x00000000   Code   RO          691    .ARM.Collect$$libinit$$00000023  c_p.l(libinit2.o)
    0x08000136   0x08000136   0x00000000   Code   RO          693    .ARM.Collect$$libinit$$00000025  c_p.l(libinit2.o)
    0x08000136   0x08000136   0x00000000   Code   RO          697    .ARM.Collect$$libinit$$0000002C  c_p.l(libinit2.o)
    0x08000136   0x08000136   0x00000000   Code   RO          699    .ARM.Collect$$libinit$$0000002E  c_p.l(libinit2.o)
    0x08000136   0x08000136   0x00000000   Code   RO          701    .ARM.Collect$$libinit$$00000030  c_p.l(libinit2.o)
    0x08000136   0x08000136   0x00000000   Code   RO          703    .ARM.Collect$$libinit$$00000032  c_p.l(libinit2.o)
    0x08000136   0x08000136   0x00000002   Code   RO          704    .ARM.Collect$$libinit$$00000033  c_p.l(libinit2.o)
    0x08000138   0x08000138   0x00000002   Code   RO          730    .ARM.Collect$$libshutdown$$00000000  c_p.l(libshutdown.o)
    0x0800013a   0x0800013a   0x00000000   Code   RO          757    .ARM.Collect$$libshutdown$$00000002  c_p.l(libshutdown2.o)
    0x0800013a   0x0800013a   0x00000000   Code   RO          759    .ARM.Collect$$libshutdown$$00000004  c_p.l(libshutdown2.o)
    0x0800013a   0x0800013a   0x00000000   Code   RO          762    .ARM.Collect$$libshutdown$$00000007  c_p.l(libshutdown2.o)
    0x0800013a   0x0800013a   0x00000000   Code   RO          765    .ARM.Collect$$libshutdown$$0000000A  c_p.l(libshutdown2.o)
    0x0800013a   0x0800013a   0x00000000   Code   RO          767    .ARM.Collect$$libshutdown$$0000000C  c_p.l(libshutdown2.o)
    0x0800013a   0x0800013a   0x00000000   Code   RO          770    .ARM.Collect$$libshutdown$$0000000F  c_p.l(libshutdown2.o)
    0x0800013a   0x0800013a   0x00000002   Code   RO          771    .ARM.Collect$$libshutdown$$00000010  c_p.l(libshutdown2.o)
    0x0800013c   0x0800013c   0x00000000   Code   RO          611    .ARM.Collect$$rtentry$$00000000  c_p.l(__rtentry.o)
    0x0800013c   0x0800013c   0x00000000   Code   RO          617    .ARM.Collect$$rtentry$$00000002  c_p.l(__rtentry2.o)
    0x0800013c   0x0800013c   0x00000006   Code   RO          629    .ARM.Collect$$rtentry$$00000004  c_p.l(__rtentry4.o)
    0x08000142   0x08000142   0x00000000   Code   RO          619    .ARM.Collect$$rtentry$$00000009  c_p.l(__rtentry2.o)
    0x08000142   0x08000142   0x00000004   Code   RO          620    .ARM.Collect$$rtentry$$0000000A  c_p.l(__rtentry2.o)
    0x08000146   0x08000146   0x00000000   Code   RO          622    .ARM.Collect$$rtentry$$0000000C  c_p.l(__rtentry2.o)
    0x08000146   0x08000146   0x00000008   Code   RO          623    .ARM.Collect$$rtentry$$0000000D  c_p.l(__rtentry2.o)
    0x0800014e   0x0800014e   0x00000002   Code   RO          652    .ARM.Collect$$rtexit$$00000000  c_p.l(rtexit.o)
    0x08000150   0x08000150   0x00000000   Code   RO          706    .ARM.Collect$$rtexit$$00000002  c_p.l(rtexit2.o)
    0x08000150   0x08000150   0x00000004   Code   RO          707    .ARM.Collect$$rtexit$$00000003  c_p.l(rtexit2.o)
    0x08000154   0x08000154   0x00000006   Code   RO          708    .ARM.Collect$$rtexit$$00000004  c_p.l(rtexit2.o)
    0x0800015a   0x0800015a   0x00000002   PAD
    0x0800015c   0x0800015c   0x00000038   Code   RO          595    .emb_text           c_p.l(rt_memcpy.o)
    0x08000194   0x08000194   0x000003a8   Code   RO            2    .text               main.o
    0x0800053c   0x0800053c   0x00000008   Code   RO           83    .text               stm32f0xx_it.o
    0x08000544   0x08000544   0x000001f8   Code   RO          106    .text               system_stm32f0xx.o
    0x0800073c   0x0800073c   0x00000074   Code   RO          130  * .text               startup_stm32f030xc.o
    0x080007b0   0x080007b0   0x00000560   Code   RO          135    .text               usart1.o
    0x08000d10   0x08000d10   0x000000d4   Code   RO          188    .text               delay.o
    0x08000de4   0x08000de4   0x0000020c   Code   RO          206    .text               stm32f0xx_gpio.o
    0x08000ff0   0x08000ff0   0x00000750   Code   RO          222    .text               stm32f0xx_rcc.o
    0x08001740   0x08001740   0x000000b4   Code   RO          240    .text               stm32f0xx_misc.o
    0x080017f4   0x080017f4   0x00000612   Code   RO          256    .text               stm32f0xx_usart.o
    0x08001e06   0x08001e06   0x00000002   PAD
    0x08001e08   0x08001e08   0x0000004c   Code   RO          462    .text               stm32f0xx_iwdg.o
    0x08001e54   0x08001e54   0x00000c00   Code   RO          551    .text               stm32f0xx_tim.o
    0x08002a54   0x08002a54   0x00000002   Code   RO          587    .text               c_p.l(use_no_semi_2.o)
    0x08002a56   0x08002a56   0x00000028   Code   RO          589    .text               c_p.l(strstr.o)
    0x08002a7e   0x08002a7e   0x00000002   PAD
    0x08002a80   0x08002a80   0x0000004c   Code   RO          591    .text               c_p.l(strcpy.o)
    0x08002acc   0x08002acc   0x00000018   Code   RO          593    .text               c_p.l(strcat.o)
    0x08002ae4   0x08002ae4   0x00000082   Code   RO          596    .text               c_p.l(rt_memcpy.o)
    0x08002b66   0x08002b66   0x00000040   Code   RO          599    .text               c_p.l(rt_memclr.o)
    0x08002ba6   0x08002ba6   0x0000015a   Code   RO          601    .text               c_p.l(aeabi_sdiv.o)
    0x08002d00   0x08002d00   0x00000006   Code   RO          605    .text               c_p.l(heapauxi.o)
    0x08002d06   0x08002d06   0x00000002   Code   RO          609    .text               c_p.l(use_no_semi.o)
    0x08002d08   0x08002d08   0x0000003e   Code   RO          633    .text               c_p.l(sys_stackheap_outer.o)
    0x08002d46   0x08002d46   0x00000010   Code   RO          636    .text               c_p.l(exit.o)
    0x08002d56   0x08002d56   0x00000002   PAD
    0x08002d58   0x08002d58   0x00000008   Code   RO          648    .text               c_p.l(libspace.o)
    0x08002d60   0x08002d60   0x00000020   Data   RO          772    Region$$Table       anon$$obj.o


    Execution Region ER_RW (Exec base: 0x20000000, Load base: 0x08002d80, Size: 0x00000068, Max: 0xffffffff, ABSOLUTE)

    Exec Addr    Load Addr    Size         Type   Attr      Idx    E Section Name        Object

    0x20000000   0x08002d80   0x0000002c   Data   RW            4    .data               main.o
    0x2000002c   0x08002dac   0x00000014   Data   RW          107    .data               system_stm32f0xx.o
    0x20000040   0x08002dc0   0x00000012   Data   RW          137    .data               usart1.o
    0x20000052   0x08002dd2   0x00000004   Data   RW          189    .data               delay.o
    0x20000056   0x08002dd6   0x00000010   Data   RW          223    .data               stm32f0xx_rcc.o


    Execution Region ER_ZI (Exec base: 0x20000068, Load base: 0x08002de8, Size: 0x00000fc8, Max: 0xffffffff, ABSOLUTE)

    Exec Addr    Load Addr    Size         Type   Attr      Idx    E Section Name        Object

    0x20000068        -       0x000003f0   Zero   RW            3    .bss                main.o
    0x20000458        -       0x00000578   Zero   RW          136    .bss                usart1.o
    0x200009d0        -       0x00000060   Zero   RW          649    .bss                c_p.l(libspace.o)
    0x20000a30        -       0x00000200   Zero   RW          128    HEAP                startup_stm32f030xc.o
    0x20000c30        -       0x00000400   Zero   RW          127    STACK               startup_stm32f030xc.o


==============================================================================

Image component sizes


      Code (inc. data)   RO Data    RW Data    ZI Data      Debug   Object Name

       212         20          0          4          0        979   delay.o
       936        276          0         44       1008      35156   main.o
       116         56        184          0       1536        632   startup_stm32f030xc.o
       524         26          0          0          0       3697   stm32f0xx_gpio.o
         8          0          0          0          0        572   stm32f0xx_it.o
        76         14          0          0          0       1409   stm32f0xx_iwdg.o
       180         14          0          0          0       1296   stm32f0xx_misc.o
      1872         52          0         16          0       9112   stm32f0xx_rcc.o
      3072        136          0          0          0      22877   stm32f0xx_tim.o
      1554         40          0          0          0      11942   stm32f0xx_usart.o
       504         34          0         20          0       1547   system_stm32f0xx.o
      1376        120          0         18       1400     184837   usart1.o

    ----------------------------------------------------------------------
     10432        788        216        104       3944     274056   Object Totals
         0          0         32          0          0          0   (incl. Generated)
         2          0          0          2          0          0   (incl. Padding)

    ----------------------------------------------------------------------

      Code (inc. data)   RO Data    RW Data    ZI Data      Debug   Library Member Name

         8          0          0          0          0         68   __main.o
         0          0          0          0          0          0   __rtentry.o
        12          0          0          0          0          0   __rtentry2.o
         6          0          0          0          0          0   __rtentry4.o
        60          8          0          0          0          0   __scatter.o
        26          0          0          0          0          0   __scatter_copy.o
        28          0          0          0          0          0   __scatter_zi.o
       346          0          0          0          0         92   aeabi_sdiv.o
        16          0          0          0          0         68   exit.o
         6          0          0          0          0        136   heapauxi.o
         2          0          0          0          0          0   libinit.o
         2          0          0          0          0          0   libinit2.o
         2          0          0          0          0          0   libshutdown.o
         2          0          0          0          0          0   libshutdown2.o
         8          4          0          0         96         68   libspace.o
        64          0          0          0          0        108   rt_memclr.o
       186          0          0          0          0        144   rt_memcpy.o
         2          0          0          0          0          0   rtexit.o
        10          0          0          0          0          0   rtexit2.o
        24          0          0          0          0         60   strcat.o
        76          6          0          0          0         72   strcpy.o
        40          0          0          0          0         72   strstr.o
        62          0          0          0          0         80   sys_stackheap_outer.o
         2          0          0          0          0         68   use_no_semi.o
         2          0          0          0          0         68   use_no_semi_2.o

    ----------------------------------------------------------------------
      1000         18          0          0         96       1104   Library Totals
         8          0          0          0          0          0   (incl. Padding)

    ----------------------------------------------------------------------

      Code (inc. data)   RO Data    RW Data    ZI Data      Debug   Library Name

       992         18          0          0         96       1104   c_p.l

    ----------------------------------------------------------------------
      1000         18          0          0         96       1104   Library Totals

    ----------------------------------------------------------------------

==============================================================================


      Code (inc. data)   RO Data    RW Data    ZI Data      Debug   

     11432        806        216        104       4040     273944   Grand Totals
     11432        806        216        104       4040     273944   ELF Image Totals
     11432        806        216        104          0          0   ROM Totals

==============================================================================

    Total RO  Size (Code + RO Data)                11648 (  11.38kB)
    Total RW  Size (RW Data + ZI Data)              4144 (   4.05kB)
    Total ROM Size (Code + RO Data + RW Data)      11752 (  11.48kB)

==============================================================================

